Archive member included to satisfy reference by file (symbol)

/home/pi/stm32/arm-gnu-toolchain-15.2.rel1-aarch64-arm-none-eabi/bin/../lib/gcc/arm-none-eabi/15.2.1/../../../../arm-none-eabi/lib/thumb/v7-m/nofp/libg_nano.a(libc_a-exit.o)
                              /home/pi/stm32/arm-gnu-toolchain-15.2.rel1-aarch64-arm-none-eabi/bin/../lib/gcc/arm-none-eabi/15.2.1/../../../../arm-none-eabi/lib/thumb/v7-m/nofp/crt0.o (exit)
/home/pi/stm32/arm-gnu-toolchain-15.2.rel1-aarch64-arm-none-eabi/bin/../lib/gcc/arm-none-eabi/15.2.1/../../../../arm-none-eabi/lib/thumb/v7-m/nofp/libg_nano.a(libc_a-nano-vfprintf_float.o)
                              (_printf_float)
/home/pi/stm32/arm-gnu-toolchain-15.2.rel1-aarch64-arm-none-eabi/bin/../lib/gcc/arm-none-eabi/15.2.1/../../../../arm-none-eabi/lib/thumb/v7-m/nofp/libg_nano.a(libc_a-nano-vfprintf_i.o)
                              /home/pi/stm32/arm-gnu-toolchain-15.2.rel1-aarch64-arm-none-eabi/bin/../lib/gcc/arm-none-eabi/15.2.1/../../../../arm-none-eabi/lib/thumb/v7-m/nofp/libg_nano.a(libc_a-nano-vfprintf_float.o) (_printf_common)
/home/pi/stm32/arm-gnu-toolchain-15.2.rel1-aarch64-arm-none-eabi/bin/../lib/gcc/arm-none-eabi/15.2.1/../../../../arm-none-eabi/lib/thumb/v7-m/nofp/libg_nano.a(libc_a-findfp.o)
                              /home/pi/stm32/arm-gnu-toolchain-15.2.rel1-aarch64-arm-none-eabi/bin/../lib/gcc/arm-none-eabi/15.2.1/../../../../arm-none-eabi/lib/thumb/v7-m/nofp/libg_nano.a(libc_a-exit.o) (__stdio_exit_handler)
/home/pi/stm32/arm-gnu-toolchain-15.2.rel1-aarch64-arm-none-eabi/bin/../lib/gcc/arm-none-eabi/15.2.1/../../../../arm-none-eabi/lib/thumb/v7-m/nofp/libg_nano.a(libc_a-fwalk.o)
                              /home/pi/stm32/arm-gnu-toolchain-15.2.rel1-aarch64-arm-none-eabi/bin/../lib/gcc/arm-none-eabi/15.2.1/../../../../arm-none-eabi/lib/thumb/v7-m/nofp/libg_nano.a(libc_a-findfp.o) (_fwalk_sglue)
/home/pi/stm32/arm-gnu-toolchain-15.2.rel1-aarch64-arm-none-eabi/bin/../lib/gcc/arm-none-eabi/15.2.1/../../../../arm-none-eabi/lib/thumb/v7-m/nofp/libg_nano.a(libc_a-puts.o)
                              CMakeFiles/main.elf.dir/Core/main.c.o (puts)
/home/pi/stm32/arm-gnu-toolchain-15.2.rel1-aarch64-arm-none-eabi/bin/../lib/gcc/arm-none-eabi/15.2.1/../../../../arm-none-eabi/lib/thumb/v7-m/nofp/libg_nano.a(libc_a-stdio.o)
                              /home/pi/stm32/arm-gnu-toolchain-15.2.rel1-aarch64-arm-none-eabi/bin/../lib/gcc/arm-none-eabi/15.2.1/../../../../arm-none-eabi/lib/thumb/v7-m/nofp/libg_nano.a(libc_a-findfp.o) (__sread)
/home/pi/stm32/arm-gnu-toolchain-15.2.rel1-aarch64-arm-none-eabi/bin/../lib/gcc/arm-none-eabi/15.2.1/../../../../arm-none-eabi/lib/thumb/v7-m/nofp/libg_nano.a(libc_a-wbuf.o)
                              /home/pi/stm32/arm-gnu-toolchain-15.2.rel1-aarch64-arm-none-eabi/bin/../lib/gcc/arm-none-eabi/15.2.1/../../../../arm-none-eabi/lib/thumb/v7-m/nofp/libg_nano.a(libc_a-puts.o) (__swbuf_r)
/home/pi/stm32/arm-gnu-toolchain-15.2.rel1-aarch64-arm-none-eabi/bin/../lib/gcc/arm-none-eabi/15.2.1/../../../../arm-none-eabi/lib/thumb/v7-m/nofp/libg_nano.a(libc_a-wsetup.o)
                              /home/pi/stm32/arm-gnu-toolchain-15.2.rel1-aarch64-arm-none-eabi/bin/../lib/gcc/arm-none-eabi/15.2.1/../../../../arm-none-eabi/lib/thumb/v7-m/nofp/libg_nano.a(libc_a-puts.o) (__swsetup_r)
/home/pi/stm32/arm-gnu-toolchain-15.2.rel1-aarch64-arm-none-eabi/bin/../lib/gcc/arm-none-eabi/15.2.1/../../../../arm-none-eabi/lib/thumb/v7-m/nofp/libg_nano.a(libc_a-memset.o)
                              /home/pi/stm32/arm-gnu-toolchain-15.2.rel1-aarch64-arm-none-eabi/bin/../lib/gcc/arm-none-eabi/15.2.1/../../../../arm-none-eabi/lib/thumb/v7-m/nofp/crt0.o (memset)
/home/pi/stm32/arm-gnu-toolchain-15.2.rel1-aarch64-arm-none-eabi/bin/../lib/gcc/arm-none-eabi/15.2.1/../../../../arm-none-eabi/lib/thumb/v7-m/nofp/libg_nano.a(libc_a-localeconv.o)
                              /home/pi/stm32/arm-gnu-toolchain-15.2.rel1-aarch64-arm-none-eabi/bin/../lib/gcc/arm-none-eabi/15.2.1/../../../../arm-none-eabi/lib/thumb/v7-m/nofp/libg_nano.a(libc_a-nano-vfprintf_float.o) (_localeconv_r)
/home/pi/stm32/arm-gnu-toolchain-15.2.rel1-aarch64-arm-none-eabi/bin/../lib/gcc/arm-none-eabi/15.2.1/../../../../arm-none-eabi/lib/thumb/v7-m/nofp/libg_nano.a(libc_a-closer.o)
                              /home/pi/stm32/arm-gnu-toolchain-15.2.rel1-aarch64-arm-none-eabi/bin/../lib/gcc/arm-none-eabi/15.2.1/../../../../arm-none-eabi/lib/thumb/v7-m/nofp/libg_nano.a(libc_a-stdio.o) (_close_r)
/home/pi/stm32/arm-gnu-toolchain-15.2.rel1-aarch64-arm-none-eabi/bin/../lib/gcc/arm-none-eabi/15.2.1/../../../../arm-none-eabi/lib/thumb/v7-m/nofp/libg_nano.a(libc_a-reent.o)
                              /home/pi/stm32/arm-gnu-toolchain-15.2.rel1-aarch64-arm-none-eabi/bin/../lib/gcc/arm-none-eabi/15.2.1/../../../../arm-none-eabi/lib/thumb/v7-m/nofp/libg_nano.a(libc_a-closer.o) (errno)
[...]
Memory Configuration

Name             Origin             Length             Attributes
FLASH            0x08000000         0x00020000         xr
RAM              0x20000000         0x00005000         xrw
*default*        0x00000000         0xffffffff

Linker script and memory map

LOAD /home/pi/stm32/arm-gnu-toolchain-15.2.rel1-aarch64-arm-none-eabi/bin/../lib/gcc/arm-none-eabi/15.2.1/thumb/v7-m/nofp/crti.o
LOAD /home/pi/stm32/arm-gnu-toolchain-15.2.rel1-aarch64-arm-none-eabi/bin/../lib/gcc/arm-none-eabi/15.2.1/thumb/v7-m/nofp/crtbegin.o
LOAD /home/pi/stm32/arm-gnu-toolchain-15.2.rel1-aarch64-arm-none-eabi/bin/../lib/gcc/arm-none-eabi/15.2.1/../../../../arm-none-eabi/lib/thumb/v7-m/nofp/crt0.o
LOAD CMakeFiles/main.elf.dir/startup/startup_stm32f103xb.s.o
LOAD CMakeFiles/main.elf.dir/Core/system_stm32f1xx.c.o
LOAD CMakeFiles/main.elf.dir/home/pi/stm32/STM32CubeF1/Drivers/STM32F1xx_HAL_Driver/Src/stm32f1xx_hal.c.o
LOAD CMakeFiles/main.elf.dir/home/pi/stm32/STM32CubeF1/Drivers/STM32F1xx_HAL_Driver/Src/stm32f1xx_hal_cortex.c.o
LOAD CMakeFiles/main.elf.dir/home/pi/stm32/STM32CubeF1/Drivers/STM32F1xx_HAL_Driver/Src/stm32f1xx_hal_gpio.c.o
LOAD CMakeFiles/main.elf.dir/home/pi/stm32/STM32CubeF1/Drivers/STM32F1xx_HAL_Driver/Src/stm32f1xx_hal_rcc.c.o
LOAD CMakeFiles/main.elf.dir/home/pi/stm32/STM32CubeF1/Drivers/STM32F1xx_HAL_Driver/Src/stm32f1xx_hal_flash.c.o
LOAD CMakeFiles/main.elf.dir/home/pi/stm32/STM32CubeF1/Drivers/STM32F1xx_HAL_Driver/Src/stm32f1xx_hal_exti.c.o
LOAD CMakeFiles/main.elf.dir/home/pi/stm32/STM32CubeF1/Drivers/STM32F1xx_HAL_Driver/Src/stm32f1xx_hal_dma.c.o
LOAD CMakeFiles/main.elf.dir/home/pi/stm32/STM32CubeF1/Drivers/STM32F1xx_HAL_Driver/Src/stm32f1xx_hal_uart.c.o
LOAD CMakeFiles/main.elf.dir/Core/main.c.o
LOAD CMakeFiles/main.elf.dir/Core/stm32f1xx_it.c.o
LOAD CMakeFiles/main.elf.dir/Core/hardware/App_Encoder.c.o
LOAD CMakeFiles/main.elf.dir/Core/hardware/App_Uart2.c.o
START GROUP
LOAD /home/pi/stm32/arm-gnu-toolchain-15.2.rel1-aarch64-arm-none-eabi/bin/../lib/gcc/arm-none-eabi/15.2.1/thumb/v7-m/nofp/libgcc.a
LOAD /home/pi/stm32/arm-gnu-toolchain-15.2.rel1-aarch64-arm-none-eabi/bin/../lib/gcc/arm-none-eabi/15.2.1/../../../../arm-none-eabi/lib/thumb/v7-m/nofp/libg_nano.a
LOAD /home/pi/stm32/arm-gnu-toolchain-15.2.rel1-aarch64-arm-none-eabi/bin/../lib/gcc/arm-none-eabi/15.2.1/../../../../arm-none-eabi/lib/thumb/v7-m/nofp/libc_nano.a
END GROUP
START GROUP
LOAD /home/pi/stm32/arm-gnu-toolchain-15.2.rel1-aarch64-arm-none-eabi/bin/../lib/gcc/arm-none-eabi/15.2.1/thumb/v7-m/nofp/libgcc.a
LOAD /home/pi/stm32/arm-gnu-toolchain-15.2.rel1-aarch64-arm-none-eabi/bin/../lib/gcc/arm-none-eabi/15.2.1/../../../../arm-none-eabi/lib/thumb/v7-m/nofp/libc_nano.a
LOAD /home/pi/stm32/arm-gnu-toolchain-15.2.rel1-aarch64-arm-none-eabi/bin/../lib/gcc/arm-none-eabi/15.2.1/../../../../arm-none-eabi/lib/thumb/v7-m/nofp/libnosys.a
END GROUP
START GROUP
LOAD /home/pi/stm32/arm-gnu-toolchain-15.2.rel1-aarch64-arm-none-eabi/bin/../lib/gcc/arm-none-eabi/15.2.1/thumb/v7-m/nofp/libgcc.a
LOAD /home/pi/stm32/arm-gnu-toolchain-15.2.rel1-aarch64-arm-none-eabi/bin/../lib/gcc/arm-none-eabi/15.2.1/../../../../arm-none-eabi/lib/thumb/v7-m/nofp/libc_nano.a
LOAD /home/pi/stm32/arm-gnu-toolchain-15.2.rel1-aarch64-arm-none-eabi/bin/../lib/gcc/arm-none-eabi/15.2.1/../../../../arm-none-eabi/lib/thumb/v7-m/nofp/libnosys.a
END GROUP
LOAD /home/pi/stm32/arm-gnu-toolchain-15.2.rel1-aarch64-arm-none-eabi/bin/../lib/gcc/arm-none-eabi/15.2.1/thumb/v7-m/nofp/crtend.o
LOAD /home/pi/stm32/arm-gnu-toolchain-15.2.rel1-aarch64-arm-none-eabi/bin/../lib/gcc/arm-none-eabi/15.2.1/thumb/v7-m/nofp/crtn.o
                0x20004fff                        _estack = 0x20004fff
                0x00000200                        _Min_Heap_Size = 0x200
                0x00000400                        _Min_Stack_Size = 0x400

.isr_vector     0x08000000      0x10c
                0x08000000                        . = ALIGN (0x4)
 *(.isr_vector)
 .isr_vector    0x08000000      0x10c CMakeFiles/main.elf.dir/startup/startup_stm32f103xb.s.o
                0x08000000                g_pfnVectors
                0x0800010c                        . = ALIGN (0x4)

.text           0x08000110     0x491c
                0x08000110                        . = ALIGN (0x4)
 *(.text)
 .text          0x08000110       0x10 /home/pi/stm32/arm-gnu-toolchain-15.2.rel1-aarch64-arm-none-eabi/bin/../lib/gcc/arm-none-eabi/15.2.1/../../../../arm-none-eabi/lib/thumb/v7-m/nofp/libg_nano.a(libc_a-strlen.o)
                0x08000110                strlen
 .text          0x08000120      0x378 /home/pi/stm32/arm-gnu-toolchain-15.2.rel1-aarch64-arm-none-eabi/bin/../lib/gcc/arm-none-eabi/15.2.1/thumb/v7-m/nofp/libgcc.a(_arm_addsubdf3.o)
                0x08000120                __aeabi_drsub
                0x08000128                __aeabi_dsub
                0x08000128                __subdf3
                0x0800012c                __adddf3
                0x0800012c                __aeabi_dadd
                0x080003a4                __aeabi_ui2d
                0x080003a4                __floatunsidf
                0x080003c4                __floatsidf
                0x080003c4                __aeabi_i2d
                0x080003e8                __extendsfdf2
                0x080003e8                __aeabi_f2d
                0x0800042c                __aeabi_ul2d
                0x0800042c                __floatundidf
                0x0800043c                __floatdidf
                0x0800043c                __aeabi_l2d
 .text          0x08000498      0x424 /home/pi/stm32/arm-gnu-toolchain-15.2.rel1-aarch64-arm-none-eabi/bin/../lib/gcc/arm-none-eabi/15.2.1/thumb/v7-m/nofp/libgcc.a(_arm_muldivdf3.o)
                0x08000498                __aeabi_dmul
                0x08000498                __muldf3
                0x080006ec                __aeabi_ddiv
                0x080006ec                __divdf3
 .text          0x080008bc      0x110 /home/pi/stm32/arm-gnu-toolchain-15.2.rel1-aarch64-arm-none-eabi/bin/../lib/gcc/arm-none-eabi/15.2.1/thumb/v7-m/nofp/libgcc.a(_arm_cmpdf2.o)
                0x080008bc                __gtdf2
                0x080008bc                __gedf2
                0x080008c4                __ltdf2
                0x080008c4                __ledf2
                0x080008cc                __cmpdf2
                0x080008cc                __eqdf2
                0x080008cc                __nedf2
                0x08000948                __aeabi_cdrcmple
                0x08000958                __aeabi_cdcmple
                0x08000958                __aeabi_cdcmpeq
                0x08000968                __aeabi_dcmpeq
                0x0800097c                __aeabi_dcmplt
                0x08000990                __aeabi_dcmple
                0x080009a4                __aeabi_dcmpge
                0x080009b8                __aeabi_dcmpgt
 .text          0x080009cc       0x2c /home/pi/stm32/arm-gnu-toolchain-15.2.rel1-aarch64-arm-none-eabi/bin/../lib/gcc/arm-none-eabi/15.2.1/thumb/v7-m/nofp/libgcc.a(_arm_unorddf2.o)
                0x080009cc                __aeabi_dcmpun
                0x080009cc                __unorddf2
 .text          0x080009f8       0x50 /home/pi/stm32/arm-gnu-toolchain-15.2.rel1-aarch64-arm-none-eabi/bin/../lib/gcc/arm-none-eabi/15.2.1/thumb/v7-m/nofp/libgcc.a(_arm_fixdfsi.o)
                0x080009f8                __fixdfsi
                0x080009f8                __aeabi_d2iz
 *(.text*)
 .text.deregister_tm_clones
                0x08000a48       0x1c /home/pi/stm32/arm-gnu-toolchain-15.2.rel1-aarch64-arm-none-eabi/bin/../lib/gcc/arm-none-eabi/15.2.1/thumb/v7-m/nofp/crtbegin.o
 .text.register_tm_clones
                0x08000a64       0x24 /home/pi/stm32/arm-gnu-toolchain-15.2.rel1-aarch64-arm-none-eabi/bin/../lib/gcc/arm-none-eabi/15.2.1/thumb/v7-m/nofp/crtbegin.o
 .text.__do_global_dtors_aux
                0x08000a88       0x28 /home/pi/stm32/arm-gnu-toolchain-15.2.rel1-aarch64-arm-none-eabi/bin/../lib/gcc/arm-none-eabi/15.2.1/thumb/v7-m/nofp/crtbegin.o
 .text.frame_dummy
                0x08000ab0       0x24 /home/pi/stm32/arm-gnu-toolchain-15.2.rel1-aarch64-arm-none-eabi/bin/../lib/gcc/arm-none-eabi/15.2.1/thumb/v7-m/nofp/crtbegin.o
 .text.Reset_Handler
                0x08000ad4       0x48 CMakeFiles/main.elf.dir/startup/startup_stm32f103xb.s.o
                0x08000ad4                Reset_Handler
 .text.Default_Handler
                0x08000b1c        0x2 CMakeFiles/main.elf.dir/startup/startup_stm32f103xb.s.o
                0x08000b1c                RTC_Alarm_IRQHandler
                0x08000b1c                EXTI2_IRQHandler
                0x08000b1c                TIM1_CC_IRQHandler
                0x08000b1c                PVD_IRQHandler
                0x08000b1c                EXTI0_IRQHandler
                0x08000b1c                I2C2_EV_IRQHandler
                0x08000b1c                ADC1_2_IRQHandler
                0x08000b1c                SPI1_IRQHandler
                0x08000b1c                TAMPER_IRQHandler
                0x08000b1c                DMA1_Channel4_IRQHandler
                0x08000b1c                USART3_IRQHandler
                0x08000b1c                RTC_IRQHandler
                0x08000b1c                DMA1_Channel7_IRQHandler
                0x08000b1c                CAN1_RX1_IRQHandler
                0x08000b1c                TIM4_IRQHandler
                0x08000b1c                I2C1_EV_IRQHandler
                0x08000b1c                DMA1_Channel6_IRQHandler
                0x08000b1c                TIM3_IRQHandler
                0x08000b1c                RCC_IRQHandler
                0x08000b1c                TIM1_TRG_COM_IRQHandler
                0x08000b1c                DMA1_Channel1_IRQHandler
                0x08000b1c                Default_Handler
                0x08000b1c                EXTI9_5_IRQHandler
                0x08000b1c                SPI2_IRQHandler
                0x08000b1c                DMA1_Channel5_IRQHandler
                0x08000b1c                EXTI4_IRQHandler
                0x08000b1c                USB_LP_CAN1_RX0_IRQHandler
                0x08000b1c                USB_HP_CAN1_TX_IRQHandler
                0x08000b1c                DMA1_Channel3_IRQHandler
                0x08000b1c                TIM1_UP_IRQHandler
                0x08000b1c                WWDG_IRQHandler
                0x08000b1c                TIM2_IRQHandler
                0x08000b1c                TIM1_BRK_IRQHandler
                0x08000b1c                EXTI1_IRQHandler
                0x08000b1c                I2C2_ER_IRQHandler
                0x08000b1c                DMA1_Channel2_IRQHandler
                0x08000b1c                CAN1_SCE_IRQHandler
                0x08000b1c                FLASH_IRQHandler
                0x08000b1c                USART1_IRQHandler
                0x08000b1c                I2C1_ER_IRQHandler
                0x08000b1c                USBWakeUp_IRQHandler
 .text.SystemInit
                0x08000b1e        0x2 CMakeFiles/main.elf.dir/Core/system_stm32f1xx.c.o
                0x08000b1e                SystemInit
 .text.HAL_MspInit
                0x08000b20        0x2 CMakeFiles/main.elf.dir/home/pi/stm32/STM32CubeF1/Drivers/STM32F1xx_HAL_Driver/Src/stm32f1xx_hal.c.o
                0x08000b20                HAL_MspInit
 *fill*         0x08000b22        0x2 
 .text.HAL_InitTick
                0x08000b24       0x48 CMakeFiles/main.elf.dir/home/pi/stm32/STM32CubeF1/Drivers/STM32F1xx_HAL_Driver/Src/stm32f1xx_hal.c.o
                0x08000b24                HAL_InitTick
 .text.HAL_Init
                0x08000b6c       0x24 CMakeFiles/main.elf.dir/home/pi/stm32/STM32CubeF1/Drivers/STM32F1xx_HAL_Driver/Src/stm32f1xx_hal.c.o
                0x08000b6c                HAL_Init
 .text.HAL_IncTick
                0x08000b90       0x18 CMakeFiles/main.elf.dir/home/pi/stm32/STM32CubeF1/Drivers/STM32F1xx_HAL_Driver/Src/stm32f1xx_hal.c.o
                0x08000b90                HAL_IncTick
 .text.HAL_GetTick
                0x08000ba8        0xc CMakeFiles/main.elf.dir/home/pi/stm32/STM32CubeF1/Drivers/STM32F1xx_HAL_Driver/Src/stm32f1xx_hal.c.o
                0x08000ba8                HAL_GetTick
 .text.HAL_Delay
                0x08000bb4       0x24 CMakeFiles/main.elf.dir/home/pi/stm32/STM32CubeF1/Drivers/STM32F1xx_HAL_Driver/Src/stm32f1xx_hal.c.o
                0x08000bb4                HAL_Delay
 .text.HAL_NVIC_SetPriorityGrouping
                0x08000bd8       0x24 CMakeFiles/main.elf.dir/home/pi/stm32/STM32CubeF1/Drivers/STM32F1xx_HAL_Driver/Src/stm32f1xx_hal_cortex.c.o
                0x08000bd8                HAL_NVIC_SetPriorityGrouping
 .text.HAL_NVIC_SetPriority
                0x08000bfc       0x5c CMakeFiles/main.elf.dir/home/pi/stm32/STM32CubeF1/Drivers/STM32F1xx_HAL_Driver/Src/stm32f1xx_hal_cortex.c.o
                0x08000bfc                HAL_NVIC_SetPriority
 .text.HAL_NVIC_EnableIRQ
                0x08000c58       0x1c CMakeFiles/main.elf.dir/home/pi/stm32/STM32CubeF1/Drivers/STM32F1xx_HAL_Driver/Src/stm32f1xx_hal_cortex.c.o
                0x08000c58                HAL_NVIC_EnableIRQ
 .text.HAL_SYSTICK_Config
                0x08000c74       0x28 CMakeFiles/main.elf.dir/home/pi/stm32/STM32CubeF1/Drivers/STM32F1xx_HAL_Driver/Src/stm32f1xx_hal_cortex.c.o
                0x08000c74                HAL_SYSTICK_Config
 .text.HAL_GPIO_Init
                0x08000c9c      0x1a8 CMakeFiles/main.elf.dir/home/pi/stm32/STM32CubeF1/Drivers/STM32F1xx_HAL_Driver/Src/stm32f1xx_hal_gpio.c.o
                0x08000c9c                HAL_GPIO_Init
 .text.HAL_GPIO_ReadPin
                0x08000e44        0xc CMakeFiles/main.elf.dir/home/pi/stm32/STM32CubeF1/Drivers/STM32F1xx_HAL_Driver/Src/stm32f1xx_hal_gpio.c.o
                0x08000e44                HAL_GPIO_ReadPin
 .text.HAL_GPIO_TogglePin
                0x08000e50       0x12 CMakeFiles/main.elf.dir/home/pi/stm32/STM32CubeF1/Drivers/STM32F1xx_HAL_Driver/Src/stm32f1xx_hal_gpio.c.o
                0x08000e50                HAL_GPIO_TogglePin
 *fill*         0x08000e62        0x2 
 .text.HAL_RCC_OscConfig
                0x08000e64      0x33c CMakeFiles/main.elf.dir/home/pi/stm32/STM32CubeF1/Drivers/STM32F1xx_HAL_Driver/Src/stm32f1xx_hal_rcc.c.o
                0x08000e64                HAL_RCC_OscConfig
 .text.HAL_RCC_GetSysClockFreq
                0x080011a0       0x4c CMakeFiles/main.elf.dir/home/pi/stm32/STM32CubeF1/Drivers/STM32F1xx_HAL_Driver/Src/stm32f1xx_hal_rcc.c.o
                0x080011a0                HAL_RCC_GetSysClockFreq
 .text.HAL_RCC_ClockConfig
                0x080011ec      0x138 CMakeFiles/main.elf.dir/home/pi/stm32/STM32CubeF1/Drivers/STM32F1xx_HAL_Driver/Src/stm32f1xx_hal_rcc.c.o
                0x080011ec                HAL_RCC_ClockConfig
 .text.HAL_RCC_GetPCLK1Freq
                0x08001324       0x20 CMakeFiles/main.elf.dir/home/pi/stm32/STM32CubeF1/Drivers/STM32F1xx_HAL_Driver/Src/stm32f1xx_hal_rcc.c.o
                0x08001324                HAL_RCC_GetPCLK1Freq
 .text.HAL_RCC_GetPCLK2Freq
                0x08001344       0x20 CMakeFiles/main.elf.dir/home/pi/stm32/STM32CubeF1/Drivers/STM32F1xx_HAL_Driver/Src/stm32f1xx_hal_rcc.c.o
                0x08001344                HAL_RCC_GetPCLK2Freq
 .text.HAL_EXTI_SetConfigLine
                0x08001364       0x94 CMakeFiles/main.elf.dir/home/pi/stm32/STM32CubeF1/Drivers/STM32F1xx_HAL_Driver/Src/stm32f1xx_hal_exti.c.o
                0x08001364                HAL_EXTI_SetConfigLine
 .text.HAL_EXTI_GetPending
                0x080013f8       0x1c CMakeFiles/main.elf.dir/home/pi/stm32/STM32CubeF1/Drivers/STM32F1xx_HAL_Driver/Src/stm32f1xx_hal_exti.c.o
                0x080013f8                HAL_EXTI_GetPending
 .text.HAL_EXTI_ClearPending
                0x08001414       0x14 CMakeFiles/main.elf.dir/home/pi/stm32/STM32CubeF1/Drivers/STM32F1xx_HAL_Driver/Src/stm32f1xx_hal_exti.c.o
                0x08001414                HAL_EXTI_ClearPending
 .text.HAL_DMA_Init
                0x08001428       0x60 CMakeFiles/main.elf.dir/home/pi/stm32/STM32CubeF1/Drivers/STM32F1xx_HAL_Driver/Src/stm32f1xx_hal_dma.c.o
                0x08001428                HAL_DMA_Init
 .text.HAL_DMA_Abort
                0x08001488       0x3e CMakeFiles/main.elf.dir/home/pi/stm32/STM32CubeF1/Drivers/STM32F1xx_HAL_Driver/Src/stm32f1xx_hal_dma.c.o
                0x08001488                HAL_DMA_Abort
 *fill*         0x080014c6        0x2 
 .text.HAL_DMA_Abort_IT
                0x080014c8       0x8c CMakeFiles/main.elf.dir/home/pi/stm32/STM32CubeF1/Drivers/STM32F1xx_HAL_Driver/Src/stm32f1xx_hal_dma.c.o
                0x080014c8                HAL_DMA_Abort_IT
 .text.UART_EndRxTransfer
                0x08001554       0x5c CMakeFiles/main.elf.dir/home/pi/stm32/STM32CubeF1/Drivers/STM32F1xx_HAL_Driver/Src/stm32f1xx_hal_uart.c.o
 .text.UART_SetConfig
                0x080015b0       0x74 CMakeFiles/main.elf.dir/home/pi/stm32/STM32CubeF1/Drivers/STM32F1xx_HAL_Driver/Src/stm32f1xx_hal_uart.c.o
 .text.UART_WaitOnFlagUntilTimeout.constprop.0
                0x08001624       0x64 CMakeFiles/main.elf.dir/home/pi/stm32/STM32CubeF1/Drivers/STM32F1xx_HAL_Driver/Src/stm32f1xx_hal_uart.c.o
 .text.HAL_UART_MspInit
                0x08001688        0x2 CMakeFiles/main.elf.dir/home/pi/stm32/STM32CubeF1/Drivers/STM32F1xx_HAL_Driver/Src/stm32f1xx_hal_uart.c.o
                0x08001688                HAL_UART_MspInit
 .text.HAL_UART_Init
                0x0800168a       0x5e CMakeFiles/main.elf.dir/home/pi/stm32/STM32CubeF1/Drivers/STM32F1xx_HAL_Driver/Src/stm32f1xx_hal_uart.c.o
                0x0800168a                HAL_UART_Init
 .text.HAL_UART_Transmit
                0x080016e8       0x9a CMakeFiles/main.elf.dir/home/pi/stm32/STM32CubeF1/Drivers/STM32F1xx_HAL_Driver/Src/stm32f1xx_hal_uart.c.o
                0x080016e8                HAL_UART_Transmit
 .text.HAL_UART_Transmit_IT
                0x08001782       0x32 CMakeFiles/main.elf.dir/home/pi/stm32/STM32CubeF1/Drivers/STM32F1xx_HAL_Driver/Src/stm32f1xx_hal_uart.c.o
                0x08001782                HAL_UART_Transmit_IT
 .text.HAL_UART_TxCpltCallback
                0x080017b4        0x2 CMakeFiles/main.elf.dir/home/pi/stm32/STM32CubeF1/Drivers/STM32F1xx_HAL_Driver/Src/stm32f1xx_hal_uart.c.o
                0x080017b4                HAL_UART_TxCpltCallback
 .text.HAL_UART_ErrorCallback
                0x080017b6        0x2 CMakeFiles/main.elf.dir/home/pi/stm32/STM32CubeF1/Drivers/STM32F1xx_HAL_Driver/Src/stm32f1xx_hal_uart.c.o
                0x080017b6                HAL_UART_ErrorCallback
 .text.UART_DMAAbortOnError
                0x080017b8        0xe CMakeFiles/main.elf.dir/home/pi/stm32/STM32CubeF1/Drivers/STM32F1xx_HAL_Driver/Src/stm32f1xx_hal_uart.c.o
 .text.HAL_UARTEx_RxEventCallback
                0x080017c6        0x2 CMakeFiles/main.elf.dir/home/pi/stm32/STM32CubeF1/Drivers/STM32F1xx_HAL_Driver/Src/stm32f1xx_hal_uart.c.o
                0x080017c6                HAL_UARTEx_RxEventCallback
 .text.UART_Receive_IT.isra.0
                0x080017c8       0xb2 CMakeFiles/main.elf.dir/home/pi/stm32/STM32CubeF1/Drivers/STM32F1xx_HAL_Driver/Src/stm32f1xx_hal_uart.c.o
 *fill*         0x0800187a        0x2 
 .text.HAL_UART_IRQHandler
                0x0800187c      0x29c CMakeFiles/main.elf.dir/home/pi/stm32/STM32CubeF1/Drivers/STM32F1xx_HAL_Driver/Src/stm32f1xx_hal_uart.c.o
                0x0800187c                HAL_UART_IRQHandler
 .text.UART_Start_Receive_IT
                0x08001b18       0x32 CMakeFiles/main.elf.dir/home/pi/stm32/STM32CubeF1/Drivers/STM32F1xx_HAL_Driver/Src/stm32f1xx_hal_uart.c.o
                0x08001b18                UART_Start_Receive_IT
 .text.HAL_UART_Receive_IT
                0x08001b4a       0x22 CMakeFiles/main.elf.dir/home/pi/stm32/STM32CubeF1/Drivers/STM32F1xx_HAL_Driver/Src/stm32f1xx_hal_uart.c.o
                0x08001b4a                HAL_UART_Receive_IT
 .text.startup.main
                0x08001b6c       0xb0 CMakeFiles/main.elf.dir/Core/main.c.o
                0x08001b6c                main
 .text._write   0x08001c1c       0x18 CMakeFiles/main.elf.dir/Core/main.c.o
                0x08001c1c                _write
 .text.NMI_Handler
                0x08001c34        0x2 CMakeFiles/main.elf.dir/Core/stm32f1xx_it.c.o
                0x08001c34                NMI_Handler
 .text.HardFault_Handler
                0x08001c36        0x2 CMakeFiles/main.elf.dir/Core/stm32f1xx_it.c.o
                0x08001c36                HardFault_Handler
 .text.MemManage_Handler
                0x08001c38        0x2 CMakeFiles/main.elf.dir/Core/stm32f1xx_it.c.o
                0x08001c38                MemManage_Handler
 .text.BusFault_Handler
                0x08001c3a        0x2 CMakeFiles/main.elf.dir/Core/stm32f1xx_it.c.o
                0x08001c3a                BusFault_Handler
 .text.UsageFault_Handler
                0x08001c3c        0x2 CMakeFiles/main.elf.dir/Core/stm32f1xx_it.c.o
                0x08001c3c                UsageFault_Handler
 .text.SVC_Handler
                0x08001c3e        0x2 CMakeFiles/main.elf.dir/Core/stm32f1xx_it.c.o
                0x08001c3e                SVC_Handler
 .text.DebugMon_Handler
                0x08001c40        0x2 CMakeFiles/main.elf.dir/Core/stm32f1xx_it.c.o
                0x08001c40                DebugMon_Handler
 .text.PendSV_Handler
                0x08001c42        0x2 CMakeFiles/main.elf.dir/Core/stm32f1xx_it.c.o
                0x08001c42                PendSV_Handler
 .text.SysTick_Handler
                0x08001c44        0x4 CMakeFiles/main.elf.dir/Core/stm32f1xx_it.c.o
                0x08001c44                SysTick_Handler
 .text.EXTI_Init_gen
                0x08001c48       0x28 CMakeFiles/main.elf.dir/Core/hardware/App_Encoder.c.o
                0x08001c48                EXTI_Init_gen
 .text.NVIC_Init_gen
                0x08001c70       0x16 CMakeFiles/main.elf.dir/Core/hardware/App_Encoder.c.o
                0x08001c70                NVIC_Init_gen
 *fill*         0x08001c86        0x2 
 .text.Gen_Encoder_Init
                0x08001c88       0x48 CMakeFiles/main.elf.dir/Core/hardware/App_Encoder.c.o
                0x08001c88                Gen_Encoder_Init
 .text.EXTI15_10_IRQHandler
                0x08001cd0       0x54 CMakeFiles/main.elf.dir/Core/hardware/App_Encoder.c.o
                0x08001cd0                EXTI15_10_IRQHandler
 .text.Motor_EXTI_Init
                0x08001d24       0x28 CMakeFiles/main.elf.dir/Core/hardware/App_Encoder.c.o
                0x08001d24                Motor_EXTI_Init
 .text.Motor_NVIC_Init
                0x08001d4c       0x16 CMakeFiles/main.elf.dir/Core/hardware/App_Encoder.c.o
                0x08001d4c                Motor_NVIC_Init
 *fill*         0x08001d62        0x2 
 .text.Motor_Encoder_init
                0x08001d64       0x64 CMakeFiles/main.elf.dir/Core/hardware/App_Encoder.c.o
                0x08001d64                Motor_Encoder_init
 .text.EXTI3_IRQHandler
                0x08001dc8       0x50 CMakeFiles/main.elf.dir/Core/hardware/App_Encoder.c.o
                0x08001dc8                EXTI3_IRQHandler
 .text.Uart2_init
                0x08001e18      0x114 CMakeFiles/main.elf.dir/Core/hardware/App_Uart2.c.o
                0x08001e18                Uart2_init
 .text.USART2_IRQHandler
                0x08001f2c        0xc CMakeFiles/main.elf.dir/Core/hardware/App_Uart2.c.o
                0x08001f2c                USART2_IRQHandler
 .text.HAL_UART_RxCpltCallback
                0x08001f38       0x30 CMakeFiles/main.elf.dir/Core/hardware/App_Uart2.c.o
                0x08001f38                HAL_UART_RxCpltCallback
 .text.__cvt    0x08001f68       0xc2 /home/pi/stm32/arm-gnu-toolchain-15.2.rel1-aarch64-arm-none-eabi/bin/../lib/gcc/arm-none-eabi/15.2.1/../../../../arm-none-eabi/lib/thumb/v7-m/nofp/libg_nano.a(libc_a-nano-vfprintf_float.o)
                0x08001f68                __cvt
 .text.__exponent
                0x0800202a       0x78 /home/pi/stm32/arm-gnu-toolchain-15.2.rel1-aarch64-arm-none-eabi/bin/../lib/gcc/arm-none-eabi/15.2.1/../../../../arm-none-eabi/lib/thumb/v7-m/nofp/libg_nano.a(libc_a-nano-vfprintf_float.o)
                0x0800202a                __exponent
 *fill*         0x080020a2        0x2 
 .text._printf_float
                0x080020a4      0x454 /home/pi/stm32/arm-gnu-toolchain-15.2.rel1-aarch64-arm-none-eabi/bin/../lib/gcc/arm-none-eabi/15.2.1/../../../../arm-none-eabi/lib/thumb/v7-m/nofp/libg_nano.a(libc_a-nano-vfprintf_float.o)
                0x080020a4                _printf_float
 .text._printf_common
                0x080024f8       0xea /home/pi/stm32/arm-gnu-toolchain-15.2.rel1-aarch64-arm-none-eabi/bin/../lib/gcc/arm-none-eabi/15.2.1/../../../../arm-none-eabi/lib/thumb/v7-m/nofp/libg_nano.a(libc_a-nano-vfprintf_i.o)
                0x080024f8                _printf_common
 *fill*         0x080025e2        0x2 
 .text._printf_i
                0x080025e4      0x254 /home/pi/stm32/arm-gnu-toolchain-15.2.rel1-aarch64-arm-none-eabi/bin/../lib/gcc/arm-none-eabi/15.2.1/../../../../arm-none-eabi/lib/thumb/v7-m/nofp/libg_nano.a(libc_a-nano-vfprintf_i.o)
                0x080025e4                _printf_i
 .text.std      0x08002838       0x6c /home/pi/stm32/arm-gnu-toolchain-15.2.rel1-aarch64-arm-none-eabi/bin/../lib/gcc/arm-none-eabi/15.2.1/../../../../arm-none-eabi/lib/thumb/v7-m/nofp/libg_nano.a(libc_a-findfp.o)
 .text.stdio_exit_handler
                0x080028a4       0x18 /home/pi/stm32/arm-gnu-toolchain-15.2.rel1-aarch64-arm-none-eabi/bin/../lib/gcc/arm-none-eabi/15.2.1/../../../../arm-none-eabi/lib/thumb/v7-m/nofp/libg_nano.a(libc_a-findfp.o)
 .text.cleanup_stdio
                0x080028bc       0x40 /home/pi/stm32/arm-gnu-toolchain-15.2.rel1-aarch64-arm-none-eabi/bin/../lib/gcc/arm-none-eabi/15.2.1/../../../../arm-none-eabi/lib/thumb/v7-m/nofp/libg_nano.a(libc_a-findfp.o)
 .text.global_stdio_init.part.0
                0x080028fc       0x40 /home/pi/stm32/arm-gnu-toolchain-15.2.rel1-aarch64-arm-none-eabi/bin/../lib/gcc/arm-none-eabi/15.2.1/../../../../arm-none-eabi/lib/thumb/v7-m/nofp/libg_nano.a(libc_a-findfp.o)
 .text.__sfp_lock_acquire
                0x0800293c        0xc /home/pi/stm32/arm-gnu-toolchain-15.2.rel1-aarch64-arm-none-eabi/bin/../lib/gcc/arm-none-eabi/15.2.1/../../../../arm-none-eabi/lib/thumb/v7-m/nofp/libg_nano.a(libc_a-findfp.o)
                0x0800293c                __sfp_lock_acquire
 .text.__sfp_lock_release
                0x08002948        0xc /home/pi/stm32/arm-gnu-toolchain-15.2.rel1-aarch64-arm-none-eabi/bin/../lib/gcc/arm-none-eabi/15.2.1/../../../../arm-none-eabi/lib/thumb/v7-m/nofp/libg_nano.a(libc_a-findfp.o)
                0x08002948                __sfp_lock_release
 .text.__sinit  0x08002954       0x30 /home/pi/stm32/arm-gnu-toolchain-15.2.rel1-aarch64-arm-none-eabi/bin/../lib/gcc/arm-none-eabi/15.2.1/../../../../arm-none-eabi/lib/thumb/v7-m/nofp/libg_nano.a(libc_a-findfp.o)
                0x08002954                __sinit
 .text._fwalk_sglue
                0x08002984       0x3a /home/pi/stm32/arm-gnu-toolchain-15.2.rel1-aarch64-arm-none-eabi/bin/../lib/gcc/arm-none-eabi/15.2.1/../../../../arm-none-eabi/lib/thumb/v7-m/nofp/libg_nano.a(libc_a-fwalk.o)
                0x08002984                _fwalk_sglue
 .text._puts_r  0x080029be       0xaa /home/pi/stm32/arm-gnu-toolchain-15.2.rel1-aarch64-arm-none-eabi/bin/../lib/gcc/arm-none-eabi/15.2.1/../../../../arm-none-eabi/lib/thumb/v7-m/nofp/libg_nano.a(libc_a-puts.o)
                0x080029be                _puts_r
 .text.puts     0x08002a68       0x10 /home/pi/stm32/arm-gnu-toolchain-15.2.rel1-aarch64-arm-none-eabi/bin/../lib/gcc/arm-none-eabi/15.2.1/../../../../arm-none-eabi/lib/thumb/v7-m/nofp/libg_nano.a(libc_a-puts.o)
                0x08002a68                puts
 .text.__sread  0x08002a78       0x22 /home/pi/stm32/arm-gnu-toolchain-15.2.rel1-aarch64-arm-none-eabi/bin/../lib/gcc/arm-none-eabi/15.2.1/../../../../arm-none-eabi/lib/thumb/v7-m/nofp/libg_nano.a(libc_a-stdio.o)
                0x08002a78                __sread
 .text.__swrite
                0x08002a9a       0x38 /home/pi/stm32/arm-gnu-toolchain-15.2.rel1-aarch64-arm-none-eabi/bin/../lib/gcc/arm-none-eabi/15.2.1/../../../../arm-none-eabi/lib/thumb/v7-m/nofp/libg_nano.a(libc_a-stdio.o)
                0x08002a9a                __swrite
 .text.__sseek  0x08002ad2       0x26 /home/pi/stm32/arm-gnu-toolchain-15.2.rel1-aarch64-arm-none-eabi/bin/../lib/gcc/arm-none-eabi/15.2.1/../../../../arm-none-eabi/lib/thumb/v7-m/nofp/libg_nano.a(libc_a-stdio.o)
                0x08002ad2                __sseek
 .text.__sclose
                0x08002af8        0x8 /home/pi/stm32/arm-gnu-toolchain-15.2.rel1-aarch64-arm-none-eabi/bin/../lib/gcc/arm-none-eabi/15.2.1/../../../../arm-none-eabi/lib/thumb/v7-m/nofp/libg_nano.a(libc_a-stdio.o)
                0x08002af8                __sclose
 .text.__swbuf_r
                0x08002b00       0x7a /home/pi/stm32/arm-gnu-toolchain-15.2.rel1-aarch64-arm-none-eabi/bin/../lib/gcc/arm-none-eabi/15.2.1/../../../../arm-none-eabi/lib/thumb/v7-m/nofp/libg_nano.a(libc_a-wbuf.o)
                0x08002b00                __swbuf_r
 *fill*         0x08002b7a        0x2 
 .text.__swsetup_r
                0x08002b7c       0xa8 /home/pi/stm32/arm-gnu-toolchain-15.2.rel1-aarch64-arm-none-eabi/bin/../lib/gcc/arm-none-eabi/15.2.1/../../../../arm-none-eabi/lib/thumb/v7-m/nofp/libg_nano.a(libc_a-wsetup.o)
                0x08002b7c                __swsetup_r
 .text.memset   0x08002c24       0x10 /home/pi/stm32/arm-gnu-toolchain-15.2.rel1-aarch64-arm-none-eabi/bin/../lib/gcc/arm-none-eabi/15.2.1/../../../../arm-none-eabi/lib/thumb/v7-m/nofp/libg_nano.a(libc_a-memset.o)
                0x08002c24                memset
 .text._localeconv_r
                0x08002c34        0x8 /home/pi/stm32/arm-gnu-toolchain-15.2.rel1-aarch64-arm-none-eabi/bin/../lib/gcc/arm-none-eabi/15.2.1/../../../../arm-none-eabi/lib/thumb/v7-m/nofp/libg_nano.a(libc_a-localeconv.o)
                0x08002c34                _localeconv_r
 .text._close_r
                0x08002c3c       0x20 /home/pi/stm32/arm-gnu-toolchain-15.2.rel1-aarch64-arm-none-eabi/bin/../lib/gcc/arm-none-eabi/15.2.1/../../../../arm-none-eabi/lib/thumb/v7-m/nofp/libg_nano.a(libc_a-closer.o)
                0x08002c3c                _close_r
 .text._lseek_r
                0x08002c5c       0x24 /home/pi/stm32/arm-gnu-toolchain-15.2.rel1-aarch64-arm-none-eabi/bin/../lib/gcc/arm-none-eabi/15.2.1/../../../../arm-none-eabi/lib/thumb/v7-m/nofp/libg_nano.a(libc_a-lseekr.o)
                0x08002c5c                _lseek_r
 .text._read_r  0x08002c80       0x24 /home/pi/stm32/arm-gnu-toolchain-15.2.rel1-aarch64-arm-none-eabi/bin/../lib/gcc/arm-none-eabi/15.2.1/../../../../arm-none-eabi/lib/thumb/v7-m/nofp/libg_nano.a(libc_a-readr.o)
                0x08002c80                _read_r
 .text._write_r
                0x08002ca4       0x24 /home/pi/stm32/arm-gnu-toolchain-15.2.rel1-aarch64-arm-none-eabi/bin/../lib/gcc/arm-none-eabi/15.2.1/../../../../arm-none-eabi/lib/thumb/v7-m/nofp/libg_nano.a(libc_a-writer.o)
                0x08002ca4                _write_r
 .text.__libc_init_array
                0x08002cc8       0x48 /home/pi/stm32/arm-gnu-toolchain-15.2.rel1-aarch64-arm-none-eabi/bin/../lib/gcc/arm-none-eabi/15.2.1/../../../../arm-none-eabi/lib/thumb/v7-m/nofp/libg_nano.a(libc_a-init.o)
                0x08002cc8                __libc_init_array
 .text.__retarget_lock_init_recursive
                0x08002d10        0x2 /home/pi/stm32/arm-gnu-toolchain-15.2.rel1-aarch64-arm-none-eabi/bin/../lib/gcc/arm-none-eabi/15.2.1/../../../../arm-none-eabi/lib/thumb/v7-m/nofp/libg_nano.a(libc_a-lock.o)
                0x08002d10                __retarget_lock_init_recursive
 .text.__retarget_lock_acquire_recursive
                0x08002d12        0x2 /home/pi/stm32/arm-gnu-toolchain-15.2.rel1-aarch64-arm-none-eabi/bin/../lib/gcc/arm-none-eabi/15.2.1/../../../../arm-none-eabi/lib/thumb/v7-m/nofp/libg_nano.a(libc_a-lock.o)
                0x08002d12                __retarget_lock_acquire_recursive
 .text.__retarget_lock_release_recursive
                0x08002d14        0x2 /home/pi/stm32/arm-gnu-toolchain-15.2.rel1-aarch64-arm-none-eabi/bin/../lib/gcc/arm-none-eabi/15.2.1/../../../../arm-none-eabi/lib/thumb/v7-m/nofp/libg_nano.a(libc_a-lock.o)
                0x08002d14                __retarget_lock_release_recursive
 .text.memchr   0x08002d16       0x1c /home/pi/stm32/arm-gnu-toolchain-15.2.rel1-aarch64-arm-none-eabi/bin/../lib/gcc/arm-none-eabi/15.2.1/../../../../arm-none-eabi/lib/thumb/v7-m/nofp/libg_nano.a(libc_a-memchr-stub.o)
                0x08002d16                memchr
 .text.quorem   0x08002d32      0x110 /home/pi/stm32/arm-gnu-toolchain-15.2.rel1-aarch64-arm-none-eabi/bin/../lib/gcc/arm-none-eabi/15.2.1/../../../../arm-none-eabi/lib/thumb/v7-m/nofp/libg_nano.a(libc_a-dtoa.o)
 *fill*         0x08002e42        0x6 
 .text._dtoa_r  0x08002e48      0xbbc /home/pi/stm32/arm-gnu-toolchain-15.2.rel1-aarch64-arm-none-eabi/bin/../lib/gcc/arm-none-eabi/15.2.1/../../../../arm-none-eabi/lib/thumb/v7-m/nofp/libg_nano.a(libc_a-dtoa.o)
                0x08002e48                _dtoa_r
 .text._free_r  0x08003a04       0x94 /home/pi/stm32/arm-gnu-toolchain-15.2.rel1-aarch64-arm-none-eabi/bin/../lib/gcc/arm-none-eabi/15.2.1/../../../../arm-none-eabi/lib/thumb/v7-m/nofp/libg_nano.a(libc_a-freer.o)
                0x08003a04                _free_r
 .text.malloc   0x08003a98       0x10 /home/pi/stm32/arm-gnu-toolchain-15.2.rel1-aarch64-arm-none-eabi/bin/../lib/gcc/arm-none-eabi/15.2.1/../../../../arm-none-eabi/lib/thumb/v7-m/nofp/libg_nano.a(libc_a-malloc.o)
                0x08003a98                malloc
 .text.sbrk_aligned
                0x08003aa8       0x44 /home/pi/stm32/arm-gnu-toolchain-15.2.rel1-aarch64-arm-none-eabi/bin/../lib/gcc/arm-none-eabi/15.2.1/../../../../arm-none-eabi/lib/thumb/v7-m/nofp/libg_nano.a(libc_a-mallocr.o)
 .text._malloc_r
                0x08003aec       0xf8 /home/pi/stm32/arm-gnu-toolchain-15.2.rel1-aarch64-arm-none-eabi/bin/../lib/gcc/arm-none-eabi/15.2.1/../../../../arm-none-eabi/lib/thumb/v7-m/nofp/libg_nano.a(libc_a-mallocr.o)
                0x08003aec                _malloc_r
 .text.__malloc_lock
                0x08003be4        0xc /home/pi/stm32/arm-gnu-toolchain-15.2.rel1-aarch64-arm-none-eabi/bin/../lib/gcc/arm-none-eabi/15.2.1/../../../../arm-none-eabi/lib/thumb/v7-m/nofp/libg_nano.a(libc_a-mlock.o)
                0x08003be4                __malloc_lock
 .text.__malloc_unlock
                0x08003bf0        0xc /home/pi/stm32/arm-gnu-toolchain-15.2.rel1-aarch64-arm-none-eabi/bin/../lib/gcc/arm-none-eabi/15.2.1/../../../../arm-none-eabi/lib/thumb/v7-m/nofp/libg_nano.a(libc_a-mlock.o)
                0x08003bf0                __malloc_unlock
 .text._Balloc  0x08003bfc       0x7c /home/pi/stm32/arm-gnu-toolchain-15.2.rel1-aarch64-arm-none-eabi/bin/../lib/gcc/arm-none-eabi/15.2.1/../../../../arm-none-eabi/lib/thumb/v7-m/nofp/libg_nano.a(libc_a-mprec.o)
                0x08003bfc                _Balloc
 .text._Bfree   0x08003c78       0x44 /home/pi/stm32/arm-gnu-toolchain-15.2.rel1-aarch64-arm-none-eabi/bin/../lib/gcc/arm-none-eabi/15.2.1/../../../../arm-none-eabi/lib/thumb/v7-m/nofp/libg_nano.a(libc_a-mprec.o)
                0x08003c78                _Bfree
 .text.__multadd
                0x08003cbc       0x8c /home/pi/stm32/arm-gnu-toolchain-15.2.rel1-aarch64-arm-none-eabi/bin/../lib/gcc/arm-none-eabi/15.2.1/../../../../arm-none-eabi/lib/thumb/v7-m/nofp/libg_nano.a(libc_a-mprec.o)
                0x08003cbc                __multadd
 .text.__hi0bits
                0x08003d48       0x3c /home/pi/stm32/arm-gnu-toolchain-15.2.rel1-aarch64-arm-none-eabi/bin/../lib/gcc/arm-none-eabi/15.2.1/../../../../arm-none-eabi/lib/thumb/v7-m/nofp/libg_nano.a(libc_a-mprec.o)
                0x08003d48                __hi0bits
 .text.__lo0bits
                0x08003d84       0x5c /home/pi/stm32/arm-gnu-toolchain-15.2.rel1-aarch64-arm-none-eabi/bin/../lib/gcc/arm-none-eabi/15.2.1/../../../../arm-none-eabi/lib/thumb/v7-m/nofp/libg_nano.a(libc_a-mprec.o)
                0x08003d84                __lo0bits
 .text.__i2b    0x08003de0       0x2c /home/pi/stm32/arm-gnu-toolchain-15.2.rel1-aarch64-arm-none-eabi/bin/../lib/gcc/arm-none-eabi/15.2.1/../../../../arm-none-eabi/lib/thumb/v7-m/nofp/libg_nano.a(libc_a-mprec.o)
                0x08003de0                __i2b
 .text.__multiply
                0x08003e0c      0x16c /home/pi/stm32/arm-gnu-toolchain-15.2.rel1-aarch64-arm-none-eabi/bin/../lib/gcc/arm-none-eabi/15.2.1/../../../../arm-none-eabi/lib/thumb/v7-m/nofp/libg_nano.a(libc_a-mprec.o)
                0x08003e0c                __multiply
 .text.__pow5mult
                0x08003f78       0xb8 /home/pi/stm32/arm-gnu-toolchain-15.2.rel1-aarch64-arm-none-eabi/bin/../lib/gcc/arm-none-eabi/15.2.1/../../../../arm-none-eabi/lib/thumb/v7-m/nofp/libg_nano.a(libc_a-mprec.o)
                0x08003f78                __pow5mult
 .text.__lshift
                0x08004030       0xe4 /home/pi/stm32/arm-gnu-toolchain-15.2.rel1-aarch64-arm-none-eabi/bin/../lib/gcc/arm-none-eabi/15.2.1/../../../../arm-none-eabi/lib/thumb/v7-m/nofp/libg_nano.a(libc_a-mprec.o)
                0x08004030                __lshift
 .text.__mcmp   0x08004114       0x36 /home/pi/stm32/arm-gnu-toolchain-15.2.rel1-aarch64-arm-none-eabi/bin/../lib/gcc/arm-none-eabi/15.2.1/../../../../arm-none-eabi/lib/thumb/v7-m/nofp/libg_nano.a(libc_a-mprec.o)
                0x08004114                __mcmp
 *fill*         0x0800414a        0x2 
 .text.__mdiff  0x0800414c      0x130 /home/pi/stm32/arm-gnu-toolchain-15.2.rel1-aarch64-arm-none-eabi/bin/../lib/gcc/arm-none-eabi/15.2.1/../../../../arm-none-eabi/lib/thumb/v7-m/nofp/libg_nano.a(libc_a-mprec.o)
                0x0800414c                __mdiff
 .text.__d2b    0x0800427c       0xb0 /home/pi/stm32/arm-gnu-toolchain-15.2.rel1-aarch64-arm-none-eabi/bin/../lib/gcc/arm-none-eabi/15.2.1/../../../../arm-none-eabi/lib/thumb/v7-m/nofp/libg_nano.a(libc_a-mprec.o)
                0x0800427c                __d2b
 .text.__sflush_r
                0x0800432c       0xf8 /home/pi/stm32/arm-gnu-toolchain-15.2.rel1-aarch64-arm-none-eabi/bin/../lib/gcc/arm-none-eabi/15.2.1/../../../../arm-none-eabi/lib/thumb/v7-m/nofp/libg_nano.a(libc_a-fflush.o)
                0x0800432c                __sflush_r
 .text._fflush_r
                0x08004424       0x50 /home/pi/stm32/arm-gnu-toolchain-15.2.rel1-aarch64-arm-none-eabi/bin/../lib/gcc/arm-none-eabi/15.2.1/../../../../arm-none-eabi/lib/thumb/v7-m/nofp/libg_nano.a(libc_a-fflush.o)
                0x08004424                _fflush_r
 .text.__swhatbuf_r
                0x08004474       0x48 /home/pi/stm32/arm-gnu-toolchain-15.2.rel1-aarch64-arm-none-eabi/bin/../lib/gcc/arm-none-eabi/15.2.1/../../../../arm-none-eabi/lib/thumb/v7-m/nofp/libg_nano.a(libc_a-makebuf.o)
                0x08004474                __swhatbuf_r
 .text.__smakebuf_r
                0x080044bc       0x72 /home/pi/stm32/arm-gnu-toolchain-15.2.rel1-aarch64-arm-none-eabi/bin/../lib/gcc/arm-none-eabi/15.2.1/../../../../arm-none-eabi/lib/thumb/v7-m/nofp/libg_nano.a(libc_a-makebuf.o)
                0x080044bc                __smakebuf_r
 *fill*         0x0800452e        0x2 
 .text._fstat_r
                0x08004530       0x24 /home/pi/stm32/arm-gnu-toolchain-15.2.rel1-aarch64-arm-none-eabi/bin/../lib/gcc/arm-none-eabi/15.2.1/../../../../arm-none-eabi/lib/thumb/v7-m/nofp/libg_nano.a(libc_a-fstatr.o)
                0x08004530                _fstat_r
 .text._isatty_r
                0x08004554       0x20 /home/pi/stm32/arm-gnu-toolchain-15.2.rel1-aarch64-arm-none-eabi/bin/../lib/gcc/arm-none-eabi/15.2.1/../../../../arm-none-eabi/lib/thumb/v7-m/nofp/libg_nano.a(libc_a-isattyr.o)
                0x08004554                _isatty_r
 .text._sbrk_r  0x08004574       0x20 /home/pi/stm32/arm-gnu-toolchain-15.2.rel1-aarch64-arm-none-eabi/bin/../lib/gcc/arm-none-eabi/15.2.1/../../../../arm-none-eabi/lib/thumb/v7-m/nofp/libg_nano.a(libc_a-sbrkr.o)
                0x08004574                _sbrk_r
 .text.memcpy   0x08004594       0x1c /home/pi/stm32/arm-gnu-toolchain-15.2.rel1-aarch64-arm-none-eabi/bin/../lib/gcc/arm-none-eabi/15.2.1/../../../../arm-none-eabi/lib/thumb/v7-m/nofp/libg_nano.a(libc_a-memcpy-stub.o)
                0x08004594                memcpy
 .text.__assert_func
                0x080045b0       0x3c /home/pi/stm32/arm-gnu-toolchain-15.2.rel1-aarch64-arm-none-eabi/bin/../lib/gcc/arm-none-eabi/15.2.1/../../../../arm-none-eabi/lib/thumb/v7-m/nofp/libg_nano.a(libc_a-assert.o)
                0x080045b0                __assert_func
 .text._calloc_r
                0x080045ec       0x28 /home/pi/stm32/arm-gnu-toolchain-15.2.rel1-aarch64-arm-none-eabi/bin/../lib/gcc/arm-none-eabi/15.2.1/../../../../arm-none-eabi/lib/thumb/v7-m/nofp/libg_nano.a(libc_a-callocr.o)
                0x080045ec                _calloc_r
 .text.__ascii_mbtowc
                0x08004614       0x24 /home/pi/stm32/arm-gnu-toolchain-15.2.rel1-aarch64-arm-none-eabi/bin/../lib/gcc/arm-none-eabi/15.2.1/../../../../arm-none-eabi/lib/thumb/v7-m/nofp/libg_nano.a(libc_a-mbtowc_r.o)
                0x08004614                __ascii_mbtowc
 .text.__ascii_wctomb
                0x08004638       0x1a /home/pi/stm32/arm-gnu-toolchain-15.2.rel1-aarch64-arm-none-eabi/bin/../lib/gcc/arm-none-eabi/15.2.1/../../../../arm-none-eabi/lib/thumb/v7-m/nofp/libg_nano.a(libc_a-wctomb_r.o)
                0x08004638                __ascii_wctomb
 *fill*         0x08004652        0x2 
 .text.fprintf  0x08004654       0x24 /home/pi/stm32/arm-gnu-toolchain-15.2.rel1-aarch64-arm-none-eabi/bin/../lib/gcc/arm-none-eabi/15.2.1/../../../../arm-none-eabi/lib/thumb/v7-m/nofp/libg_nano.a(libc_a-fprintf.o)
                0x08004654                fprintf
                0x08004654                fiprintf
 .text.abort    0x08004678        0xe /home/pi/stm32/arm-gnu-toolchain-15.2.rel1-aarch64-arm-none-eabi/bin/../lib/gcc/arm-none-eabi/15.2.1/../../../../arm-none-eabi/lib/thumb/v7-m/nofp/libg_nano.a(libc_a-abort.o)
                0x08004678                abort
 .text.__sfputc_r
                0x08004686       0x2a /home/pi/stm32/arm-gnu-toolchain-15.2.rel1-aarch64-arm-none-eabi/bin/../lib/gcc/arm-none-eabi/15.2.1/../../../../arm-none-eabi/lib/thumb/v7-m/nofp/libg_nano.a(libc_a-nano-vfprintf.o)
 .text.__sfputs_r
                0x080046b0       0x24 /home/pi/stm32/arm-gnu-toolchain-15.2.rel1-aarch64-arm-none-eabi/bin/../lib/gcc/arm-none-eabi/15.2.1/../../../../arm-none-eabi/lib/thumb/v7-m/nofp/libg_nano.a(libc_a-nano-vfprintf.o)
                0x080046b0                __sfputs_r
 .text._vfprintf_r
                0x080046d4      0x228 /home/pi/stm32/arm-gnu-toolchain-15.2.rel1-aarch64-arm-none-eabi/bin/../lib/gcc/arm-none-eabi/15.2.1/../../../../arm-none-eabi/lib/thumb/v7-m/nofp/libg_nano.a(libc_a-nano-vfprintf.o)
                0x080046d4                _vfiprintf_r
                0x080046d4                _vfprintf_r
 .text._raise_r
                0x080048fc       0x50 /home/pi/stm32/arm-gnu-toolchain-15.2.rel1-aarch64-arm-none-eabi/bin/../lib/gcc/arm-none-eabi/15.2.1/../../../../arm-none-eabi/lib/thumb/v7-m/nofp/libg_nano.a(libc_a-signal.o)
                0x080048fc                _raise_r
 .text.raise    0x0800494c       0x10 /home/pi/stm32/arm-gnu-toolchain-15.2.rel1-aarch64-arm-none-eabi/bin/../lib/gcc/arm-none-eabi/15.2.1/../../../../arm-none-eabi/lib/thumb/v7-m/nofp/libg_nano.a(libc_a-signal.o)
                0x0800494c                raise
 .text._kill_r  0x0800495c       0x24 /home/pi/stm32/arm-gnu-toolchain-15.2.rel1-aarch64-arm-none-eabi/bin/../lib/gcc/arm-none-eabi/15.2.1/../../../../arm-none-eabi/lib/thumb/v7-m/nofp/libg_nano.a(libc_a-signalr.o)
                0x0800495c                _kill_r
 .text._getpid_r
                0x08004980        0x4 /home/pi/stm32/arm-gnu-toolchain-15.2.rel1-aarch64-arm-none-eabi/bin/../lib/gcc/arm-none-eabi/15.2.1/../../../../arm-none-eabi/lib/thumb/v7-m/nofp/libg_nano.a(libc_a-signalr.o)
                0x08004980                _getpid_r
 .text._close   0x08004984       0x10 /home/pi/stm32/arm-gnu-toolchain-15.2.rel1-aarch64-arm-none-eabi/bin/../lib/gcc/arm-none-eabi/15.2.1/../../../../arm-none-eabi/lib/thumb/v7-m/nofp/libnosys.a(close.o)
                0x08004984                _close
 .text._fstat   0x08004994       0x10 /home/pi/stm32/arm-gnu-toolchain-15.2.rel1-aarch64-arm-none-eabi/bin/../lib/gcc/arm-none-eabi/15.2.1/../../../../arm-none-eabi/lib/thumb/v7-m/nofp/libnosys.a(fstat.o)
                0x08004994                _fstat
 .text._getpid  0x080049a4       0x10 /home/pi/stm32/arm-gnu-toolchain-15.2.rel1-aarch64-arm-none-eabi/bin/../lib/gcc/arm-none-eabi/15.2.1/../../../../arm-none-eabi/lib/thumb/v7-m/nofp/libnosys.a(getpid.o)
                0x080049a4                _getpid
 .text._isatty  0x080049b4       0x10 /home/pi/stm32/arm-gnu-toolchain-15.2.rel1-aarch64-arm-none-eabi/bin/../lib/gcc/arm-none-eabi/15.2.1/../../../../arm-none-eabi/lib/thumb/v7-m/nofp/libnosys.a(isatty.o)
                0x080049b4                _isatty
 .text._kill    0x080049c4       0x10 /home/pi/stm32/arm-gnu-toolchain-15.2.rel1-aarch64-arm-none-eabi/bin/../lib/gcc/arm-none-eabi/15.2.1/../../../../arm-none-eabi/lib/thumb/v7-m/nofp/libnosys.a(kill.o)
                0x080049c4                _kill
 .text._lseek   0x080049d4       0x10 /home/pi/stm32/arm-gnu-toolchain-15.2.rel1-aarch64-arm-none-eabi/bin/../lib/gcc/arm-none-eabi/15.2.1/../../../../arm-none-eabi/lib/thumb/v7-m/nofp/libnosys.a(lseek.o)
                0x080049d4                _lseek
 .text._read    0x080049e4       0x10 /home/pi/stm32/arm-gnu-toolchain-15.2.rel1-aarch64-arm-none-eabi/bin/../lib/gcc/arm-none-eabi/15.2.1/../../../../arm-none-eabi/lib/thumb/v7-m/nofp/libnosys.a(read.o)
                0x080049e4                _read
 .text._sbrk    0x080049f4       0x1c /home/pi/stm32/arm-gnu-toolchain-15.2.rel1-aarch64-arm-none-eabi/bin/../lib/gcc/arm-none-eabi/15.2.1/../../../../arm-none-eabi/lib/thumb/v7-m/nofp/libnosys.a(sbrk.o)
                0x080049f4                _sbrk
 .text._exit    0x08004a10        0x4 /home/pi/stm32/arm-gnu-toolchain-15.2.rel1-aarch64-arm-none-eabi/bin/../lib/gcc/arm-none-eabi/15.2.1/../../../../arm-none-eabi/lib/thumb/v7-m/nofp/libnosys.a(_exit.o)
                0x08004a10                _exit
 *(.glue_7)
 .glue_7        0x08004a14        0x0 linker stubs
 *(.glue_7t)
 .glue_7t       0x08004a14        0x0 linker stubs
 *(.eh_frame)
 .eh_frame      0x08004a14        0x0 /home/pi/stm32/arm-gnu-toolchain-15.2.rel1-aarch64-arm-none-eabi/bin/../lib/gcc/arm-none-eabi/15.2.1/thumb/v7-m/nofp/crtbegin.o
 *(.init)
 .init          0x08004a14        0x4 /home/pi/stm32/arm-gnu-toolchain-15.2.rel1-aarch64-arm-none-eabi/bin/../lib/gcc/arm-none-eabi/15.2.1/thumb/v7-m/nofp/crti.o
                0x08004a14                _init
 .init          0x08004a18        0x8 /home/pi/stm32/arm-gnu-toolchain-15.2.rel1-aarch64-arm-none-eabi/bin/../lib/gcc/arm-none-eabi/15.2.1/thumb/v7-m/nofp/crtn.o
 *(.fini)
 .fini          0x08004a20        0x4 /home/pi/stm32/arm-gnu-toolchain-15.2.rel1-aarch64-arm-none-eabi/bin/../lib/gcc/arm-none-eabi/15.2.1/thumb/v7-m/nofp/crti.o
                0x08004a20                _fini
 .fini          0x08004a24        0x8 /home/pi/stm32/arm-gnu-toolchain-15.2.rel1-aarch64-arm-none-eabi/bin/../lib/gcc/arm-none-eabi/15.2.1/thumb/v7-m/nofp/crtn.o
                0x08004a2c                        . = ALIGN (0x4)
                0x08004a2c                        _etext = .

.vfp11_veneer   0x08004a2c        0x0
 .vfp11_veneer  0x08004a2c        0x0 linker stubs

.v4_bx          0x08004a2c        0x0
 .v4_bx         0x08004a2c        0x0 linker stubs

.iplt           0x08004a2c        0x0
 .iplt          0x08004a2c        0x0 /home/pi/stm32/arm-gnu-toolchain-15.2.rel1-aarch64-arm-none-eabi/bin/../lib/gcc/arm-none-eabi/15.2.1/thumb/v7-m/nofp/crtbegin.o

.rodata         0x08004a30      0x3bc
                0x08004a30                        . = ALIGN (0x4)
 *(.rodata)
 *(.rodata*)
 .rodata.APBPrescTable
                0x08004a30        0x8 CMakeFiles/main.elf.dir/Core/system_stm32f1xx.c.o
                0x08004a30                APBPrescTable
 .rodata.AHBPrescTable
                0x08004a38       0x10 CMakeFiles/main.elf.dir/Core/system_stm32f1xx.c.o
                0x08004a38                AHBPrescTable
 .rodata.aPredivFactorTable.0
                0x08004a48        0x2 CMakeFiles/main.elf.dir/home/pi/stm32/STM32CubeF1/Drivers/STM32F1xx_HAL_Driver/Src/stm32f1xx_hal_rcc.c.o
 .rodata.aPLLMULFactorTable.1
                0x08004a4a       0x10 CMakeFiles/main.elf.dir/home/pi/stm32/STM32CubeF1/Drivers/STM32F1xx_HAL_Driver/Src/stm32f1xx_hal_rcc.c.o
 .rodata.main.str1.1
                0x08004a5a      0x190 CMakeFiles/main.elf.dir/Core/main.c.o
                                  0xd (size before relaxing)
 .rodata._printf_float.str1.1
                0x08004bea        0x0 /home/pi/stm32/arm-gnu-toolchain-15.2.rel1-aarch64-arm-none-eabi/bin/../lib/gcc/arm-none-eabi/15.2.1/../../../../arm-none-eabi/lib/thumb/v7-m/nofp/libg_nano.a(libc_a-nano-vfprintf_float.o)
                                 0x12 (size before relaxing)
 .rodata._printf_i.str1.1
                0x08004bea        0x0 /home/pi/stm32/arm-gnu-toolchain-15.2.rel1-aarch64-arm-none-eabi/bin/../lib/gcc/arm-none-eabi/15.2.1/../../../../arm-none-eabi/lib/thumb/v7-m/nofp/libg_nano.a(libc_a-nano-vfprintf_i.o)
                                 0x22 (size before relaxing)
 .rodata._dtoa_r.str1.1
                0x08004bea        0x0 /home/pi/stm32/arm-gnu-toolchain-15.2.rel1-aarch64-arm-none-eabi/bin/../lib/gcc/arm-none-eabi/15.2.1/../../../../arm-none-eabi/lib/thumb/v7-m/nofp/libg_nano.a(libc_a-dtoa.o)
                                 0x98 (size before relaxing)
 .rodata._Balloc.str1.1
                0x08004bea        0x0 /home/pi/stm32/arm-gnu-toolchain-15.2.rel1-aarch64-arm-none-eabi/bin/../lib/gcc/arm-none-eabi/15.2.1/../../../../arm-none-eabi/lib/thumb/v7-m/nofp/libg_nano.a(libc_a-mprec.o)
                                 0x79 (size before relaxing)
 .rodata.__multadd.str1.1
                0x08004bea        0x0 /home/pi/stm32/arm-gnu-toolchain-15.2.rel1-aarch64-arm-none-eabi/bin/../lib/gcc/arm-none-eabi/15.2.1/../../../../arm-none-eabi/lib/thumb/v7-m/nofp/libg_nano.a(libc_a-mprec.o)
                                 0x11 (size before relaxing)
 *fill*         0x08004bea        0x2 
 .rodata.p05.0  0x08004bec        0xc /home/pi/stm32/arm-gnu-toolchain-15.2.rel1-aarch64-arm-none-eabi/bin/../lib/gcc/arm-none-eabi/15.2.1/../../../../arm-none-eabi/lib/thumb/v7-m/nofp/libg_nano.a(libc_a-mprec.o)
 .rodata.__mprec_bigtens
                0x08004bf8       0x28 /home/pi/stm32/arm-gnu-toolchain-15.2.rel1-aarch64-arm-none-eabi/bin/../lib/gcc/arm-none-eabi/15.2.1/../../../../arm-none-eabi/lib/thumb/v7-m/nofp/libg_nano.a(libc_a-mprec.o)
                0x08004bf8                __mprec_bigtens
 .rodata.__mprec_tens
                0x08004c20       0xc8 /home/pi/stm32/arm-gnu-toolchain-15.2.rel1-aarch64-arm-none-eabi/bin/../lib/gcc/arm-none-eabi/15.2.1/../../../../arm-none-eabi/lib/thumb/v7-m/nofp/libg_nano.a(libc_a-mprec.o)
                0x08004c20                __mprec_tens
 .rodata._setlocale_r.str1.1
                0x08004ce8        0x0 /home/pi/stm32/arm-gnu-toolchain-15.2.rel1-aarch64-arm-none-eabi/bin/../lib/gcc/arm-none-eabi/15.2.1/../../../../arm-none-eabi/lib/thumb/v7-m/nofp/libg_nano.a(libc_a-locale.o)
                                  0x9 (size before relaxing)
 .rodata.str1.1
                0x08004ce8        0x0 /home/pi/stm32/arm-gnu-toolchain-15.2.rel1-aarch64-arm-none-eabi/bin/../lib/gcc/arm-none-eabi/15.2.1/../../../../arm-none-eabi/lib/thumb/v7-m/nofp/libg_nano.a(libc_a-locale.o)
                                  0x2 (size before relaxing)
 .rodata.__assert_func.str1.1
                0x08004ce8        0x0 /home/pi/stm32/arm-gnu-toolchain-15.2.rel1-aarch64-arm-none-eabi/bin/../lib/gcc/arm-none-eabi/15.2.1/../../../../arm-none-eabi/lib/thumb/v7-m/nofp/libg_nano.a(libc_a-assert.o)
                                 0x3d (size before relaxing)
 .rodata._ctype_
                0x08004ce8      0x101 /home/pi/stm32/arm-gnu-toolchain-15.2.rel1-aarch64-arm-none-eabi/bin/../lib/gcc/arm-none-eabi/15.2.1/../../../../arm-none-eabi/lib/thumb/v7-m/nofp/libg_nano.a(libc_a-ctype_.o)
                0x08004ce8                _ctype_
 .rodata._vfprintf_r.str1.1
                0x08004de9        0x0 /home/pi/stm32/arm-gnu-toolchain-15.2.rel1-aarch64-arm-none-eabi/bin/../lib/gcc/arm-none-eabi/15.2.1/../../../../arm-none-eabi/lib/thumb/v7-m/nofp/libg_nano.a(libc_a-nano-vfprintf.o)
                                 0x11 (size before relaxing)
                0x08004dec                        . = ALIGN (0x4)
 *fill*         0x08004de9        0x3 

.ARM.extab
 *(.ARM.extab* .gnu.linkonce.armextab.*)

.ARM            0x08004dec        0x8
                0x08004dec                        __exidx_start = .
 *(.ARM.exidx*)
 .ARM.exidx     0x08004dec        0x8 /home/pi/stm32/arm-gnu-toolchain-15.2.rel1-aarch64-arm-none-eabi/bin/../lib/gcc/arm-none-eabi/15.2.1/../../../../arm-none-eabi/lib/thumb/v7-m/nofp/libg_nano.a(libc_a-strlen.o)
                0x08004df4                        __exidx_end = .

.rel.dyn        0x08004df4        0x0
 .rel.iplt      0x08004df4        0x0 /home/pi/stm32/arm-gnu-toolchain-15.2.rel1-aarch64-arm-none-eabi/bin/../lib/gcc/arm-none-eabi/15.2.1/thumb/v7-m/nofp/crtbegin.o

.preinit_array  0x08004df4        0x0
                0x08004df4                        PROVIDE (__preinit_array_start = .)
 *(.preinit_array*)
                0x08004df4                        PROVIDE (__preinit_array_end = .)

.init_array     0x08004df4        0x4
                0x08004df4                        PROVIDE (__init_array_start = .)
 *(SORT_BY_NAME(.init_array.*))
 *(.init_array*)
 .init_array    0x08004df4        0x4 /home/pi/stm32/arm-gnu-toolchain-15.2.rel1-aarch64-arm-none-eabi/bin/../lib/gcc/arm-none-eabi/15.2.1/thumb/v7-m/nofp/crtbegin.o
                0x08004df8                        PROVIDE (__init_array_end = .)

.fini_array     0x08004df8        0x4
                [!provide]                        PROVIDE (__fini_array_start = .)
 *(SORT_BY_NAME(.fini_array.*))
 *(.fini_array*)
 .fini_array    0x08004df8        0x4 /home/pi/stm32/arm-gnu-toolchain-15.2.rel1-aarch64-arm-none-eabi/bin/../lib/gcc/arm-none-eabi/15.2.1/thumb/v7-m/nofp/crtbegin.o
                [!provide]                        PROVIDE (__fini_array_end = .)
                0x08004dfc                        _sidata = LOADADDR (.data)

.data           0x20000000      0x1d4 load address 0x08004dfc
                0x20000000                        . = ALIGN (0x4)
                0x20000000                        _sdata = .
 *(.data)
 *(.data*)
 .data.SystemCoreClock
                0x20000000        0x4 CMakeFiles/main.elf.dir/Core/system_stm32f1xx.c.o
                0x20000000                SystemCoreClock
 .data.uwTickFreq
                0x20000004        0x1 CMakeFiles/main.elf.dir/home/pi/stm32/STM32CubeF1/Drivers/STM32F1xx_HAL_Driver/Src/stm32f1xx_hal.c.o
                0x20000004                uwTickFreq
 *fill*         0x20000005        0x3 
 .data.uwTickPrio
                0x20000008        0x4 CMakeFiles/main.elf.dir/home/pi/stm32/STM32CubeF1/Drivers/STM32F1xx_HAL_Driver/Src/stm32f1xx_hal.c.o
                0x20000008                uwTickPrio
 .data.__sglue  0x2000000c        0xc /home/pi/stm32/arm-gnu-toolchain-15.2.rel1-aarch64-arm-none-eabi/bin/../lib/gcc/arm-none-eabi/15.2.1/../../../../arm-none-eabi/lib/thumb/v7-m/nofp/libg_nano.a(libc_a-findfp.o)
                0x2000000c                __sglue
 .data._impure_ptr
                0x20000018        0x4 /home/pi/stm32/arm-gnu-toolchain-15.2.rel1-aarch64-arm-none-eabi/bin/../lib/gcc/arm-none-eabi/15.2.1/../../../../arm-none-eabi/lib/thumb/v7-m/nofp/libg_nano.a(libc_a-impure.o)
                0x20000018                _impure_ptr
 .data._impure_data
                0x2000001c       0x4c /home/pi/stm32/arm-gnu-toolchain-15.2.rel1-aarch64-arm-none-eabi/bin/../lib/gcc/arm-none-eabi/15.2.1/../../../../arm-none-eabi/lib/thumb/v7-m/nofp/libg_nano.a(libc_a-impure.o)
                0x2000001c                _impure_data
 .data.__global_locale
                0x20000068      0x16c /home/pi/stm32/arm-gnu-toolchain-15.2.rel1-aarch64-arm-none-eabi/bin/../lib/gcc/arm-none-eabi/15.2.1/../../../../arm-none-eabi/lib/thumb/v7-m/nofp/libg_nano.a(libc_a-locale.o)
                0x20000068                __global_locale
                0x200001d4                        . = ALIGN (0x4)
                0x200001d4                        _edata = .

.tm_clone_table
                0x200001d4        0x0 load address 0x08004fd0
 .tm_clone_table
                0x200001d4        0x0 /home/pi/stm32/arm-gnu-toolchain-15.2.rel1-aarch64-arm-none-eabi/bin/../lib/gcc/arm-none-eabi/15.2.1/thumb/v7-m/nofp/crtbegin.o
 .tm_clone_table
                0x200001d4        0x0 /home/pi/stm32/arm-gnu-toolchain-15.2.rel1-aarch64-arm-none-eabi/bin/../lib/gcc/arm-none-eabi/15.2.1/thumb/v7-m/nofp/crtend.o

.igot.plt       0x200001d4        0x0 load address 0x08004fd0
 .igot.plt      0x200001d4        0x0 /home/pi/stm32/arm-gnu-toolchain-15.2.rel1-aarch64-arm-none-eabi/bin/../lib/gcc/arm-none-eabi/15.2.1/thumb/v7-m/nofp/crtbegin.o
                0x200001d4                        . = ALIGN (0x4)

.bss            0x200001d4      0x24c load address 0x08004fd0
                0x200001d4                        _sbss = .
                0x200001d4                        __bss_start__ = _sbss
 *(.bss)
 *(.bss*)
 .bss.completed.1
                0x200001d4        0x1 /home/pi/stm32/arm-gnu-toolchain-15.2.rel1-aarch64-arm-none-eabi/bin/../lib/gcc/arm-none-eabi/15.2.1/thumb/v7-m/nofp/crtbegin.o
 *fill*         0x200001d5        0x3 
 .bss.object.0  0x200001d8       0x18 /home/pi/stm32/arm-gnu-toolchain-15.2.rel1-aarch64-arm-none-eabi/bin/../lib/gcc/arm-none-eabi/15.2.1/thumb/v7-m/nofp/crtbegin.o
 .bss.uwTick    0x200001f0        0x4 CMakeFiles/main.elf.dir/home/pi/stm32/STM32CubeF1/Drivers/STM32F1xx_HAL_Driver/Src/stm32f1xx_hal.c.o
                0x200001f0                uwTick
 .bss.motor_counter
                0x200001f4        0x4 CMakeFiles/main.elf.dir/Core/main.c.o
                0x200001f4                motor_counter
 .bss.gen_counter
                0x200001f8        0x4 CMakeFiles/main.elf.dir/Core/main.c.o
                0x200001f8                gen_counter
 .bss.uart2_rx_byte
                0x200001fc        0x1 CMakeFiles/main.elf.dir/Core/hardware/App_Uart2.c.o
                0x200001fc                uart2_rx_byte
 *fill*         0x200001fd        0x3 
 .bss.hdma_usart2_rx
                0x20000200       0x44 CMakeFiles/main.elf.dir/Core/hardware/App_Uart2.c.o
 .bss.hdma_usart2_tx
                0x20000244       0x44 CMakeFiles/main.elf.dir/Core/hardware/App_Uart2.c.o
 .bss.huart2    0x20000288       0x48 CMakeFiles/main.elf.dir/Core/hardware/App_Uart2.c.o
                0x20000288                huart2
 .bss.__sf      0x200002d0      0x138 /home/pi/stm32/arm-gnu-toolchain-15.2.rel1-aarch64-arm-none-eabi/bin/../lib/gcc/arm-none-eabi/15.2.1/../../../../arm-none-eabi/lib/thumb/v7-m/nofp/libg_nano.a(libc_a-findfp.o)
                0x200002d0                __sf
 .bss.__stdio_exit_handler
                0x20000408        0x4 /home/pi/stm32/arm-gnu-toolchain-15.2.rel1-aarch64-arm-none-eabi/bin/../lib/gcc/arm-none-eabi/15.2.1/../../../../arm-none-eabi/lib/thumb/v7-m/nofp/libg_nano.a(libc_a-findfp.o)
                0x20000408                __stdio_exit_handler
 .bss.errno     0x2000040c        0x4 /home/pi/stm32/arm-gnu-toolchain-15.2.rel1-aarch64-arm-none-eabi/bin/../lib/gcc/arm-none-eabi/15.2.1/../../../../arm-none-eabi/lib/thumb/v7-m/nofp/libg_nano.a(libc_a-reent.o)
                0x2000040c                errno
 .bss.__lock___malloc_recursive_mutex
                0x20000410        0x1 /home/pi/stm32/arm-gnu-toolchain-15.2.rel1-aarch64-arm-none-eabi/bin/../lib/gcc/arm-none-eabi/15.2.1/../../../../arm-none-eabi/lib/thumb/v7-m/nofp/libg_nano.a(libc_a-lock.o)
                0x20000410                __lock___malloc_recursive_mutex
 .bss.__lock___sfp_recursive_mutex
                0x20000411        0x1 /home/pi/stm32/arm-gnu-toolchain-15.2.rel1-aarch64-arm-none-eabi/bin/../lib/gcc/arm-none-eabi/15.2.1/../../../../arm-none-eabi/lib/thumb/v7-m/nofp/libg_nano.a(libc_a-lock.o)
                0x20000411                __lock___sfp_recursive_mutex
 *fill*         0x20000412        0x2 
 .bss.__malloc_sbrk_start
                0x20000414        0x4 /home/pi/stm32/arm-gnu-toolchain-15.2.rel1-aarch64-arm-none-eabi/bin/../lib/gcc/arm-none-eabi/15.2.1/../../../../arm-none-eabi/lib/thumb/v7-m/nofp/libg_nano.a(libc_a-mallocr.o)
                0x20000414                __malloc_sbrk_start
 .bss.__malloc_free_list
                0x20000418        0x4 /home/pi/stm32/arm-gnu-toolchain-15.2.rel1-aarch64-arm-none-eabi/bin/../lib/gcc/arm-none-eabi/15.2.1/../../../../arm-none-eabi/lib/thumb/v7-m/nofp/libg_nano.a(libc_a-mallocr.o)
                0x20000418                __malloc_free_list
 .bss.heap_end.0
                0x2000041c        0x4 /home/pi/stm32/arm-gnu-toolchain-15.2.rel1-aarch64-arm-none-eabi/bin/../lib/gcc/arm-none-eabi/15.2.1/../../../../arm-none-eabi/lib/thumb/v7-m/nofp/libnosys.a(sbrk.o)
 *(COMMON)
                0x20000420                        . = ALIGN (0x4)
                0x20000420                        _ebss = .
                0x20000420                        __bss_end__ = _ebss

._user_heap_stack
                0x20000420      0x600 load address 0x08004fd0
                0x20000420                        . = ALIGN (0x8)
                0x20000420                        PROVIDE (end = .)
                [!provide]                        PROVIDE (_end = .)
                0x20000620                        . = (. + _Min_Heap_Size)
 *fill*         0x20000420      0x200 
                0x20000a20                        . = (. + _Min_Stack_Size)
 *fill*         0x20000620      0x400 
                0x20000a20                        . = ALIGN (0x8)

/DISCARD/
 libc.a(*)
 libm.a(*)
 libgcc.a(*)

.ARM.attributes
                0x00000000       0x29
 *(.ARM.attributes)
 .ARM.attributes
                0x00000000       0x1d /home/pi/stm32/arm-gnu-toolchain-15.2.rel1-aarch64-arm-none-eabi/bin/../lib/gcc/arm-none-eabi/15.2.1/thumb/v7-m/nofp/crti.o
 .ARM.attributes
                0x0000001d       0x2d /home/pi/stm32/arm-gnu-toolchain-15.2.rel1-aarch64-arm-none-eabi/bin/../lib/gcc/arm-none-eabi/15.2.1/thumb/v7-m/nofp/crtbegin.o
 .ARM.attributes
                0x0000004a       0x21 CMakeFiles/main.elf.dir/startup/startup_stm32f103xb.s.o
 .ARM.attributes
                0x0000006b       0x2d CMakeFiles/main.elf.dir/Core/system_stm32f1xx.c.o
 .ARM.attributes
                0x00000098       0x2d CMakeFiles/main.elf.dir/home/pi/stm32/STM32CubeF1/Drivers/STM32F1xx_HAL_Driver/Src/stm32f1xx_hal.c.o
 .ARM.attributes
                0x000000c5       0x2d CMakeFiles/main.elf.dir/home/pi/stm32/STM32CubeF1/Drivers/STM32F1xx_HAL_Driver/Src/stm32f1xx_hal_cortex.c.o
 .ARM.attributes
                0x000000f2       0x2d CMakeFiles/main.elf.dir/home/pi/stm32/STM32CubeF1/Drivers/STM32F1xx_HAL_Driver/Src/stm32f1xx_hal_gpio.c.o
 .ARM.attributes
                0x0000011f       0x2d CMakeFiles/main.elf.dir/home/pi/stm32/STM32CubeF1/Drivers/STM32F1xx_HAL_Driver/Src/stm32f1xx_hal_rcc.c.o
 .ARM.attributes
                0x0000014c       0x2d CMakeFiles/main.elf.dir/home/pi/stm32/STM32CubeF1/Drivers/STM32F1xx_HAL_Driver/Src/stm32f1xx_hal_exti.c.o
 .ARM.attributes
                0x00000179       0x2d CMakeFiles/main.elf.dir/home/pi/stm32/STM32CubeF1/Drivers/STM32F1xx_HAL_Driver/Src/stm32f1xx_hal_dma.c.o
 .ARM.attributes
                0x000001a6       0x2d CMakeFiles/main.elf.dir/home/pi/stm32/STM32CubeF1/Drivers/STM32F1xx_HAL_Driver/Src/stm32f1xx_hal_uart.c.o
 .ARM.attributes
                0x000001d3       0x2d CMakeFiles/main.elf.dir/Core/main.c.o
 .ARM.attributes
                0x00000200       0x2d CMakeFiles/main.elf.dir/Core/stm32f1xx_it.c.o
 .ARM.attributes
                0x0000022d       0x2d CMakeFiles/main.elf.dir/Core/hardware/App_Encoder.c.o
 .ARM.attributes
                0x0000025a       0x2d CMakeFiles/main.elf.dir/Core/hardware/App_Uart2.c.o
 .ARM.attributes
                0x00000287       0x2d /home/pi/stm32/arm-gnu-toolchain-15.2.rel1-aarch64-arm-none-eabi/bin/../lib/gcc/arm-none-eabi/15.2.1/../../../../arm-none-eabi/lib/thumb/v7-m/nofp/libg_nano.a(libc_a-nano-vfprintf_float.o)
 .ARM.attributes
                0x000002b4       0x2d /home/pi/stm32/arm-gnu-toolchain-15.2.rel1-aarch64-arm-none-eabi/bin/../lib/gcc/arm-none-eabi/15.2.1/../../../../arm-none-eabi/lib/thumb/v7-m/nofp/libg_nano.a(libc_a-nano-vfprintf_i.o)
 .ARM.attributes
                0x000002e1       0x2d /home/pi/stm32/arm-gnu-toolchain-15.2.rel1-aarch64-arm-none-eabi/bin/../lib/gcc/arm-none-eabi/15.2.1/../../../../arm-none-eabi/lib/thumb/v7-m/nofp/libg_nano.a(libc_a-findfp.o)
 .ARM.attributes
                0x0000030e       0x2d /home/pi/stm32/arm-gnu-toolchain-15.2.rel1-aarch64-arm-none-eabi/bin/../lib/gcc/arm-none-eabi/15.2.1/../../../../arm-none-eabi/lib/thumb/v7-m/nofp/libg_nano.a(libc_a-fwalk.o)
 .ARM.attributes
                0x0000033b       0x2d /home/pi/stm32/arm-gnu-toolchain-15.2.rel1-aarch64-arm-none-eabi/bin/../lib/gcc/arm-none-eabi/15.2.1/../../../../arm-none-eabi/lib/thumb/v7-m/nofp/libg_nano.a(libc_a-puts.o)
 .ARM.attributes
                0x00000368       0x2d /home/pi/stm32/arm-gnu-toolchain-15.2.rel1-aarch64-arm-none-eabi/bin/../lib/gcc/arm-none-eabi/15.2.1/../../../../arm-none-eabi/lib/thumb/v7-m/nofp/libg_nano.a(libc_a-stdio.o)
 .ARM.attributes
                0x00000395       0x2d /home/pi/stm32/arm-gnu-toolchain-15.2.rel1-aarch64-arm-none-eabi/bin/../lib/gcc/arm-none-eabi/15.2.1/../../../../arm-none-eabi/lib/thumb/v7-m/nofp/libg_nano.a(libc_a-wbuf.o)
 .ARM.attributes
                0x000003c2       0x2d /home/pi/stm32/arm-gnu-toolchain-15.2.rel1-aarch64-arm-none-eabi/bin/../lib/gcc/arm-none-eabi/15.2.1/../../../../arm-none-eabi/lib/thumb/v7-m/nofp/libg_nano.a(libc_a-wsetup.o)
 .ARM.attributes
                0x000003ef       0x2d /home/pi/stm32/arm-gnu-toolchain-15.2.rel1-aarch64-arm-none-eabi/bin/../lib/gcc/arm-none-eabi/15.2.1/../../../../arm-none-eabi/lib/thumb/v7-m/nofp/libg_nano.a(libc_a-memset.o)
 .ARM.attributes
                0x0000041c       0x2d /home/pi/stm32/arm-gnu-toolchain-15.2.rel1-aarch64-arm-none-eabi/bin/../lib/gcc/arm-none-eabi/15.2.1/../../../../arm-none-eabi/lib/thumb/v7-m/nofp/libg_nano.a(libc_a-localeconv.o)
 .ARM.attributes
                0x00000449       0x2d /home/pi/stm32/arm-gnu-toolchain-15.2.rel1-aarch64-arm-none-eabi/bin/../lib/gcc/arm-none-eabi/15.2.1/../../../../arm-none-eabi/lib/thumb/v7-m/nofp/libg_nano.a(libc_a-closer.o)
 .ARM.attributes
                0x00000476       0x2d /home/pi/stm32/arm-gnu-toolchain-15.2.rel1-aarch64-arm-none-eabi/bin/../lib/gcc/arm-none-eabi/15.2.1/../../../../arm-none-eabi/lib/thumb/v7-m/nofp/libg_nano.a(libc_a-reent.o)
 .ARM.attributes
                0x000004a3       0x2d /home/pi/stm32/arm-gnu-toolchain-15.2.rel1-aarch64-arm-none-eabi/bin/../lib/gcc/arm-none-eabi/15.2.1/../../../../arm-none-eabi/lib/thumb/v7-m/nofp/libg_nano.a(libc_a-impure.o)
 .ARM.attributes
                0x000004d0       0x2d /home/pi/stm32/arm-gnu-toolchain-15.2.rel1-aarch64-arm-none-eabi/bin/../lib/gcc/arm-none-eabi/15.2.1/../../../../arm-none-eabi/lib/thumb/v7-m/nofp/libg_nano.a(libc_a-lseekr.o)
 .ARM.attributes
                0x000004fd       0x2d /home/pi/stm32/arm-gnu-toolchain-15.2.rel1-aarch64-arm-none-eabi/bin/../lib/gcc/arm-none-eabi/15.2.1/../../../../arm-none-eabi/lib/thumb/v7-m/nofp/libg_nano.a(libc_a-readr.o)
 .ARM.attributes
                0x0000052a       0x2d /home/pi/stm32/arm-gnu-toolchain-15.2.rel1-aarch64-arm-none-eabi/bin/../lib/gcc/arm-none-eabi/15.2.1/../../../../arm-none-eabi/lib/thumb/v7-m/nofp/libg_nano.a(libc_a-writer.o)
 .ARM.attributes
                0x00000557       0x2d /home/pi/stm32/arm-gnu-toolchain-15.2.rel1-aarch64-arm-none-eabi/bin/../lib/gcc/arm-none-eabi/15.2.1/../../../../arm-none-eabi/lib/thumb/v7-m/nofp/libg_nano.a(libc_a-init.o)
 .ARM.attributes
                0x00000584       0x2d /home/pi/stm32/arm-gnu-toolchain-15.2.rel1-aarch64-arm-none-eabi/bin/../lib/gcc/arm-none-eabi/15.2.1/../../../../arm-none-eabi/lib/thumb/v7-m/nofp/libg_nano.a(libc_a-lock.o)
 .ARM.attributes
                0x000005b1       0x2d /home/pi/stm32/arm-gnu-toolchain-15.2.rel1-aarch64-arm-none-eabi/bin/../lib/gcc/arm-none-eabi/15.2.1/../../../../arm-none-eabi/lib/thumb/v7-m/nofp/libg_nano.a(libc_a-memchr-stub.o)
 .ARM.attributes
                0x000005de       0x17 /home/pi/stm32/arm-gnu-toolchain-15.2.rel1-aarch64-arm-none-eabi/bin/../lib/gcc/arm-none-eabi/15.2.1/../../../../arm-none-eabi/lib/thumb/v7-m/nofp/libg_nano.a(libc_a-strlen.o)
 .ARM.attributes
                0x000005f5       0x2d /home/pi/stm32/arm-gnu-toolchain-15.2.rel1-aarch64-arm-none-eabi/bin/../lib/gcc/arm-none-eabi/15.2.1/../../../../arm-none-eabi/lib/thumb/v7-m/nofp/libg_nano.a(libc_a-dtoa.o)
 .ARM.attributes
                0x00000622       0x2d /home/pi/stm32/arm-gnu-toolchain-15.2.rel1-aarch64-arm-none-eabi/bin/../lib/gcc/arm-none-eabi/15.2.1/../../../../arm-none-eabi/lib/thumb/v7-m/nofp/libg_nano.a(libc_a-freer.o)
 .ARM.attributes
                0x0000064f       0x2d /home/pi/stm32/arm-gnu-toolchain-15.2.rel1-aarch64-arm-none-eabi/bin/../lib/gcc/arm-none-eabi/15.2.1/../../../../arm-none-eabi/lib/thumb/v7-m/nofp/libg_nano.a(libc_a-malloc.o)
 .ARM.attributes
                0x0000067c       0x2d /home/pi/stm32/arm-gnu-toolchain-15.2.rel1-aarch64-arm-none-eabi/bin/../lib/gcc/arm-none-eabi/15.2.1/../../../../arm-none-eabi/lib/thumb/v7-m/nofp/libg_nano.a(libc_a-mallocr.o)
 .ARM.attributes
                0x000006a9       0x2d /home/pi/stm32/arm-gnu-toolchain-15.2.rel1-aarch64-arm-none-eabi/bin/../lib/gcc/arm-none-eabi/15.2.1/../../../../arm-none-eabi/lib/thumb/v7-m/nofp/libg_nano.a(libc_a-mlock.o)
 .ARM.attributes
                0x000006d6       0x2d /home/pi/stm32/arm-gnu-toolchain-15.2.rel1-aarch64-arm-none-eabi/bin/../lib/gcc/arm-none-eabi/15.2.1/../../../../arm-none-eabi/lib/thumb/v7-m/nofp/libg_nano.a(libc_a-mprec.o)
 .ARM.attributes
                0x00000703       0x2d /home/pi/stm32/arm-gnu-toolchain-15.2.rel1-aarch64-arm-none-eabi/bin/../lib/gcc/arm-none-eabi/15.2.1/../../../../arm-none-eabi/lib/thumb/v7-m/nofp/libg_nano.a(libc_a-fflush.o)
 .ARM.attributes
                0x00000730       0x2d /home/pi/stm32/arm-gnu-toolchain-15.2.rel1-aarch64-arm-none-eabi/bin/../lib/gcc/arm-none-eabi/15.2.1/../../../../arm-none-eabi/lib/thumb/v7-m/nofp/libg_nano.a(libc_a-makebuf.o)
 .ARM.attributes
                0x0000075d       0x2d /home/pi/stm32/arm-gnu-toolchain-15.2.rel1-aarch64-arm-none-eabi/bin/../lib/gcc/arm-none-eabi/15.2.1/../../../../arm-none-eabi/lib/thumb/v7-m/nofp/libg_nano.a(libc_a-locale.o)
 .ARM.attributes
                0x0000078a       0x2d /home/pi/stm32/arm-gnu-toolchain-15.2.rel1-aarch64-arm-none-eabi/bin/../lib/gcc/arm-none-eabi/15.2.1/../../../../arm-none-eabi/lib/thumb/v7-m/nofp/libg_nano.a(libc_a-fstatr.o)
 .ARM.attributes
                0x000007b7       0x2d /home/pi/stm32/arm-gnu-toolchain-15.2.rel1-aarch64-arm-none-eabi/bin/../lib/gcc/arm-none-eabi/15.2.1/../../../../arm-none-eabi/lib/thumb/v7-m/nofp/libg_nano.a(libc_a-isattyr.o)
 .ARM.attributes
                0x000007e4       0x2d /home/pi/stm32/arm-gnu-toolchain-15.2.rel1-aarch64-arm-none-eabi/bin/../lib/gcc/arm-none-eabi/15.2.1/../../../../arm-none-eabi/lib/thumb/v7-m/nofp/libg_nano.a(libc_a-sbrkr.o)
 .ARM.attributes
                0x00000811       0x2d /home/pi/stm32/arm-gnu-toolchain-15.2.rel1-aarch64-arm-none-eabi/bin/../lib/gcc/arm-none-eabi/15.2.1/../../../../arm-none-eabi/lib/thumb/v7-m/nofp/libg_nano.a(libc_a-memcpy-stub.o)
 .ARM.attributes
                0x0000083e       0x2d /home/pi/stm32/arm-gnu-toolchain-15.2.rel1-aarch64-arm-none-eabi/bin/../lib/gcc/arm-none-eabi/15.2.1/../../../../arm-none-eabi/lib/thumb/v7-m/nofp/libg_nano.a(libc_a-assert.o)
 .ARM.attributes
                0x0000086b       0x2d /home/pi/stm32/arm-gnu-toolchain-15.2.rel1-aarch64-arm-none-eabi/bin/../lib/gcc/arm-none-eabi/15.2.1/../../../../arm-none-eabi/lib/thumb/v7-m/nofp/libg_nano.a(libc_a-callocr.o)
 .ARM.attributes
                0x00000898       0x2d /home/pi/stm32/arm-gnu-toolchain-15.2.rel1-aarch64-arm-none-eabi/bin/../lib/gcc/arm-none-eabi/15.2.1/../../../../arm-none-eabi/lib/thumb/v7-m/nofp/libg_nano.a(libc_a-mbtowc_r.o)
 .ARM.attributes
                0x000008c5       0x2d /home/pi/stm32/arm-gnu-toolchain-15.2.rel1-aarch64-arm-none-eabi/bin/../lib/gcc/arm-none-eabi/15.2.1/../../../../arm-none-eabi/lib/thumb/v7-m/nofp/libg_nano.a(libc_a-wctomb_r.o)
 .ARM.attributes
                0x000008f2       0x2d /home/pi/stm32/arm-gnu-toolchain-15.2.rel1-aarch64-arm-none-eabi/bin/../lib/gcc/arm-none-eabi/15.2.1/../../../../arm-none-eabi/lib/thumb/v7-m/nofp/libg_nano.a(libc_a-ctype_.o)
 .ARM.attributes
                0x0000091f       0x2d /home/pi/stm32/arm-gnu-toolchain-15.2.rel1-aarch64-arm-none-eabi/bin/../lib/gcc/arm-none-eabi/15.2.1/../../../../arm-none-eabi/lib/thumb/v7-m/nofp/libg_nano.a(libc_a-fprintf.o)
 .ARM.attributes
                0x0000094c       0x2d /home/pi/stm32/arm-gnu-toolchain-15.2.rel1-aarch64-arm-none-eabi/bin/../lib/gcc/arm-none-eabi/15.2.1/../../../../arm-none-eabi/lib/thumb/v7-m/nofp/libg_nano.a(libc_a-abort.o)
 .ARM.attributes
                0x00000979       0x2d /home/pi/stm32/arm-gnu-toolchain-15.2.rel1-aarch64-arm-none-eabi/bin/../lib/gcc/arm-none-eabi/15.2.1/../../../../arm-none-eabi/lib/thumb/v7-m/nofp/libg_nano.a(libc_a-nano-vfprintf.o)
 .ARM.attributes
                0x000009a6       0x2d /home/pi/stm32/arm-gnu-toolchain-15.2.rel1-aarch64-arm-none-eabi/bin/../lib/gcc/arm-none-eabi/15.2.1/../../../../arm-none-eabi/lib/thumb/v7-m/nofp/libg_nano.a(libc_a-signal.o)
 .ARM.attributes
                0x000009d3       0x2d /home/pi/stm32/arm-gnu-toolchain-15.2.rel1-aarch64-arm-none-eabi/bin/../lib/gcc/arm-none-eabi/15.2.1/../../../../arm-none-eabi/lib/thumb/v7-m/nofp/libg_nano.a(libc_a-signalr.o)
 .ARM.attributes
                0x00000a00       0x1d /home/pi/stm32/arm-gnu-toolchain-15.2.rel1-aarch64-arm-none-eabi/bin/../lib/gcc/arm-none-eabi/15.2.1/thumb/v7-m/nofp/libgcc.a(_arm_addsubdf3.o)
 .ARM.attributes
                0x00000a1d       0x1d /home/pi/stm32/arm-gnu-toolchain-15.2.rel1-aarch64-arm-none-eabi/bin/../lib/gcc/arm-none-eabi/15.2.1/thumb/v7-m/nofp/libgcc.a(_arm_muldivdf3.o)
 .ARM.attributes
                0x00000a3a       0x1d /home/pi/stm32/arm-gnu-toolchain-15.2.rel1-aarch64-arm-none-eabi/bin/../lib/gcc/arm-none-eabi/15.2.1/thumb/v7-m/nofp/libgcc.a(_arm_cmpdf2.o)
 .ARM.attributes
                0x00000a57       0x1d /home/pi/stm32/arm-gnu-toolchain-15.2.rel1-aarch64-arm-none-eabi/bin/../lib/gcc/arm-none-eabi/15.2.1/thumb/v7-m/nofp/libgcc.a(_arm_unorddf2.o)
 .ARM.attributes
                0x00000a74       0x1d /home/pi/stm32/arm-gnu-toolchain-15.2.rel1-aarch64-arm-none-eabi/bin/../lib/gcc/arm-none-eabi/15.2.1/thumb/v7-m/nofp/libgcc.a(_arm_fixdfsi.o)
 .ARM.attributes
                0x00000a91       0x2d /home/pi/stm32/arm-gnu-toolchain-15.2.rel1-aarch64-arm-none-eabi/bin/../lib/gcc/arm-none-eabi/15.2.1/../../../../arm-none-eabi/lib/thumb/v7-m/nofp/libnosys.a(close.o)
 .ARM.attributes
                0x00000abe       0x2d /home/pi/stm32/arm-gnu-toolchain-15.2.rel1-aarch64-arm-none-eabi/bin/../lib/gcc/arm-none-eabi/15.2.1/../../../../arm-none-eabi/lib/thumb/v7-m/nofp/libnosys.a(fstat.o)
 .ARM.attributes
                0x00000aeb       0x2d /home/pi/stm32/arm-gnu-toolchain-15.2.rel1-aarch64-arm-none-eabi/bin/../lib/gcc/arm-none-eabi/15.2.1/../../../../arm-none-eabi/lib/thumb/v7-m/nofp/libnosys.a(getpid.o)
 .ARM.attributes
                0x00000b18       0x2d /home/pi/stm32/arm-gnu-toolchain-15.2.rel1-aarch64-arm-none-eabi/bin/../lib/gcc/arm-none-eabi/15.2.1/../../../../arm-none-eabi/lib/thumb/v7-m/nofp/libnosys.a(isatty.o)
 .ARM.attributes
                0x00000b45       0x2d /home/pi/stm32/arm-gnu-toolchain-15.2.rel1-aarch64-arm-none-eabi/bin/../lib/gcc/arm-none-eabi/15.2.1/../../../../arm-none-eabi/lib/thumb/v7-m/nofp/libnosys.a(kill.o)
 .ARM.attributes
                0x00000b72       0x2d /home/pi/stm32/arm-gnu-toolchain-15.2.rel1-aarch64-arm-none-eabi/bin/../lib/gcc/arm-none-eabi/15.2.1/../../../../arm-none-eabi/lib/thumb/v7-m/nofp/libnosys.a(lseek.o)
 .ARM.attributes
                0x00000b9f       0x2d /home/pi/stm32/arm-gnu-toolchain-15.2.rel1-aarch64-arm-none-eabi/bin/../lib/gcc/arm-none-eabi/15.2.1/../../../../arm-none-eabi/lib/thumb/v7-m/nofp/libnosys.a(read.o)
 .ARM.attributes
                0x00000bcc       0x2d /home/pi/stm32/arm-gnu-toolchain-15.2.rel1-aarch64-arm-none-eabi/bin/../lib/gcc/arm-none-eabi/15.2.1/../../../../arm-none-eabi/lib/thumb/v7-m/nofp/libnosys.a(sbrk.o)
 .ARM.attributes
                0x00000bf9       0x2d /home/pi/stm32/arm-gnu-toolchain-15.2.rel1-aarch64-arm-none-eabi/bin/../lib/gcc/arm-none-eabi/15.2.1/../../../../arm-none-eabi/lib/thumb/v7-m/nofp/libnosys.a(_exit.o)
 .ARM.attributes
                0x00000c26       0x2d /home/pi/stm32/arm-gnu-toolchain-15.2.rel1-aarch64-arm-none-eabi/bin/../lib/gcc/arm-none-eabi/15.2.1/thumb/v7-m/nofp/crtend.o
 .ARM.attributes
                0x00000c53       0x1d /home/pi/stm32/arm-gnu-toolchain-15.2.rel1-aarch64-arm-none-eabi/bin/../lib/gcc/arm-none-eabi/15.2.1/thumb/v7-m/nofp/crtn.o
OUTPUT(main.elf elf32-littlearm)
LOAD linker stubs
LOAD /home/pi/stm32/arm-gnu-toolchain-15.2.rel1-aarch64-arm-none-eabi/bin/../lib/gcc/arm-none-eabi/15.2.1/../../../../arm-none-eabi/lib/thumb/v7-m/nofp/libc.a
LOAD /home/pi/stm32/arm-gnu-toolchain-15.2.rel1-aarch64-arm-none-eabi/bin/../lib/gcc/arm-none-eabi/15.2.1/../../../../arm-none-eabi/lib/thumb/v7-m/nofp/libm.a
LOAD /home/pi/stm32/arm-gnu-toolchain-15.2.rel1-aarch64-arm-none-eabi/bin/../lib/gcc/arm-none-eabi/15.2.1/thumb/v7-m/nofp/libgcc.a

.debug_line     0x00000000     0x74b2
 .debug_line    0x00000000       0x78 CMakeFiles/main.elf.dir/startup/startup_stm32f103xb.s.o
 .debug_line    0x00000078      0x25c CMakeFiles/main.elf.dir/Core/system_stm32f1xx.c.o
 .debug_line    0x000002d4      0x5c2 CMakeFiles/main.elf.dir/home/pi/stm32/STM32CubeF1/Drivers/STM32F1xx_HAL_Driver/Src/stm32f1xx_hal.c.o
 .debug_line    0x00000896      0x6f3 CMakeFiles/main.elf.dir/home/pi/stm32/STM32CubeF1/Drivers/STM32F1xx_HAL_Driver/Src/stm32f1xx_hal_cortex.c.o
 .debug_line    0x00000f89      0x5cd CMakeFiles/main.elf.dir/home/pi/stm32/STM32CubeF1/Drivers/STM32F1xx_HAL_Driver/Src/stm32f1xx_hal_gpio.c.o
 .debug_line    0x00001556      0xcec CMakeFiles/main.elf.dir/home/pi/stm32/STM32CubeF1/Drivers/STM32F1xx_HAL_Driver/Src/stm32f1xx_hal_rcc.c.o
 .debug_line    0x00002242      0x5f0 CMakeFiles/main.elf.dir/home/pi/stm32/STM32CubeF1/Drivers/STM32F1xx_HAL_Driver/Src/stm32f1xx_hal_exti.c.o
 .debug_line    0x00002832      0xb06 CMakeFiles/main.elf.dir/home/pi/stm32/STM32CubeF1/Drivers/STM32F1xx_HAL_Driver/Src/stm32f1xx_hal_dma.c.o
 .debug_line    0x00003338     0x3428 CMakeFiles/main.elf.dir/home/pi/stm32/STM32CubeF1/Drivers/STM32F1xx_HAL_Driver/Src/stm32f1xx_hal_uart.c.o
 .debug_line    0x00006760      0x3aa CMakeFiles/main.elf.dir/Core/main.c.o
 .debug_line    0x00006b0a      0x160 CMakeFiles/main.elf.dir/Core/stm32f1xx_it.c.o
 .debug_line    0x00006c6a      0x46d CMakeFiles/main.elf.dir/Core/hardware/App_Encoder.c.o
 .debug_line    0x000070d7      0x3db CMakeFiles/main.elf.dir/Core/hardware/App_Uart2.c.o

.debug_line_str
                0x00000000      0x22f
 .debug_line_str
                0x00000000      0x22f CMakeFiles/main.elf.dir/startup/startup_stm32f103xb.s.o
                                 0x6c (size before relaxing)
 .debug_line_str
                0x0000022f        0x0 /home/pi/stm32/arm-gnu-toolchain-15.2.rel1-aarch64-arm-none-eabi/bin/../lib/gcc/arm-none-eabi/15.2.1/../../../../arm-none-eabi/lib/thumb/v7-m/nofp/libg_nano.a(libc_a-strlen.o)
                                 0xf0 (size before relaxing)
 .debug_line_str
                0x0000022f        0x0 /home/pi/stm32/arm-gnu-toolchain-15.2.rel1-aarch64-arm-none-eabi/bin/../lib/gcc/arm-none-eabi/15.2.1/thumb/v7-m/nofp/libgcc.a(_arm_addsubdf3.o)
                                 0xd3 (size before relaxing)
 .debug_line_str
                0x0000022f        0x0 /home/pi/stm32/arm-gnu-toolchain-15.2.rel1-aarch64-arm-none-eabi/bin/../lib/gcc/arm-none-eabi/15.2.1/thumb/v7-m/nofp/libgcc.a(_arm_muldivdf3.o)
                                 0xd3 (size before relaxing)
 .debug_line_str
                0x0000022f        0x0 /home/pi/stm32/arm-gnu-toolchain-15.2.rel1-aarch64-arm-none-eabi/bin/../lib/gcc/arm-none-eabi/15.2.1/thumb/v7-m/nofp/libgcc.a(_arm_cmpdf2.o)
                                 0xd3 (size before relaxing)
 .debug_line_str
                0x0000022f        0x0 /home/pi/stm32/arm-gnu-toolchain-15.2.rel1-aarch64-arm-none-eabi/bin/../lib/gcc/arm-none-eabi/15.2.1/thumb/v7-m/nofp/libgcc.a(_arm_unorddf2.o)
                                 0xd3 (size before relaxing)
 .debug_line_str
                0x0000022f        0x0 /home/pi/stm32/arm-gnu-toolchain-15.2.rel1-aarch64-arm-none-eabi/bin/../lib/gcc/arm-none-eabi/15.2.1/thumb/v7-m/nofp/libgcc.a(_arm_fixdfsi.o)
                                 0xd3 (size before relaxing)

.debug_info     0x00000000     0x922a
 .debug_info    0x00000000       0x30 CMakeFiles/main.elf.dir/startup/startup_stm32f103xb.s.o
 .debug_info    0x00000030      0x22b CMakeFiles/main.elf.dir/Core/system_stm32f1xx.c.o
 .debug_info    0x0000025b      0x7dd CMakeFiles/main.elf.dir/home/pi/stm32/STM32CubeF1/Drivers/STM32F1xx_HAL_Driver/Src/stm32f1xx_hal.c.o
 .debug_info    0x00000a38      0xcdd CMakeFiles/main.elf.dir/home/pi/stm32/STM32CubeF1/Drivers/STM32F1xx_HAL_Driver/Src/stm32f1xx_hal_cortex.c.o
 .debug_info    0x00001715      0x613 CMakeFiles/main.elf.dir/home/pi/stm32/STM32CubeF1/Drivers/STM32F1xx_HAL_Driver/Src/stm32f1xx_hal_gpio.c.o
 .debug_info    0x00001d28      0xa10 CMakeFiles/main.elf.dir/home/pi/stm32/STM32CubeF1/Drivers/STM32F1xx_HAL_Driver/Src/stm32f1xx_hal_rcc.c.o
 .debug_info    0x00002738      0x569 CMakeFiles/main.elf.dir/home/pi/stm32/STM32CubeF1/Drivers/STM32F1xx_HAL_Driver/Src/stm32f1xx_hal_exti.c.o
 .debug_info    0x00002ca1      0x7e9 CMakeFiles/main.elf.dir/home/pi/stm32/STM32CubeF1/Drivers/STM32F1xx_HAL_Driver/Src/stm32f1xx_hal_dma.c.o
 .debug_info    0x0000348a     0x3d21 CMakeFiles/main.elf.dir/home/pi/stm32/STM32CubeF1/Drivers/STM32F1xx_HAL_Driver/Src/stm32f1xx_hal_uart.c.o
 .debug_info    0x000071ab      0xb00 CMakeFiles/main.elf.dir/Core/main.c.o
 .debug_info    0x00007cab      0x10c CMakeFiles/main.elf.dir/Core/stm32f1xx_it.c.o
 .debug_info    0x00007db7      0x91c CMakeFiles/main.elf.dir/Core/hardware/App_Encoder.c.o
 .debug_info    0x000086d3      0xb57 CMakeFiles/main.elf.dir/Core/hardware/App_Uart2.c.o

.debug_abbrev   0x00000000     0x1ccb
 .debug_abbrev  0x00000000       0x24 CMakeFiles/main.elf.dir/startup/startup_stm32f103xb.s.o
 .debug_abbrev  0x00000024      0x149 CMakeFiles/main.elf.dir/Core/system_stm32f1xx.c.o
 .debug_abbrev  0x0000016d      0x276 CMakeFiles/main.elf.dir/home/pi/stm32/STM32CubeF1/Drivers/STM32F1xx_HAL_Driver/Src/stm32f1xx_hal.c.o
 .debug_abbrev  0x000003e3      0x367 CMakeFiles/main.elf.dir/home/pi/stm32/STM32CubeF1/Drivers/STM32F1xx_HAL_Driver/Src/stm32f1xx_hal_cortex.c.o
 .debug_abbrev  0x0000074a      0x204 CMakeFiles/main.elf.dir/home/pi/stm32/STM32CubeF1/Drivers/STM32F1xx_HAL_Driver/Src/stm32f1xx_hal_gpio.c.o
 .debug_abbrev  0x0000094e      0x303 CMakeFiles/main.elf.dir/home/pi/stm32/STM32CubeF1/Drivers/STM32F1xx_HAL_Driver/Src/stm32f1xx_hal_rcc.c.o
 .debug_abbrev  0x00000c51      0x1f6 CMakeFiles/main.elf.dir/home/pi/stm32/STM32CubeF1/Drivers/STM32F1xx_HAL_Driver/Src/stm32f1xx_hal_exti.c.o
 .debug_abbrev  0x00000e47      0x264 CMakeFiles/main.elf.dir/home/pi/stm32/STM32CubeF1/Drivers/STM32F1xx_HAL_Driver/Src/stm32f1xx_hal_dma.c.o
 .debug_abbrev  0x000010ab      0x434 CMakeFiles/main.elf.dir/home/pi/stm32/STM32CubeF1/Drivers/STM32F1xx_HAL_Driver/Src/stm32f1xx_hal_uart.c.o
 .debug_abbrev  0x000014df      0x286 CMakeFiles/main.elf.dir/Core/main.c.o
 .debug_abbrev  0x00001765       0xba CMakeFiles/main.elf.dir/Core/stm32f1xx_it.c.o
 .debug_abbrev  0x0000181f      0x222 CMakeFiles/main.elf.dir/Core/hardware/App_Encoder.c.o
 .debug_abbrev  0x00001a41      0x28a CMakeFiles/main.elf.dir/Core/hardware/App_Uart2.c.o

.debug_aranges  0x00000000      0x678
 .debug_aranges
                0x00000000       0x28 CMakeFiles/main.elf.dir/startup/startup_stm32f103xb.s.o
 .debug_aranges
                0x00000028       0x28 CMakeFiles/main.elf.dir/Core/system_stm32f1xx.c.o
 .debug_aranges
                0x00000050       0xe0 CMakeFiles/main.elf.dir/home/pi/stm32/STM32CubeF1/Drivers/STM32F1xx_HAL_Driver/Src/stm32f1xx_hal.c.o
 .debug_aranges
                0x00000130       0x90 CMakeFiles/main.elf.dir/home/pi/stm32/STM32CubeF1/Drivers/STM32F1xx_HAL_Driver/Src/stm32f1xx_hal_cortex.c.o
 .debug_aranges
                0x000001c0       0x58 CMakeFiles/main.elf.dir/home/pi/stm32/STM32CubeF1/Drivers/STM32F1xx_HAL_Driver/Src/stm32f1xx_hal_gpio.c.o
 .debug_aranges
                0x00000218       0x88 CMakeFiles/main.elf.dir/home/pi/stm32/STM32CubeF1/Drivers/STM32F1xx_HAL_Driver/Src/stm32f1xx_hal_rcc.c.o
 .debug_aranges
                0x000002a0       0x60 CMakeFiles/main.elf.dir/home/pi/stm32/STM32CubeF1/Drivers/STM32F1xx_HAL_Driver/Src/stm32f1xx_hal_exti.c.o
 .debug_aranges
                0x00000300       0x78 CMakeFiles/main.elf.dir/home/pi/stm32/STM32CubeF1/Drivers/STM32F1xx_HAL_Driver/Src/stm32f1xx_hal_dma.c.o
 .debug_aranges
                0x00000378      0x1f0 CMakeFiles/main.elf.dir/home/pi/stm32/STM32CubeF1/Drivers/STM32F1xx_HAL_Driver/Src/stm32f1xx_hal_uart.c.o
 .debug_aranges
                0x00000568       0x28 CMakeFiles/main.elf.dir/Core/main.c.o
 .debug_aranges
                0x00000590       0x60 CMakeFiles/main.elf.dir/Core/stm32f1xx_it.c.o
 .debug_aranges
                0x000005f0       0x58 CMakeFiles/main.elf.dir/Core/hardware/App_Encoder.c.o
 .debug_aranges
                0x00000648       0x30 CMakeFiles/main.elf.dir/Core/hardware/App_Uart2.c.o

.debug_str      0x00000000     0x22d2
 .debug_str     0x00000000     0x22d2 CMakeFiles/main.elf.dir/startup/startup_stm32f103xb.s.o
                                 0x88 (size before relaxing)
 .debug_str     0x000022d2        0x0 CMakeFiles/main.elf.dir/Core/system_stm32f1xx.c.o
                                0x22f (size before relaxing)
 .debug_str     0x000022d2        0x0 CMakeFiles/main.elf.dir/home/pi/stm32/STM32CubeF1/Drivers/STM32F1xx_HAL_Driver/Src/stm32f1xx_hal.c.o
                                0x810 (size before relaxing)
 .debug_str     0x000022d2        0x0 CMakeFiles/main.elf.dir/home/pi/stm32/STM32CubeF1/Drivers/STM32F1xx_HAL_Driver/Src/stm32f1xx_hal_cortex.c.o
                                0x8b5 (size before relaxing)
 .debug_str     0x000022d2        0x0 CMakeFiles/main.elf.dir/home/pi/stm32/STM32CubeF1/Drivers/STM32F1xx_HAL_Driver/Src/stm32f1xx_hal_gpio.c.o
                                0x3e2 (size before relaxing)
 .debug_str     0x000022d2        0x0 CMakeFiles/main.elf.dir/home/pi/stm32/STM32CubeF1/Drivers/STM32F1xx_HAL_Driver/Src/stm32f1xx_hal_rcc.c.o
                                0x60d (size before relaxing)
 .debug_str     0x000022d2        0x0 CMakeFiles/main.elf.dir/home/pi/stm32/STM32CubeF1/Drivers/STM32F1xx_HAL_Driver/Src/stm32f1xx_hal_exti.c.o
                                0x3b8 (size before relaxing)
 .debug_str     0x000022d2        0x0 CMakeFiles/main.elf.dir/home/pi/stm32/STM32CubeF1/Drivers/STM32F1xx_HAL_Driver/Src/stm32f1xx_hal_dma.c.o
                                0x5df (size before relaxing)
 .debug_str     0x000022d2        0x0 CMakeFiles/main.elf.dir/home/pi/stm32/STM32CubeF1/Drivers/STM32F1xx_HAL_Driver/Src/stm32f1xx_hal_uart.c.o
                                0xcd6 (size before relaxing)
 .debug_str     0x000022d2        0x0 CMakeFiles/main.elf.dir/Core/main.c.o
                                0x871 (size before relaxing)
 .debug_str     0x000022d2        0x0 CMakeFiles/main.elf.dir/Core/stm32f1xx_it.c.o
                                0x209 (size before relaxing)
 .debug_str     0x000022d2        0x0 CMakeFiles/main.elf.dir/Core/hardware/App_Encoder.c.o
                                0x74e (size before relaxing)
 .debug_str     0x000022d2        0x0 CMakeFiles/main.elf.dir/Core/hardware/App_Uart2.c.o
                                0xa4c (size before relaxing)

.debug_rnglists
                0x00000000      0x65d
 .debug_rnglists
                0x00000000       0x19 CMakeFiles/main.elf.dir/startup/startup_stm32f103xb.s.o
 .debug_rnglists
                0x00000019       0x19 CMakeFiles/main.elf.dir/Core/system_stm32f1xx.c.o
 .debug_rnglists
                0x00000032       0xa3 CMakeFiles/main.elf.dir/home/pi/stm32/STM32CubeF1/Drivers/STM32F1xx_HAL_Driver/Src/stm32f1xx_hal.c.o
 .debug_rnglists
                0x000000d5       0xd9 CMakeFiles/main.elf.dir/home/pi/stm32/STM32CubeF1/Drivers/STM32F1xx_HAL_Driver/Src/stm32f1xx_hal_cortex.c.o
 .debug_rnglists
                0x000001ae       0x51 CMakeFiles/main.elf.dir/home/pi/stm32/STM32CubeF1/Drivers/STM32F1xx_HAL_Driver/Src/stm32f1xx_hal_gpio.c.o
 .debug_rnglists
                0x000001ff       0x85 CMakeFiles/main.elf.dir/home/pi/stm32/STM32CubeF1/Drivers/STM32F1xx_HAL_Driver/Src/stm32f1xx_hal_rcc.c.o
 .debug_rnglists
                0x00000284       0x45 CMakeFiles/main.elf.dir/home/pi/stm32/STM32CubeF1/Drivers/STM32F1xx_HAL_Driver/Src/stm32f1xx_hal_exti.c.o
 .debug_rnglists
                0x000002c9       0x70 CMakeFiles/main.elf.dir/home/pi/stm32/STM32CubeF1/Drivers/STM32F1xx_HAL_Driver/Src/stm32f1xx_hal_dma.c.o
 .debug_rnglists
                0x00000339      0x1d7 CMakeFiles/main.elf.dir/home/pi/stm32/STM32CubeF1/Drivers/STM32F1xx_HAL_Driver/Src/stm32f1xx_hal_uart.c.o
 .debug_rnglists
                0x00000510       0x2c CMakeFiles/main.elf.dir/Core/main.c.o
 .debug_rnglists
                0x0000053c       0x43 CMakeFiles/main.elf.dir/Core/stm32f1xx_it.c.o
 .debug_rnglists
                0x0000057f       0x73 CMakeFiles/main.elf.dir/Core/hardware/App_Encoder.c.o
 .debug_rnglists
                0x000005f2       0x6b CMakeFiles/main.elf.dir/Core/hardware/App_Uart2.c.o

.debug_loclists
                0x00000000     0x3968
 .debug_loclists
                0x00000000       0x9f CMakeFiles/main.elf.dir/Core/system_stm32f1xx.c.o
 .debug_loclists
                0x0000009f       0xd5 CMakeFiles/main.elf.dir/home/pi/stm32/STM32CubeF1/Drivers/STM32F1xx_HAL_Driver/Src/stm32f1xx_hal.c.o
 .debug_loclists
                0x00000174      0x409 CMakeFiles/main.elf.dir/home/pi/stm32/STM32CubeF1/Drivers/STM32F1xx_HAL_Driver/Src/stm32f1xx_hal_cortex.c.o
 .debug_loclists
                0x0000057d      0x2a9 CMakeFiles/main.elf.dir/home/pi/stm32/STM32CubeF1/Drivers/STM32F1xx_HAL_Driver/Src/stm32f1xx_hal_gpio.c.o
 .debug_loclists
                0x00000826      0x414 CMakeFiles/main.elf.dir/home/pi/stm32/STM32CubeF1/Drivers/STM32F1xx_HAL_Driver/Src/stm32f1xx_hal_rcc.c.o
 .debug_loclists
                0x00000c3a      0x382 CMakeFiles/main.elf.dir/home/pi/stm32/STM32CubeF1/Drivers/STM32F1xx_HAL_Driver/Src/stm32f1xx_hal_exti.c.o
 .debug_loclists
                0x00000fbc      0x499 CMakeFiles/main.elf.dir/home/pi/stm32/STM32CubeF1/Drivers/STM32F1xx_HAL_Driver/Src/stm32f1xx_hal_dma.c.o
 .debug_loclists
                0x00001455     0x242a CMakeFiles/main.elf.dir/home/pi/stm32/STM32CubeF1/Drivers/STM32F1xx_HAL_Driver/Src/stm32f1xx_hal_uart.c.o
 .debug_loclists
                0x0000387f       0x61 CMakeFiles/main.elf.dir/Core/main.c.o
 .debug_loclists
                0x000038e0       0x58 CMakeFiles/main.elf.dir/Core/hardware/App_Encoder.c.o
 .debug_loclists
                0x00003938       0x30 CMakeFiles/main.elf.dir/Core/hardware/App_Uart2.c.o

.comment        0x00000000       0x45
 .comment       0x00000000       0x45 CMakeFiles/main.elf.dir/Core/system_stm32f1xx.c.o
                                 0x46 (size before relaxing)
 .comment       0x00000045        0x0 CMakeFiles/main.elf.dir/home/pi/stm32/STM32CubeF1/Drivers/STM32F1xx_HAL_Driver/Src/stm32f1xx_hal.c.o
                                 0x46 (size before relaxing)
 .comment       0x00000045        0x0 CMakeFiles/main.elf.dir/home/pi/stm32/STM32CubeF1/Drivers/STM32F1xx_HAL_Driver/Src/stm32f1xx_hal_cortex.c.o
                                 0x46 (size before relaxing)
 .comment       0x00000045        0x0 CMakeFiles/main.elf.dir/home/pi/stm32/STM32CubeF1/Drivers/STM32F1xx_HAL_Driver/Src/stm32f1xx_hal_gpio.c.o
                                 0x46 (size before relaxing)
 .comment       0x00000045        0x0 CMakeFiles/main.elf.dir/home/pi/stm32/STM32CubeF1/Drivers/STM32F1xx_HAL_Driver/Src/stm32f1xx_hal_rcc.c.o
                                 0x46 (size before relaxing)
 .comment       0x00000045        0x0 CMakeFiles/main.elf.dir/home/pi/stm32/STM32CubeF1/Drivers/STM32F1xx_HAL_Driver/Src/stm32f1xx_hal_exti.c.o
                                 0x46 (size before relaxing)
 .comment       0x00000045        0x0 CMakeFiles/main.elf.dir/home/pi/stm32/STM32CubeF1/Drivers/STM32F1xx_HAL_Driver/Src/stm32f1xx_hal_dma.c.o
                                 0x46 (size before relaxing)
 .comment       0x00000045        0x0 CMakeFiles/main.elf.dir/home/pi/stm32/STM32CubeF1/Drivers/STM32F1xx_HAL_Driver/Src/stm32f1xx_hal_uart.c.o
                                 0x46 (size before relaxing)
 .comment       0x00000045        0x0 CMakeFiles/main.elf.dir/Core/main.c.o
                                 0x46 (size before relaxing)
 .comment       0x00000045        0x0 CMakeFiles/main.elf.dir/Core/stm32f1xx_it.c.o
                                 0x46 (size before relaxing)
 .comment       0x00000045        0x0 CMakeFiles/main.elf.dir/Core/hardware/App_Encoder.c.o
                                 0x46 (size before relaxing)
 .comment       0x00000045        0x0 CMakeFiles/main.elf.dir/Core/hardware/App_Uart2.c.o
                                 0x46 (size before relaxing)

.debug_frame    0x00000000     0x20b4
 .debug_frame   0x00000000       0x30 CMakeFiles/main.elf.dir/Core/system_stm32f1xx.c.o