Archive member included to satisfy reference by file (symbol)

/home/rock/stm32/arm-gnu-toolchain-15.2.rel1-aarch64-arm-none-eabi/bin/../lib/gcc/arm-none-eabi/15.2.1/../../../../arm-none-eabi/lib/thumb/v7-m/nofp/libg_nano.a(libc_a-exit.o)
                              /home/rock/stm32/arm-gnu-toolchain-15.2.rel1-aarch64-arm-none-eabi/bin/../lib/gcc/arm-none-eabi/15.2.1/../../../../arm-none-eabi/lib/thumb/v7-m/nofp/crt0.o (exit)
/home/rock/stm32/arm-gnu-toolchain-15.2.rel1-aarch64-arm-none-eabi/bin/../lib/gcc/arm-none-eabi/15.2.1/../../../../arm-none-eabi/lib/thumb/v7-m/nofp/libg_nano.a(libc_a-findfp.o)
                              /home/rock/stm32/arm-gnu-toolchain-15.2.rel1-aarch64-arm-none-eabi/bin/../lib/gcc/arm-none-eabi/15.2.1/../../../../arm-none-eabi/lib/thumb/v7-m/nofp/libg_nano.a(libc_a-exit.o) (__stdio_exit_handler)
/home/rock/stm32/arm-gnu-toolchain-15.2.rel1-aarch64-arm-none-eabi/bin/../lib/gcc/arm-none-eabi/15.2.1/../../../../arm-none-eabi/lib/thumb/v7-m/nofp/libg_nano.a(libc_a-fwalk.o)
                              /home/rock/stm32/arm-gnu-toolchain-15.2.rel1-aarch64-arm-none-eabi/bin/../lib/gcc/arm-none-eabi/15.2.1/../../../../arm-none-eabi/lib/thumb/v7-m/nofp/libg_nano.a(libc_a-findfp.o) (_fwalk_sglue)
/home/rock/stm32/arm-gnu-toolchain-15.2.rel1-aarch64-arm-none-eabi/bin/../lib/gcc/arm-none-eabi/15.2.1/../../../../arm-none-eabi/lib/thumb/v7-m/nofp/libg_nano.a(libc_a-stdio.o)
                              /home/rock/stm32/arm-gnu-toolchain-15.2.rel1-aarch64-arm-none-eabi/bin/../lib/gcc/arm-none-eabi/15.2.1/../../../../arm-none-eabi/lib/thumb/v7-m/nofp/libg_nano.a(libc_a-findfp.o) (__sread)
/home/rock/stm32/arm-gnu-toolchain-15.2.rel1-aarch64-arm-none-eabi/bin/../lib/gcc/arm-none-eabi/15.2.1/../../../../arm-none-eabi/lib/thumb/v7-m/nofp/libg_nano.a(libc_a-memset.o)
                              /home/rock/stm32/arm-gnu-toolchain-15.2.rel1-aarch64-arm-none-eabi/bin/../lib/gcc/arm-none-eabi/15.2.1/../../../../arm-none-eabi/lib/thumb/v7-m/nofp/crt0.o (memset)
/home/rock/stm32/arm-gnu-toolchain-15.2.rel1-aarch64-arm-none-eabi/bin/../lib/gcc/arm-none-eabi/15.2.1/../../../../arm-none-eabi/lib/thumb/v7-m/nofp/libg_nano.a(libc_a-closer.o)
                              /home/rock/stm32/arm-gnu-toolchain-15.2.rel1-aarch64-arm-none-eabi/bin/../lib/gcc/arm-none-eabi/15.2.1/../../../../arm-none-eabi/lib/thumb/v7-m/nofp/libg_nano.a(libc_a-stdio.o) (_close_r)
/home/rock/stm32/arm-gnu-toolchain-15.2.rel1-aarch64-arm-none-eabi/bin/../lib/gcc/arm-none-eabi/15.2.1/../../../../arm-none-eabi/lib/thumb/v7-m/nofp/libg_nano.a(libc_a-reent.o)
                              /home/rock/stm32/arm-gnu-toolchain-15.2.rel1-aarch64-arm-none-eabi/bin/../lib/gcc/arm-none-eabi/15.2.1/../../../../arm-none-eabi/lib/thumb/v7-m/nofp/libg_nano.a(libc_a-closer.o) (errno)
/home/rock/stm32/arm-gnu-toolchain-15.2.rel1-aarch64-arm-none-eabi/bin/../lib/gcc/arm-none-eabi/15.2.1/../../../../arm-none-eabi/lib/thumb/v7-m/nofp/libg_nano.a(libc_a-impure.o)
                              /home/rock/stm32/arm-gnu-toolchain-15.2.rel1-aarch64-arm-none-eabi/bin/../lib/gcc/arm-none-eabi/15.2.1/../../../../arm-none-eabi/lib/thumb/v7-m/nofp/libg_nano.a(libc_a-reent.o) (_impure_ptr)
/home/rock/stm32/arm-gnu-toolchain-15.2.rel1-aarch64-arm-none-eabi/bin/../lib/gcc/arm-none-eabi/15.2.1/../../../../arm-none-eabi/lib/thumb/v7-m/nofp/libg_nano.a(libc_a-lseekr.o)
                              /home/rock/stm32/arm-gnu-toolchain-15.2.rel1-aarch64-arm-none-eabi/bin/../lib/gcc/arm-none-eabi/15.2.1/../../../../arm-none-eabi/lib/thumb/v7-m/nofp/libg_nano.a(libc_a-stdio.o) (_lseek_r)
/home/rock/stm32/arm-gnu-toolchain-15.2.rel1-aarch64-arm-none-eabi/bin/../lib/gcc/arm-none-eabi/15.2.1/../../../../arm-none-eabi/lib/thumb/v7-m/nofp/libg_nano.a(libc_a-readr.o)
                              /home/rock/stm32/arm-gnu-toolchain-15.2.rel1-aarch64-arm-none-eabi/bin/../lib/gcc/arm-none-eabi/15.2.1/../../../../arm-none-eabi/lib/thumb/v7-m/nofp/libg_nano.a(libc_a-stdio.o) (_read_r)
/home/rock/stm32/arm-gnu-toolchain-15.2.rel1-aarch64-arm-none-eabi/bin/../lib/gcc/arm-none-eabi/15.2.1/../../../../arm-none-eabi/lib/thumb/v7-m/nofp/libg_nano.a(libc_a-writer.o)
                              /home/rock/stm32/arm-gnu-toolchain-15.2.rel1-aarch64-arm-none-eabi/bin/../lib/gcc/arm-none-eabi/15.2.1/../../../../arm-none-eabi/lib/thumb/v7-m/nofp/libg_nano.a(libc_a-stdio.o) (_write_r)
/home/rock/stm32/arm-gnu-toolchain-15.2.rel1-aarch64-arm-none-eabi/bin/../lib/gcc/arm-none-eabi/15.2.1/../../../../arm-none-eabi/lib/thumb/v7-m/nofp/libg_nano.a(libc_a-init.o)
                              /home/rock/stm32/arm-gnu-toolchain-15.2.rel1-aarch64-arm-none-eabi/bin/../lib/gcc/arm-none-eabi/15.2.1/../../../../arm-none-eabi/lib/thumb/v7-m/nofp/crt0.o (__libc_init_array)
/home/rock/stm32/arm-gnu-toolchain-15.2.rel1-aarch64-arm-none-eabi/bin/../lib/gcc/arm-none-eabi/15.2.1/../../../../arm-none-eabi/lib/thumb/v7-m/nofp/libg_nano.a(libc_a-lock.o)
[...]
Memory Configuration

Name             Origin             Length             Attributes
FLASH            0x08000000         0x00020000         xr
RAM              0x20000000         0x00005000         xrw
*default*        0x00000000         0xffffffff

Linker script and memory map

LOAD /home/rock/stm32/arm-gnu-toolchain-15.2.rel1-aarch64-arm-none-eabi/bin/../lib/gcc/arm-none-eabi/15.2.1/thumb/v7-m/nofp/crti.o
LOAD /home/rock/stm32/arm-gnu-toolchain-15.2.rel1-aarch64-arm-none-eabi/bin/../lib/gcc/arm-none-eabi/15.2.1/thumb/v7-m/nofp/crtbegin.o
LOAD /home/rock/stm32/arm-gnu-toolchain-15.2.rel1-aarch64-arm-none-eabi/bin/../lib/gcc/arm-none-eabi/15.2.1/../../../../arm-none-eabi/lib/thumb/v7-m/nofp/crt0.o
LOAD CMakeFiles/main.elf.dir/startup/startup_stm32f103xb.s.o
LOAD CMakeFiles/main.elf.dir/Core/system_stm32f1xx.c.o
LOAD CMakeFiles/main.elf.dir/home/rock/stm32/STM32CubeF1/Drivers/STM32F1xx_HAL_Driver/Src/stm32f1xx_hal.c.o
LOAD CMakeFiles/main.elf.dir/home/rock/stm32/STM32CubeF1/Drivers/STM32F1xx_HAL_Driver/Src/stm32f1xx_hal_cortex.c.o
LOAD CMakeFiles/main.elf.dir/home/rock/stm32/STM32CubeF1/Drivers/STM32F1xx_HAL_Driver/Src/stm32f1xx_hal_gpio.c.o
LOAD CMakeFiles/main.elf.dir/home/rock/stm32/STM32CubeF1/Drivers/STM32F1xx_HAL_Driver/Src/stm32f1xx_hal_rcc.c.o
LOAD CMakeFiles/main.elf.dir/home/rock/stm32/STM32CubeF1/Drivers/STM32F1xx_HAL_Driver/Src/stm32f1xx_hal_flash.c.o
LOAD CMakeFiles/main.elf.dir/Core/main.c.o
START GROUP
LOAD /home/rock/stm32/arm-gnu-toolchain-15.2.rel1-aarch64-arm-none-eabi/bin/../lib/gcc/arm-none-eabi/15.2.1/thumb/v7-m/nofp/libgcc.a
LOAD /home/rock/stm32/arm-gnu-toolchain-15.2.rel1-aarch64-arm-none-eabi/bin/../lib/gcc/arm-none-eabi/15.2.1/../../../../arm-none-eabi/lib/thumb/v7-m/nofp/libg_nano.a
LOAD /home/rock/stm32/arm-gnu-toolchain-15.2.rel1-aarch64-arm-none-eabi/bin/../lib/gcc/arm-none-eabi/15.2.1/../../../../arm-none-eabi/lib/thumb/v7-m/nofp/libc_nano.a
END GROUP
START GROUP
LOAD /home/rock/stm32/arm-gnu-toolchain-15.2.rel1-aarch64-arm-none-eabi/bin/../lib/gcc/arm-none-eabi/15.2.1/thumb/v7-m/nofp/libgcc.a
LOAD /home/rock/stm32/arm-gnu-toolchain-15.2.rel1-aarch64-arm-none-eabi/bin/../lib/gcc/arm-none-eabi/15.2.1/../../../../arm-none-eabi/lib/thumb/v7-m/nofp/libc_nano.a
LOAD /home/rock/stm32/arm-gnu-toolchain-15.2.rel1-aarch64-arm-none-eabi/bin/../lib/gcc/arm-none-eabi/15.2.1/../../../../arm-none-eabi/lib/thumb/v7-m/nofp/libnosys.a
END GROUP
START GROUP
LOAD /home/rock/stm32/arm-gnu-toolchain-15.2.rel1-aarch64-arm-none-eabi/bin/../lib/gcc/arm-none-eabi/15.2.1/thumb/v7-m/nofp/libgcc.a
LOAD /home/rock/stm32/arm-gnu-toolchain-15.2.rel1-aarch64-arm-none-eabi/bin/../lib/gcc/arm-none-eabi/15.2.1/../../../../arm-none-eabi/lib/thumb/v7-m/nofp/libc_nano.a
LOAD /home/rock/stm32/arm-gnu-toolchain-15.2.rel1-aarch64-arm-none-eabi/bin/../lib/gcc/arm-none-eabi/15.2.1/../../../../arm-none-eabi/lib/thumb/v7-m/nofp/libnosys.a
END GROUP
LOAD /home/rock/stm32/arm-gnu-toolchain-15.2.rel1-aarch64-arm-none-eabi/bin/../lib/gcc/arm-none-eabi/15.2.1/thumb/v7-m/nofp/crtend.o
LOAD /home/rock/stm32/arm-gnu-toolchain-15.2.rel1-aarch64-arm-none-eabi/bin/../lib/gcc/arm-none-eabi/15.2.1/thumb/v7-m/nofp/crtn.o
                0x20004fff                        _estack = 0x20004fff
                0x00000200                        _Min_Heap_Size = 0x200
                0x00000400                        _Min_Stack_Size = 0x400

.isr_vector     0x08000000      0x10c
                0x08000000                        . = ALIGN (0x4)
 *(.isr_vector)
 .isr_vector    0x08000000      0x10c CMakeFiles/main.elf.dir/startup/startup_stm32f103xb.s.o
                0x08000000                g_pfnVectors
                0x0800010c                        . = ALIGN (0x4)

.text           0x0800010c      0x9bc
                0x0800010c                        . = ALIGN (0x4)
 *(.text)
 *(.text*)
 .text.deregister_tm_clones
                0x0800010c       0x1c /home/rock/stm32/arm-gnu-toolchain-15.2.rel1-aarch64-arm-none-eabi/bin/../lib/gcc/arm-none-eabi/15.2.1/thumb/v7-m/nofp/crtbegin.o
 .text.register_tm_clones
                0x08000128       0x24 /home/rock/stm32/arm-gnu-toolchain-15.2.rel1-aarch64-arm-none-eabi/bin/../lib/gcc/arm-none-eabi/15.2.1/thumb/v7-m/nofp/crtbegin.o
 .text.__do_global_dtors_aux
                0x0800014c       0x28 /home/rock/stm32/arm-gnu-toolchain-15.2.rel1-aarch64-arm-none-eabi/bin/../lib/gcc/arm-none-eabi/15.2.1/thumb/v7-m/nofp/crtbegin.o
 .text.frame_dummy
                0x08000174       0x24 /home/rock/stm32/arm-gnu-toolchain-15.2.rel1-aarch64-arm-none-eabi/bin/../lib/gcc/arm-none-eabi/15.2.1/thumb/v7-m/nofp/crtbegin.o
 .text.Reset_Handler
                0x08000198       0x48 CMakeFiles/main.elf.dir/startup/startup_stm32f103xb.s.o
                0x08000198                Reset_Handler
 .text.Default_Handler
                0x080001e0        0x2 CMakeFiles/main.elf.dir/startup/startup_stm32f103xb.s.o
                0x080001e0                RTC_Alarm_IRQHandler
                0x080001e0                EXTI2_IRQHandler
                0x080001e0                DebugMon_Handler
                0x080001e0                TIM1_CC_IRQHandler
                0x080001e0                HardFault_Handler
                0x080001e0                SysTick_Handler
                0x080001e0                PVD_IRQHandler
                0x080001e0                PendSV_Handler
                0x080001e0                NMI_Handler
                0x080001e0                EXTI3_IRQHandler
                0x080001e0                EXTI0_IRQHandler
                0x080001e0                I2C2_EV_IRQHandler
                0x080001e0                UsageFault_Handler
                0x080001e0                ADC1_2_IRQHandler
                0x080001e0                SPI1_IRQHandler
                0x080001e0                TAMPER_IRQHandler
                0x080001e0                DMA1_Channel4_IRQHandler
                0x080001e0                USART3_IRQHandler
                0x080001e0                RTC_IRQHandler
                0x080001e0                DMA1_Channel7_IRQHandler
                0x080001e0                CAN1_RX1_IRQHandler
                0x080001e0                TIM4_IRQHandler
                0x080001e0                I2C1_EV_IRQHandler
                0x080001e0                DMA1_Channel6_IRQHandler
                0x080001e0                TIM3_IRQHandler
                0x080001e0                RCC_IRQHandler
                0x080001e0                TIM1_TRG_COM_IRQHandler
                0x080001e0                DMA1_Channel1_IRQHandler
                0x080001e0                Default_Handler
                0x080001e0                EXTI15_10_IRQHandler
                0x080001e0                EXTI9_5_IRQHandler
                0x080001e0                SPI2_IRQHandler
                0x080001e0                MemManage_Handler
                0x080001e0                SVC_Handler
                0x080001e0                DMA1_Channel5_IRQHandler
                0x080001e0                EXTI4_IRQHandler
                0x080001e0                USB_LP_CAN1_RX0_IRQHandler
                0x080001e0                USB_HP_CAN1_TX_IRQHandler
                0x080001e0                DMA1_Channel3_IRQHandler
                0x080001e0                TIM1_UP_IRQHandler
                0x080001e0                WWDG_IRQHandler
                0x080001e0                TIM2_IRQHandler
                0x080001e0                TIM1_BRK_IRQHandler
                0x080001e0                EXTI1_IRQHandler
                0x080001e0                USART2_IRQHandler
                0x080001e0                I2C2_ER_IRQHandler
                0x080001e0                DMA1_Channel2_IRQHandler
                0x080001e0                CAN1_SCE_IRQHandler
                0x080001e0                FLASH_IRQHandler
                0x080001e0                BusFault_Handler
                0x080001e0                USART1_IRQHandler
                0x080001e0                I2C1_ER_IRQHandler
                0x080001e0                USBWakeUp_IRQHandler
 .text.SystemInit
                0x080001e2        0x2 CMakeFiles/main.elf.dir/Core/system_stm32f1xx.c.o
                0x080001e2                SystemInit
 .text.HAL_MspInit
                0x080001e4        0x2 CMakeFiles/main.elf.dir/home/rock/stm32/STM32CubeF1/Drivers/STM32F1xx_HAL_Driver/Src/stm32f1xx_hal.c.o
                0x080001e4                HAL_MspInit
 *fill*         0x080001e6        0x2 
 .text.HAL_InitTick
                0x080001e8       0x48 CMakeFiles/main.elf.dir/home/rock/stm32/STM32CubeF1/Drivers/STM32F1xx_HAL_Driver/Src/stm32f1xx_hal.c.o
                0x080001e8                HAL_InitTick
 .text.HAL_Init
                0x08000230       0x24 CMakeFiles/main.elf.dir/home/rock/stm32/STM32CubeF1/Drivers/STM32F1xx_HAL_Driver/Src/stm32f1xx_hal.c.o
                0x08000230                HAL_Init
 .text.HAL_GetTick
                0x08000254        0xc CMakeFiles/main.elf.dir/home/rock/stm32/STM32CubeF1/Drivers/STM32F1xx_HAL_Driver/Src/stm32f1xx_hal.c.o
                0x08000254                HAL_GetTick
 .text.HAL_Delay
                0x08000260       0x24 CMakeFiles/main.elf.dir/home/rock/stm32/STM32CubeF1/Drivers/STM32F1xx_HAL_Driver/Src/stm32f1xx_hal.c.o
                0x08000260                HAL_Delay
 .text.HAL_NVIC_SetPriorityGrouping
                0x08000284       0x24 CMakeFiles/main.elf.dir/home/rock/stm32/STM32CubeF1/Drivers/STM32F1xx_HAL_Driver/Src/stm32f1xx_hal_cortex.c.o
                0x08000284                HAL_NVIC_SetPriorityGrouping
 .text.HAL_NVIC_SetPriority
                0x080002a8       0x5c CMakeFiles/main.elf.dir/home/rock/stm32/STM32CubeF1/Drivers/STM32F1xx_HAL_Driver/Src/stm32f1xx_hal_cortex.c.o
                0x080002a8                HAL_NVIC_SetPriority
 .text.HAL_SYSTICK_Config
                0x08000304       0x28 CMakeFiles/main.elf.dir/home/rock/stm32/STM32CubeF1/Drivers/STM32F1xx_HAL_Driver/Src/stm32f1xx_hal_cortex.c.o
                0x08000304                HAL_SYSTICK_Config
 .text.HAL_GPIO_Init
                0x0800032c      0x1a8 CMakeFiles/main.elf.dir/home/rock/stm32/STM32CubeF1/Drivers/STM32F1xx_HAL_Driver/Src/stm32f1xx_hal_gpio.c.o
                0x0800032c                HAL_GPIO_Init
 .text.HAL_GPIO_WritePin
                0x080004d4        0xa CMakeFiles/main.elf.dir/home/rock/stm32/STM32CubeF1/Drivers/STM32F1xx_HAL_Driver/Src/stm32f1xx_hal_gpio.c.o
                0x080004d4                HAL_GPIO_WritePin
 .text.HAL_GPIO_TogglePin
                0x080004de       0x12 CMakeFiles/main.elf.dir/home/rock/stm32/STM32CubeF1/Drivers/STM32F1xx_HAL_Driver/Src/stm32f1xx_hal_gpio.c.o
                0x080004de                HAL_GPIO_TogglePin
 .text.HAL_RCC_OscConfig
                0x080004f0      0x33c CMakeFiles/main.elf.dir/home/rock/stm32/STM32CubeF1/Drivers/STM32F1xx_HAL_Driver/Src/stm32f1xx_hal_rcc.c.o
                0x080004f0                HAL_RCC_OscConfig
 .text.HAL_RCC_GetSysClockFreq
                0x0800082c       0x4c CMakeFiles/main.elf.dir/home/rock/stm32/STM32CubeF1/Drivers/STM32F1xx_HAL_Driver/Src/stm32f1xx_hal_rcc.c.o
                0x0800082c                HAL_RCC_GetSysClockFreq
 .text.HAL_RCC_ClockConfig
                0x08000878      0x138 CMakeFiles/main.elf.dir/home/rock/stm32/STM32CubeF1/Drivers/STM32F1xx_HAL_Driver/Src/stm32f1xx_hal_rcc.c.o
                0x08000878                HAL_RCC_ClockConfig
 .text.startup.main
                0x080009b0       0xa8 CMakeFiles/main.elf.dir/Core/main.c.o
                0x080009b0                main
 .text.memset   0x08000a58       0x10 /home/rock/stm32/arm-gnu-toolchain-15.2.rel1-aarch64-arm-none-eabi/bin/../lib/gcc/arm-none-eabi/15.2.1/../../../../arm-none-eabi/lib/thumb/v7-m/nofp/libg_nano.a(libc_a-memset.o)
                0x08000a58                memset
 .text.__libc_init_array
                0x08000a68       0x48 /home/rock/stm32/arm-gnu-toolchain-15.2.rel1-aarch64-arm-none-eabi/bin/../lib/gcc/arm-none-eabi/15.2.1/../../../../arm-none-eabi/lib/thumb/v7-m/nofp/libg_nano.a(libc_a-init.o)
                0x08000a68                __libc_init_array
 *(.glue_7)
 .glue_7        0x08000ab0        0x0 linker stubs
 *(.glue_7t)
 .glue_7t       0x08000ab0        0x0 linker stubs
 *(.eh_frame)
 .eh_frame      0x08000ab0        0x0 /home/rock/stm32/arm-gnu-toolchain-15.2.rel1-aarch64-arm-none-eabi/bin/../lib/gcc/arm-none-eabi/15.2.1/thumb/v7-m/nofp/crtbegin.o
 *(.init)
 .init          0x08000ab0        0x4 /home/rock/stm32/arm-gnu-toolchain-15.2.rel1-aarch64-arm-none-eabi/bin/../lib/gcc/arm-none-eabi/15.2.1/thumb/v7-m/nofp/crti.o
                0x08000ab0                _init
 .init          0x08000ab4        0x8 /home/rock/stm32/arm-gnu-toolchain-15.2.rel1-aarch64-arm-none-eabi/bin/../lib/gcc/arm-none-eabi/15.2.1/thumb/v7-m/nofp/crtn.o
 *(.fini)
 .fini          0x08000abc        0x4 /home/rock/stm32/arm-gnu-toolchain-15.2.rel1-aarch64-arm-none-eabi/bin/../lib/gcc/arm-none-eabi/15.2.1/thumb/v7-m/nofp/crti.o
                0x08000abc                _fini
 .fini          0x08000ac0        0x8 /home/rock/stm32/arm-gnu-toolchain-15.2.rel1-aarch64-arm-none-eabi/bin/../lib/gcc/arm-none-eabi/15.2.1/thumb/v7-m/nofp/crtn.o
                0x08000ac8                        . = ALIGN (0x4)
                0x08000ac8                        _etext = .

.vfp11_veneer   0x08000ac8        0x0
 .vfp11_veneer  0x08000ac8        0x0 linker stubs

.v4_bx          0x08000ac8        0x0
 .v4_bx         0x08000ac8        0x0 linker stubs

.iplt           0x08000ac8        0x0
 .iplt          0x08000ac8        0x0 /home/rock/stm32/arm-gnu-toolchain-15.2.rel1-aarch64-arm-none-eabi/bin/../lib/gcc/arm-none-eabi/15.2.1/thumb/v7-m/nofp/crtbegin.o

.rodata         0x08000ac8       0x24
                0x08000ac8                        . = ALIGN (0x4)
 *(.rodata)
 *(.rodata*)
 .rodata.AHBPrescTable
                0x08000ac8       0x10 CMakeFiles/main.elf.dir/Core/system_stm32f1xx.c.o
                0x08000ac8                AHBPrescTable
 .rodata.aPredivFactorTable.0
                0x08000ad8        0x2 CMakeFiles/main.elf.dir/home/rock/stm32/STM32CubeF1/Drivers/STM32F1xx_HAL_Driver/Src/stm32f1xx_hal_rcc.c.o
 .rodata.aPLLMULFactorTable.1
                0x08000ada       0x10 CMakeFiles/main.elf.dir/home/rock/stm32/STM32CubeF1/Drivers/STM32F1xx_HAL_Driver/Src/stm32f1xx_hal_rcc.c.o
                0x08000aec                        . = ALIGN (0x4)
 *fill*         0x08000aea        0x2 

.rel.dyn        0x08000aec        0x0
 .rel.iplt      0x08000aec        0x0 /home/rock/stm32/arm-gnu-toolchain-15.2.rel1-aarch64-arm-none-eabi/bin/../lib/gcc/arm-none-eabi/15.2.1/thumb/v7-m/nofp/crtbegin.o

.ARM.extab
 *(.ARM.extab* .gnu.linkonce.armextab.*)

.ARM            0x08000aec        0x0
                0x08000aec                        __exidx_start = .
 *(.ARM.exidx*)
                0x08000aec                        __exidx_end = .

.preinit_array  0x08000aec        0x0
                0x08000aec                        PROVIDE (__preinit_array_start = .)
 *(.preinit_array*)
                0x08000aec                        PROVIDE (__preinit_array_end = .)

.init_array     0x08000aec        0x4
                0x08000aec                        PROVIDE (__init_array_start = .)
 *(SORT_BY_NAME(.init_array.*))
 *(.init_array*)
 .init_array    0x08000aec        0x4 /home/rock/stm32/arm-gnu-toolchain-15.2.rel1-aarch64-arm-none-eabi/bin/../lib/gcc/arm-none-eabi/15.2.1/thumb/v7-m/nofp/crtbegin.o
                0x08000af0                        PROVIDE (__init_array_end = .)

.fini_array     0x08000af0        0x4
                [!provide]                        PROVIDE (__fini_array_start = .)
 *(SORT_BY_NAME(.fini_array.*))
 *(.fini_array*)
 .fini_array    0x08000af0        0x4 /home/rock/stm32/arm-gnu-toolchain-15.2.rel1-aarch64-arm-none-eabi/bin/../lib/gcc/arm-none-eabi/15.2.1/thumb/v7-m/nofp/crtbegin.o
                [!provide]                        PROVIDE (__fini_array_end = .)
                0x08000af4                        _sidata = LOADADDR (.data)

.data           0x20000000        0xc load address 0x08000af4
                0x20000000                        . = ALIGN (0x4)
                0x20000000                        _sdata = .
 *(.data)
 *(.data*)
 .data.SystemCoreClock
                0x20000000        0x4 CMakeFiles/main.elf.dir/Core/system_stm32f1xx.c.o
                0x20000000                SystemCoreClock
 .data.uwTickFreq
                0x20000004        0x1 CMakeFiles/main.elf.dir/home/rock/stm32/STM32CubeF1/Drivers/STM32F1xx_HAL_Driver/Src/stm32f1xx_hal.c.o
                0x20000004                uwTickFreq
 *fill*         0x20000005        0x3 
 .data.uwTickPrio
                0x20000008        0x4 CMakeFiles/main.elf.dir/home/rock/stm32/STM32CubeF1/Drivers/STM32F1xx_HAL_Driver/Src/stm32f1xx_hal.c.o
                0x20000008                uwTickPrio
                0x2000000c                        . = ALIGN (0x4)
                0x2000000c                        _edata = .

.tm_clone_table
                0x2000000c        0x0 load address 0x08000b00
 .tm_clone_table
                0x2000000c        0x0 /home/rock/stm32/arm-gnu-toolchain-15.2.rel1-aarch64-arm-none-eabi/bin/../lib/gcc/arm-none-eabi/15.2.1/thumb/v7-m/nofp/crtbegin.o
 .tm_clone_table
                0x2000000c        0x0 /home/rock/stm32/arm-gnu-toolchain-15.2.rel1-aarch64-arm-none-eabi/bin/../lib/gcc/arm-none-eabi/15.2.1/thumb/v7-m/nofp/crtend.o

.igot.plt       0x2000000c        0x0 load address 0x08000b00
 .igot.plt      0x2000000c        0x0 /home/rock/stm32/arm-gnu-toolchain-15.2.rel1-aarch64-arm-none-eabi/bin/../lib/gcc/arm-none-eabi/15.2.1/thumb/v7-m/nofp/crtbegin.o
                0x2000000c                        . = ALIGN (0x4)

.bss            0x2000000c       0x20 load address 0x08000b00
                0x2000000c                        _sbss = .
                0x2000000c                        __bss_start__ = _sbss
 *(.bss)
 *(.bss*)
 .bss.completed.1
                0x2000000c        0x1 /home/rock/stm32/arm-gnu-toolchain-15.2.rel1-aarch64-arm-none-eabi/bin/../lib/gcc/arm-none-eabi/15.2.1/thumb/v7-m/nofp/crtbegin.o
 *fill*         0x2000000d        0x3 
 .bss.object.0  0x20000010       0x18 /home/rock/stm32/arm-gnu-toolchain-15.2.rel1-aarch64-arm-none-eabi/bin/../lib/gcc/arm-none-eabi/15.2.1/thumb/v7-m/nofp/crtbegin.o
 .bss.uwTick    0x20000028        0x4 CMakeFiles/main.elf.dir/home/rock/stm32/STM32CubeF1/Drivers/STM32F1xx_HAL_Driver/Src/stm32f1xx_hal.c.o
                0x20000028                uwTick
 *(COMMON)
                0x2000002c                        . = ALIGN (0x4)
                0x2000002c                        _ebss = .
                0x2000002c                        __bss_end__ = _ebss

._user_heap_stack
                0x2000002c      0x604 load address 0x08000b00
                0x20000030                        . = ALIGN (0x8)
 *fill*         0x2000002c        0x4 
                0x20000030                        PROVIDE (end = .)
                [!provide]                        PROVIDE (_end = .)
                0x20000230                        . = (. + _Min_Heap_Size)
 *fill*         0x20000030      0x200 
                0x20000630                        . = (. + _Min_Stack_Size)
 *fill*         0x20000230      0x400 
                0x20000630                        . = ALIGN (0x8)

/DISCARD/
 libc.a(*)
 libm.a(*)
 libgcc.a(*)

.ARM.attributes
                0x00000000       0x29
 *(.ARM.attributes)
 .ARM.attributes
                0x00000000       0x1d /home/rock/stm32/arm-gnu-toolchain-15.2.rel1-aarch64-arm-none-eabi/bin/../lib/gcc/arm-none-eabi/15.2.1/thumb/v7-m/nofp/crti.o
 .ARM.attributes
                0x0000001d       0x2d /home/rock/stm32/arm-gnu-toolchain-15.2.rel1-aarch64-arm-none-eabi/bin/../lib/gcc/arm-none-eabi/15.2.1/thumb/v7-m/nofp/crtbegin.o
 .ARM.attributes
                0x0000004a       0x21 CMakeFiles/main.elf.dir/startup/startup_stm32f103xb.s.o
 .ARM.attributes
                0x0000006b       0x2d CMakeFiles/main.elf.dir/Core/system_stm32f1xx.c.o
 .ARM.attributes
                0x00000098       0x2d CMakeFiles/main.elf.dir/home/rock/stm32/STM32CubeF1/Drivers/STM32F1xx_HAL_Driver/Src/stm32f1xx_hal.c.o
 .ARM.attributes
                0x000000c5       0x2d CMakeFiles/main.elf.dir/home/rock/stm32/STM32CubeF1/Drivers/STM32F1xx_HAL_Driver/Src/stm32f1xx_hal_cortex.c.o
 .ARM.attributes
                0x000000f2       0x2d CMakeFiles/main.elf.dir/home/rock/stm32/STM32CubeF1/Drivers/STM32F1xx_HAL_Driver/Src/stm32f1xx_hal_gpio.c.o
 .ARM.attributes
                0x0000011f       0x2d CMakeFiles/main.elf.dir/home/rock/stm32/STM32CubeF1/Drivers/STM32F1xx_HAL_Driver/Src/stm32f1xx_hal_rcc.c.o
 .ARM.attributes
                0x0000014c       0x2d CMakeFiles/main.elf.dir/Core/main.c.o
 .ARM.attributes
                0x00000179       0x2d /home/rock/stm32/arm-gnu-toolchain-15.2.rel1-aarch64-arm-none-eabi/bin/../lib/gcc/arm-none-eabi/15.2.1/../../../../arm-none-eabi/lib/thumb/v7-m/nofp/libg_nano.a(libc_a-memset.o)
 .ARM.attributes
                0x000001a6       0x2d /home/rock/stm32/arm-gnu-toolchain-15.2.rel1-aarch64-arm-none-eabi/bin/../lib/gcc/arm-none-eabi/15.2.1/../../../../arm-none-eabi/lib/thumb/v7-m/nofp/libg_nano.a(libc_a-init.o)
 .ARM.attributes
                0x000001d3       0x2d /home/rock/stm32/arm-gnu-toolchain-15.2.rel1-aarch64-arm-none-eabi/bin/../lib/gcc/arm-none-eabi/15.2.1/thumb/v7-m/nofp/crtend.o
 .ARM.attributes
                0x00000200       0x1d /home/rock/stm32/arm-gnu-toolchain-15.2.rel1-aarch64-arm-none-eabi/bin/../lib/gcc/arm-none-eabi/15.2.1/thumb/v7-m/nofp/crtn.o
OUTPUT(main.elf elf32-littlearm)
LOAD linker stubs
LOAD /home/rock/stm32/arm-gnu-toolchain-15.2.rel1-aarch64-arm-none-eabi/bin/../lib/gcc/arm-none-eabi/15.2.1/../../../../arm-none-eabi/lib/thumb/v7-m/nofp/libc.a
LOAD /home/rock/stm32/arm-gnu-toolchain-15.2.rel1-aarch64-arm-none-eabi/bin/../lib/gcc/arm-none-eabi/15.2.1/../../../../arm-none-eabi/lib/thumb/v7-m/nofp/libm.a
LOAD /home/rock/stm32/arm-gnu-toolchain-15.2.rel1-aarch64-arm-none-eabi/bin/../lib/gcc/arm-none-eabi/15.2.1/thumb/v7-m/nofp/libgcc.a

.debug_line     0x00000000     0x258d
 .debug_line    0x00000000       0x78 CMakeFiles/main.elf.dir/startup/startup_stm32f103xb.s.o
 .debug_line    0x00000078      0x256 CMakeFiles/main.elf.dir/Core/system_stm32f1xx.c.o
 .debug_line    0x000002ce      0x5ce CMakeFiles/main.elf.dir/home/rock/stm32/STM32CubeF1/Drivers/STM32F1xx_HAL_Driver/Src/stm32f1xx_hal.c.o
 .debug_line    0x0000089c      0x6fd CMakeFiles/main.elf.dir/home/rock/stm32/STM32CubeF1/Drivers/STM32F1xx_HAL_Driver/Src/stm32f1xx_hal_cortex.c.o
 .debug_line    0x00000f99      0x5d7 CMakeFiles/main.elf.dir/home/rock/stm32/STM32CubeF1/Drivers/STM32F1xx_HAL_Driver/Src/stm32f1xx_hal_gpio.c.o
 .debug_line    0x00001570      0xcf6 CMakeFiles/main.elf.dir/home/rock/stm32/STM32CubeF1/Drivers/STM32F1xx_HAL_Driver/Src/stm32f1xx_hal_rcc.c.o
 .debug_line    0x00002266      0x327 CMakeFiles/main.elf.dir/Core/main.c.o

.debug_line_str
                0x00000000       0x54
 .debug_line_str
                0x00000000       0x54 CMakeFiles/main.elf.dir/startup/startup_stm32f103xb.s.o

.debug_info     0x00000000     0x2ce6
 .debug_info    0x00000000       0x30 CMakeFiles/main.elf.dir/startup/startup_stm32f103xb.s.o
 .debug_info    0x00000030      0x22b CMakeFiles/main.elf.dir/Core/system_stm32f1xx.c.o
 .debug_info    0x0000025b      0x7dd CMakeFiles/main.elf.dir/home/rock/stm32/STM32CubeF1/Drivers/STM32F1xx_HAL_Driver/Src/stm32f1xx_hal.c.o
 .debug_info    0x00000a38      0xcdd CMakeFiles/main.elf.dir/home/rock/stm32/STM32CubeF1/Drivers/STM32F1xx_HAL_Driver/Src/stm32f1xx_hal_cortex.c.o
 .debug_info    0x00001715      0x613 CMakeFiles/main.elf.dir/home/rock/stm32/STM32CubeF1/Drivers/STM32F1xx_HAL_Driver/Src/stm32f1xx_hal_gpio.c.o
 .debug_info    0x00001d28      0xa10 CMakeFiles/main.elf.dir/home/rock/stm32/STM32CubeF1/Drivers/STM32F1xx_HAL_Driver/Src/stm32f1xx_hal_rcc.c.o
 .debug_info    0x00002738      0x5ae CMakeFiles/main.elf.dir/Core/main.c.o

.debug_abbrev   0x00000000      0xe70
 .debug_abbrev  0x00000000       0x24 CMakeFiles/main.elf.dir/startup/startup_stm32f103xb.s.o
 .debug_abbrev  0x00000024      0x149 CMakeFiles/main.elf.dir/Core/system_stm32f1xx.c.o
 .debug_abbrev  0x0000016d      0x276 CMakeFiles/main.elf.dir/home/rock/stm32/STM32CubeF1/Drivers/STM32F1xx_HAL_Driver/Src/stm32f1xx_hal.c.o
 .debug_abbrev  0x000003e3      0x367 CMakeFiles/main.elf.dir/home/rock/stm32/STM32CubeF1/Drivers/STM32F1xx_HAL_Driver/Src/stm32f1xx_hal_cortex.c.o
 .debug_abbrev  0x0000074a      0x204 CMakeFiles/main.elf.dir/home/rock/stm32/STM32CubeF1/Drivers/STM32F1xx_HAL_Driver/Src/stm32f1xx_hal_gpio.c.o
 .debug_abbrev  0x0000094e      0x303 CMakeFiles/main.elf.dir/home/rock/stm32/STM32CubeF1/Drivers/STM32F1xx_HAL_Driver/Src/stm32f1xx_hal_rcc.c.o
 .debug_abbrev  0x00000c51      0x21f CMakeFiles/main.elf.dir/Core/main.c.o

.debug_aranges  0x00000000      0x2c8
 .debug_aranges
                0x00000000       0x28 CMakeFiles/main.elf.dir/startup/startup_stm32f103xb.s.o
 .debug_aranges
                0x00000028       0x28 CMakeFiles/main.elf.dir/Core/system_stm32f1xx.c.o
 .debug_aranges
                0x00000050       0xe0 CMakeFiles/main.elf.dir/home/rock/stm32/STM32CubeF1/Drivers/STM32F1xx_HAL_Driver/Src/stm32f1xx_hal.c.o
 .debug_aranges
                0x00000130       0x90 CMakeFiles/main.elf.dir/home/rock/stm32/STM32CubeF1/Drivers/STM32F1xx_HAL_Driver/Src/stm32f1xx_hal_cortex.c.o
 .debug_aranges
                0x000001c0       0x58 CMakeFiles/main.elf.dir/home/rock/stm32/STM32CubeF1/Drivers/STM32F1xx_HAL_Driver/Src/stm32f1xx_hal_gpio.c.o
 .debug_aranges
                0x00000218       0x88 CMakeFiles/main.elf.dir/home/rock/stm32/STM32CubeF1/Drivers/STM32F1xx_HAL_Driver/Src/stm32f1xx_hal_rcc.c.o
 .debug_aranges
                0x000002a0       0x28 CMakeFiles/main.elf.dir/Core/main.c.o

.debug_str      0x00000000     0x1204
 .debug_str     0x00000000     0x1204 CMakeFiles/main.elf.dir/startup/startup_stm32f103xb.s.o
                                 0x70 (size before relaxing)
 .debug_str     0x00001204        0x0 CMakeFiles/main.elf.dir/Core/system_stm32f1xx.c.o
                                0x217 (size before relaxing)
 .debug_str     0x00001204        0x0 CMakeFiles/main.elf.dir/home/rock/stm32/STM32CubeF1/Drivers/STM32F1xx_HAL_Driver/Src/stm32f1xx_hal.c.o
                                0x806 (size before relaxing)
 .debug_str     0x00001204        0x0 CMakeFiles/main.elf.dir/home/rock/stm32/STM32CubeF1/Drivers/STM32F1xx_HAL_Driver/Src/stm32f1xx_hal_cortex.c.o
                                0x8ab (size before relaxing)
 .debug_str     0x00001204        0x0 CMakeFiles/main.elf.dir/home/rock/stm32/STM32CubeF1/Drivers/STM32F1xx_HAL_Driver/Src/stm32f1xx_hal_gpio.c.o
                                0x3d8 (size before relaxing)
 .debug_str     0x00001204        0x0 CMakeFiles/main.elf.dir/home/rock/stm32/STM32CubeF1/Drivers/STM32F1xx_HAL_Driver/Src/stm32f1xx_hal_rcc.c.o
                                0x603 (size before relaxing)
 .debug_str     0x00001204        0x0 CMakeFiles/main.elf.dir/Core/main.c.o
                                0x429 (size before relaxing)

.debug_rnglists
                0x00000000      0x2b6
 .debug_rnglists
                0x00000000       0x19 CMakeFiles/main.elf.dir/startup/startup_stm32f103xb.s.o
 .debug_rnglists
                0x00000019       0x19 CMakeFiles/main.elf.dir/Core/system_stm32f1xx.c.o
 .debug_rnglists
                0x00000032       0xa3 CMakeFiles/main.elf.dir/home/rock/stm32/STM32CubeF1/Drivers/STM32F1xx_HAL_Driver/Src/stm32f1xx_hal.c.o
 .debug_rnglists
                0x000000d5       0xd9 CMakeFiles/main.elf.dir/home/rock/stm32/STM32CubeF1/Drivers/STM32F1xx_HAL_Driver/Src/stm32f1xx_hal_cortex.c.o
 .debug_rnglists
                0x000001ae       0x51 CMakeFiles/main.elf.dir/home/rock/stm32/STM32CubeF1/Drivers/STM32F1xx_HAL_Driver/Src/stm32f1xx_hal_gpio.c.o
 .debug_rnglists
                0x000001ff       0x85 CMakeFiles/main.elf.dir/home/rock/stm32/STM32CubeF1/Drivers/STM32F1xx_HAL_Driver/Src/stm32f1xx_hal_rcc.c.o
 .debug_rnglists
                0x00000284       0x32 CMakeFiles/main.elf.dir/Core/main.c.o

.debug_loclists
                0x00000000      0xc3a
 .debug_loclists
                0x00000000       0x9f CMakeFiles/main.elf.dir/Core/system_stm32f1xx.c.o
 .debug_loclists
                0x0000009f       0xd5 CMakeFiles/main.elf.dir/home/rock/stm32/STM32CubeF1/Drivers/STM32F1xx_HAL_Driver/Src/stm32f1xx_hal.c.o
 .debug_loclists
                0x00000174      0x409 CMakeFiles/main.elf.dir/home/rock/stm32/STM32CubeF1/Drivers/STM32F1xx_HAL_Driver/Src/stm32f1xx_hal_cortex.c.o
 .debug_loclists
                0x0000057d      0x2a9 CMakeFiles/main.elf.dir/home/rock/stm32/STM32CubeF1/Drivers/STM32F1xx_HAL_Driver/Src/stm32f1xx_hal_gpio.c.o
 .debug_loclists
                0x00000826      0x414 CMakeFiles/main.elf.dir/home/rock/stm32/STM32CubeF1/Drivers/STM32F1xx_HAL_Driver/Src/stm32f1xx_hal_rcc.c.o

.comment        0x00000000       0x45
 .comment       0x00000000       0x45 CMakeFiles/main.elf.dir/Core/system_stm32f1xx.c.o
                                 0x46 (size before relaxing)
 .comment       0x00000045        0x0 CMakeFiles/main.elf.dir/home/rock/stm32/STM32CubeF1/Drivers/STM32F1xx_HAL_Driver/Src/stm32f1xx_hal.c.o
                                 0x46 (size before relaxing)
 .comment       0x00000045        0x0 CMakeFiles/main.elf.dir/home/rock/stm32/STM32CubeF1/Drivers/STM32F1xx_HAL_Driver/Src/stm32f1xx_hal_cortex.c.o
                                 0x46 (size before relaxing)
 .comment       0x00000045        0x0 CMakeFiles/main.elf.dir/home/rock/stm32/STM32CubeF1/Drivers/STM32F1xx_HAL_Driver/Src/stm32f1xx_hal_gpio.c.o
                                 0x46 (size before relaxing)
 .comment       0x00000045        0x0 CMakeFiles/main.elf.dir/home/rock/stm32/STM32CubeF1/Drivers/STM32F1xx_HAL_Driver/Src/stm32f1xx_hal_rcc.c.o
                                 0x46 (size before relaxing)
 .comment       0x00000045        0x0 CMakeFiles/main.elf.dir/Core/main.c.o
                                 0x46 (size before relaxing)

.debug_frame    0x00000000      0x5b8
 .debug_frame   0x00000000       0x30 CMakeFiles/main.elf.dir/Core/system_stm32f1xx.c.o
 .debug_frame   0x00000030      0x1d4 CMakeFiles/main.elf.dir/home/rock/stm32/STM32CubeF1/Drivers/STM32F1xx_HAL_Driver/Src/stm32f1xx_hal.c.o
 .debug_frame   0x00000204      0x120 CMakeFiles/main.elf.dir/home/rock/stm32/STM32CubeF1/Drivers/STM32F1xx_HAL_Driver/Src/stm32f1xx_hal_cortex.c.o
 .debug_frame   0x00000324       0xd4 CMakeFiles/main.elf.dir/home/rock/stm32/STM32CubeF1/Drivers/STM32F1xx_HAL_Driver/Src/stm32f1xx_hal_gpio.c.o
 .debug_frame   0x000003f8      0x13c CMakeFiles/main.elf.dir/home/rock/stm32/STM32CubeF1/Drivers/STM32F1xx_HAL_Driver/Src/stm32f1xx_hal_rcc.c.o
 .debug_frame   0x00000534       0x38 CMakeFiles/main.elf.dir/Core/main.c.o
 .debug_frame   0x0000056c       0x20 /home/rock/stm32/arm-gnu-toolchain-15.2.rel1-aarch64-arm-none-eabi/bin/../lib/gcc/arm-none-eabi/15.2.1/../../../../arm-none-eabi/lib/thumb/v7-m/nofp/libg_nano.a(libc_a-memset.o)
 .debug_frame   0x0000058c       0x2c /home/rock/stm32/arm-gnu-toolchain-15.2.rel1-aarch64-arm-none-eabi/bin/../lib/gcc/arm-none-eabi/15.2.1/../../../../arm-none-eabi/lib/thumb/v7-m/nofp/libg_nano.a(libc_a-init.o)
