The system is: Linux - 6.12.87+rpt-rpi-v8 - aarch64
Compiling the C compiler identification source file "CMakeCCompilerId.c" succeeded.
Compiler: /home/pi/stm32/arm-gnu-toolchain-15.2.rel1-aarch64-arm-none-eabi/bin/arm-none-eabi-gcc 
Build flags: 
Id flags: -c 

The output was:
0


Compilation of the C compiler identification source "CMakeCCompilerId.c" produced "CMakeCCompilerId.o"

The C compiler identification is GNU, found in "/home/pi/stm32/stm32_cmake_template/build/CMakeFiles/3.25.1/CompilerIdC/CMakeCCompilerId.o"

Checking whether the ASM compiler is GNU using "--version" matched "(GNU assembler)|(GCC)|(Free Software Foundation)":
arm-none-eabi-gcc (Arm GNU Toolchain 15.2.Rel1 (Build arm-15.86)) 15.2.1 20251203
Copyright (C) 2025 Free Software Foundation, Inc.
This is free software; see the source for copying conditions.  There is NO
warranty; not even for MERCHANTABILITY or FITNESS FOR A PARTICULAR PURPOSE.

Detecting C compiler ABI info compiled with the following output:
Change Dir: /home/pi/stm32/stm32_cmake_template/build/CMakeFiles/CMakeScratch/TryCompile-Qa2W7K

Run Build Command(s):/usr/bin/gmake -f Makefile cmTC_4a07a/fast && /usr/bin/gmake  -f CMakeFiles/cmTC_4a07a.dir/build.make CMakeFiles/cmTC_4a07a.dir/build
gmake[1]: Entering directory '/home/pi/stm32/stm32_cmake_template/build/CMakeFiles/CMakeScratch/TryCompile-Qa2W7K'
Building C object CMakeFiles/cmTC_4a07a.dir/CMakeCCompilerABI.c.o
/home/pi/stm32/arm-gnu-toolchain-15.2.rel1-aarch64-arm-none-eabi/bin/arm-none-eabi-gcc   -v -o CMakeFiles/cmTC_4a07a.dir/CMakeCCompilerABI.c.o -c /usr/share/cmake-3.25/Modules/CMakeCCompilerABI.c
Using built-in specs.
COLLECT_GCC=/home/pi/stm32/arm-gnu-toolchain-15.2.rel1-aarch64-arm-none-eabi/bin/arm-none-eabi-gcc
Target: arm-none-eabi
Configured with: /tmp/jenkins-e59aa687/workspace/GNU-toolchain/arm-15/src/gcc/configure --target=arm-none-eabi --prefix=/tmp/jenkins-e59aa687/workspace/GNU-toolchain/arm-15/build-arm-none-eabi/install --with-gmp=/tmp/jenkins-e59aa687/workspace/GNU-toolchain/arm-15/build-arm-none-eabi/host-tools --with-mpfr=/tmp/jenkins-e59aa687/workspace/GNU-toolchain/arm-15/build-arm-none-eabi/host-tools --with-mpc=/tmp/jenkins-e59aa687/workspace/GNU-toolchain/arm-15/build-arm-none-eabi/host-tools --with-isl=/tmp/jenkins-e59aa687/workspace/GNU-toolchain/arm-15/build-arm-none-eabi/host-tools --disable-shared --disable-nls --disable-threads --enable-checking=release --enable-languages=c,c++,fortran --with-newlib --with-gnu-as --with-headers=yes --with-gnu-ld --with-native-system-header-dir=/include --with-sysroot=/tmp/jenkins-e59aa687/workspace/GNU-toolchain/arm-15/build-arm-none-eabi/install/arm-none-eabi --with-bugurl=https://gitlab.arm.com/tooling/gnu-devtools-for-arm/-/issues/ --with-multilib-list=aprofile,rmprofile --with-pkgversion='Arm GNU Toolchain 15.2.Rel1 (Build arm-15.86)'
Thread model: single
Supported LTO compression algorithms: zlib zstd
gcc version 15.2.1 20251203 (Arm GNU Toolchain 15.2.Rel1 (Build arm-15.86)) 
COLLECT_GCC_OPTIONS='-v' '-o' 'CMakeFiles/cmTC_4a07a.dir/CMakeCCompilerABI.c.o' '-c' '-mcpu=arm7tdmi' '-mfloat-abi=soft' '-marm' '-mlibarch=armv4t' '-march=armv4t' '-dumpdir' 'CMakeFiles/cmTC_4a07a.dir/'
 /home/pi/stm32/arm-gnu-toolchain-15.2.rel1-aarch64-arm-none-eabi/bin/../libexec/gcc/arm-none-eabi/15.2.1/cc1 -quiet -v -iprefix /home/pi/stm32/arm-gnu-toolchain-15.2.rel1-aarch64-arm-none-eabi/bin/../lib/gcc/arm-none-eabi/15.2.1/ -isysroot /home/pi/stm32/arm-gnu-toolchain-15.2.rel1-aarch64-arm-none-eabi/bin/../arm-none-eabi -D__USES_INITFINI__ /usr/share/cmake-3.25/Modules/CMakeCCompilerABI.c -quiet -dumpdir CMakeFiles/cmTC_4a07a.dir/ -dumpbase CMakeCCompilerABI.c.c -dumpbase-ext .c -mcpu=arm7tdmi -mfloat-abi=soft -marm -mlibarch=armv4t -march=armv4t -version -o /tmp/ccIVHxVp.s
GNU C23 (Arm GNU Toolchain 15.2.Rel1 (Build arm-15.86)) version 15.2.1 20251203 (arm-none-eabi)
	compiled by GNU C version 9.2.1 20191120 (Red Hat 9.2.1-2), GMP version 6.2.1, MPFR version 3.1.6, MPC version 1.0.3, isl version isl-0.15-1-g835ea3a-GMP

GGC heuristics: --param ggc-min-expand=100 --param ggc-min-heapsize=131072
ignoring duplicate directory "/home/pi/stm32/arm-gnu-toolchain-15.2.rel1-aarch64-arm-none-eabi/bin/../lib/gcc/../../lib/gcc/arm-none-eabi/15.2.1/include"
ignoring nonexistent directory "/home/pi/stm32/arm-gnu-toolchain-15.2.rel1-aarch64-arm-none-eabi/bin/../arm-none-eabi/usr/local/include"
ignoring duplicate directory "/home/pi/stm32/arm-gnu-toolchain-15.2.rel1-aarch64-arm-none-eabi/bin/../lib/gcc/../../lib/gcc/arm-none-eabi/15.2.1/include-fixed"
ignoring duplicate directory "/home/pi/stm32/arm-gnu-toolchain-15.2.rel1-aarch64-arm-none-eabi/bin/../lib/gcc/../../lib/gcc/arm-none-eabi/15.2.1/../../../../arm-none-eabi/include"
ignoring duplicate directory "/home/pi/stm32/arm-gnu-toolchain-15.2.rel1-aarch64-arm-none-eabi/bin/../arm-none-eabi/include"
#include "..." search starts here:
#include <...> search starts here:
 /home/pi/stm32/arm-gnu-toolchain-15.2.rel1-aarch64-arm-none-eabi/bin/../lib/gcc/arm-none-eabi/15.2.1/include
 /home/pi/stm32/arm-gnu-toolchain-15.2.rel1-aarch64-arm-none-eabi/bin/../lib/gcc/arm-none-eabi/15.2.1/include-fixed
 /home/pi/stm32/arm-gnu-toolchain-15.2.rel1-aarch64-arm-none-eabi/bin/../lib/gcc/arm-none-eabi/15.2.1/../../../../arm-none-eabi/include
End of search list.
Compiler executable checksum: 0a9562059bfb6b8587709d36b07b1e69
COLLECT_GCC_OPTIONS='-v' '-o' 'CMakeFiles/cmTC_4a07a.dir/CMakeCCompilerABI.c.o' '-c' '-mcpu=arm7tdmi' '-mfloat-abi=soft' '-marm' '-mlibarch=armv4t' '-march=armv4t' '-dumpdir' 'CMakeFiles/cmTC_4a07a.dir/'
 /home/pi/stm32/arm-gnu-toolchain-15.2.rel1-aarch64-arm-none-eabi/bin/../lib/gcc/arm-none-eabi/15.2.1/../../../../arm-none-eabi/bin/as -v -march=armv4t -mfloat-abi=soft -meabi=5 -o CMakeFiles/cmTC_4a07a.dir/CMakeCCompilerABI.c.o /tmp/ccIVHxVp.s
GNU assembler version 2.45.1 (arm-none-eabi) using BFD version (Arm GNU Toolchain 15.2.Rel1 (Build arm-15.86)) 2.45.1.20251203
COMPILER_PATH=/home/pi/stm32/arm-gnu-toolchain-15.2.rel1-aarch64-arm-none-eabi/bin/../libexec/gcc/arm-none-eabi/15.2.1/:/home/pi/stm32/arm-gnu-toolchain-15.2.rel1-aarch64-arm-none-eabi/bin/../libexec/gcc/:/home/pi/stm32/arm-gnu-toolchain-15.2.rel1-aarch64-arm-none-eabi/bin/../lib/gcc/arm-none-eabi/15.2.1/../../../../arm-none-eabi/bin/
LIBRARY_PATH=/home/pi/stm32/arm-gnu-toolchain-15.2.rel1-aarch64-arm-none-eabi/bin/../lib/gcc/arm-none-eabi/15.2.1/:/home/pi/stm32/arm-gnu-toolchain-15.2.rel1-aarch64-arm-none-eabi/bin/../lib/gcc/:/home/pi/stm32/arm-gnu-toolchain-15.2.rel1-aarch64-arm-none-eabi/bin/../lib/gcc/arm-none-eabi/15.2.1/../../../../arm-none-eabi/lib/:/home/pi/stm32/arm-gnu-toolchain-15.2.rel1-aarch64-arm-none-eabi/bin/../arm-none-eabi/lib/
COLLECT_GCC_OPTIONS='-v' '-o' 'CMakeFiles/cmTC_4a07a.dir/CMakeCCompilerABI.c.o' '-c' '-mcpu=arm7tdmi' '-mfloat-abi=soft' '-marm' '-mlibarch=armv4t' '-march=armv4t' '-dumpdir' 'CMakeFiles/cmTC_4a07a.dir/CMakeCCompilerABI.c.'
Linking C static library libcmTC_4a07a.a
/usr/bin/cmake -P CMakeFiles/cmTC_4a07a.dir/cmake_clean_target.cmake
/usr/bin/cmake -E cmake_link_script CMakeFiles/cmTC_4a07a.dir/link.txt --verbose=1
/home/pi/stm32/arm-gnu-toolchain-15.2.rel1-aarch64-arm-none-eabi/bin/arm-none-eabi-ar qc libcmTC_4a07a.a CMakeFiles/cmTC_4a07a.dir/CMakeCCompilerABI.c.o
/home/pi/stm32/arm-gnu-toolchain-15.2.rel1-aarch64-arm-none-eabi/bin/arm-none-eabi-ranlib libcmTC_4a07a.a
gmake[1]: Leaving directory '/home/pi/stm32/stm32_cmake_template/build/CMakeFiles/CMakeScratch/TryCompile-Qa2W7K'



Parsed C implicit include dir info from above output: rv=done
  found start of include info
  found start of implicit include info
    add: [/home/pi/stm32/arm-gnu-toolchain-15.2.rel1-aarch64-arm-none-eabi/bin/../lib/gcc/arm-none-eabi/15.2.1/include]
    add: [/home/pi/stm32/arm-gnu-toolchain-15.2.rel1-aarch64-arm-none-eabi/bin/../lib/gcc/arm-none-eabi/15.2.1/include-fixed]
    add: [/home/pi/stm32/arm-gnu-toolchain-15.2.rel1-aarch64-arm-none-eabi/bin/../lib/gcc/arm-none-eabi/15.2.1/../../../../arm-none-eabi/include]
  end of search list found
  collapse include dir [/home/pi/stm32/arm-gnu-toolchain-15.2.rel1-aarch64-arm-none-eabi/bin/../lib/gcc/arm-none-eabi/15.2.1/include] ==> [/home/pi/stm32/arm-gnu-toolchain-15.2.rel1-aarch64-arm-none-eabi/lib/gcc/arm-none-eabi/15.2.1/include]
  collapse include dir [/home/pi/stm32/arm-gnu-toolchain-15.2.rel1-aarch64-arm-none-eabi/bin/../lib/gcc/arm-none-eabi/15.2.1/include-fixed] ==> [/home/pi/stm32/arm-gnu-toolchain-15.2.rel1-aarch64-arm-none-eabi/lib/gcc/arm-none-eabi/15.2.1/include-fixed]
  collapse include dir [/home/pi/stm32/arm-gnu-toolchain-15.2.rel1-aarch64-arm-none-eabi/bin/../lib/gcc/arm-none-eabi/15.2.1/../../../../arm-none-eabi/include] ==> [/home/pi/stm32/arm-gnu-toolchain-15.2.rel1-aarch64-arm-none-eabi/arm-none-eabi/include]
  implicit include dirs: [/home/pi/stm32/arm-gnu-toolchain-15.2.rel1-aarch64-arm-none-eabi/lib/gcc/arm-none-eabi/15.2.1/include;/home/pi/stm32/arm-gnu-toolchain-15.2.rel1-aarch64-arm-none-eabi/lib/gcc/arm-none-eabi/15.2.1/include-fixed;/home/pi/stm32/arm-gnu-toolchain-15.2.rel1-aarch64-arm-none-eabi/arm-none-eabi/include]


Parsed C implicit link information from above output:
  link line regex: [^( *|.*[/\])(arm-none-eabi-ld|CMAKE_LINK_STARTFILE-NOTFOUND|([^/\]+-)?ld|collect2)[^/\]*( |$)]
  ignore line: [Change Dir: /home/pi/stm32/stm32_cmake_template/build/CMakeFiles/CMakeScratch/TryCompile-Qa2W7K]
  ignore line: []
  ignore line: [Run Build Command(s):/usr/bin/gmake -f Makefile cmTC_4a07a/fast && /usr/bin/gmake  -f CMakeFiles/cmTC_4a07a.dir/build.make CMakeFiles/cmTC_4a07a.dir/build]
  ignore line: [gmake[1]: Entering directory '/home/pi/stm32/stm32_cmake_template/build/CMakeFiles/CMakeScratch/TryCompile-Qa2W7K']
  ignore line: [Building C object CMakeFiles/cmTC_4a07a.dir/CMakeCCompilerABI.c.o]
  ignore line: [/home/pi/stm32/arm-gnu-toolchain-15.2.rel1-aarch64-arm-none-eabi/bin/arm-none-eabi-gcc   -v -o CMakeFiles/cmTC_4a07a.dir/CMakeCCompilerABI.c.o -c /usr/share/cmake-3.25/Modules/CMakeCCompilerABI.c]
  ignore line: [Using built-in specs.]
  ignore line: [COLLECT_GCC=/home/pi/stm32/arm-gnu-toolchain-15.2.rel1-aarch64-arm-none-eabi/bin/arm-none-eabi-gcc]
  ignore line: [Target: arm-none-eabi]
  ignore line: [Configured with: /tmp/jenkins-e59aa687/workspace/GNU-toolchain/arm-15/src/gcc/configure --target=arm-none-eabi --prefix=/tmp/jenkins-e59aa687/workspace/GNU-toolchain/arm-15/build-arm-none-eabi/install --with-gmp=/tmp/jenkins-e59aa687/workspace/GNU-toolchain/arm-15/build-arm-none-eabi/host-tools --with-mpfr=/tmp/jenkins-e59aa687/workspace/GNU-toolchain/arm-15/build-arm-none-eabi/host-tools --with-mpc=/tmp/jenkins-e59aa687/workspace/GNU-toolchain/arm-15/build-arm-none-eabi/host-tools --with-isl=/tmp/jenkins-e59aa687/workspace/GNU-toolchain/arm-15/build-arm-none-eabi/host-tools --disable-shared --disable-nls --disable-threads --enable-checking=release --enable-languages=c,c++,fortran --with-newlib --with-gnu-as --with-headers=yes --with-gnu-ld --with-native-system-header-dir=/include --with-sysroot=/tmp/jenkins-e59aa687/workspace/GNU-toolchain/arm-15/build-arm-none-eabi/install/arm-none-eabi --with-bugurl=https://gitlab.arm.com/tooling/gnu-devtools-for-arm/-/issues/ --with-multilib-list=aprofile,rmprofile --with-pkgversion='Arm GNU Toolchain 15.2.Rel1 (Build arm-15.86)']
  ignore line: [Thread model: single]
  ignore line: [Supported LTO compression algorithms: zlib zstd]
  ignore line: [gcc version 15.2.1 20251203 (Arm GNU Toolchain 15.2.Rel1 (Build arm-15.86)) ]
  ignore line: [COLLECT_GCC_OPTIONS='-v' '-o' 'CMakeFiles/cmTC_4a07a.dir/CMakeCCompilerABI.c.o' '-c' '-mcpu=arm7tdmi' '-mfloat-abi=soft' '-marm' '-mlibarch=armv4t' '-march=armv4t' '-dumpdir' 'CMakeFiles/cmTC_4a07a.dir/']
  ignore line: [ /home/pi/stm32/arm-gnu-toolchain-15.2.rel1-aarch64-arm-none-eabi/bin/../libexec/gcc/arm-none-eabi/15.2.1/cc1 -quiet -v -iprefix /home/pi/stm32/arm-gnu-toolchain-15.2.rel1-aarch64-arm-none-eabi/bin/../lib/gcc/arm-none-eabi/15.2.1/ -isysroot /home/pi/stm32/arm-gnu-toolchain-15.2.rel1-aarch64-arm-none-eabi/bin/../arm-none-eabi -D__USES_INITFINI__ /usr/share/cmake-3.25/Modules/CMakeCCompilerABI.c -quiet -dumpdir CMakeFiles/cmTC_4a07a.dir/ -dumpbase CMakeCCompilerABI.c.c -dumpbase-ext .c -mcpu=arm7tdmi -mfloat-abi=soft -marm -mlibarch=armv4t -march=armv4t -version -o /tmp/ccIVHxVp.s]
  ignore line: [GNU C23 (Arm GNU Toolchain 15.2.Rel1 (Build arm-15.86)) version 15.2.1 20251203 (arm-none-eabi)]
  ignore line: [	compiled by GNU C version 9.2.1 20191120 (Red Hat 9.2.1-2)  GMP version 6.2.1  MPFR version 3.1.6  MPC version 1.0.3  isl version isl-0.15-1-g835ea3a-GMP]
  ignore line: []
  ignore line: [GGC heuristics: --param ggc-min-expand=100 --param ggc-min-heapsize=131072]
  ignore line: [ignoring duplicate directory "/home/pi/stm32/arm-gnu-toolchain-15.2.rel1-aarch64-arm-none-eabi/bin/../lib/gcc/../../lib/gcc/arm-none-eabi/15.2.1/include"]
  ignore line: [ignoring nonexistent directory "/home/pi/stm32/arm-gnu-toolchain-15.2.rel1-aarch64-arm-none-eabi/bin/../arm-none-eabi/usr/local/include"]
  ignore line: [ignoring duplicate directory "/home/pi/stm32/arm-gnu-toolchain-15.2.rel1-aarch64-arm-none-eabi/bin/../lib/gcc/../../lib/gcc/arm-none-eabi/15.2.1/include-fixed"]
  ignore line: [ignoring duplicate directory "/home/pi/stm32/arm-gnu-toolchain-15.2.rel1-aarch64-arm-none-eabi/bin/../lib/gcc/../../lib/gcc/arm-none-eabi/15.2.1/../../../../arm-none-eabi/include"]
  ignore line: [ignoring duplicate directory "/home/pi/stm32/arm-gnu-toolchain-15.2.rel1-aarch64-arm-none-eabi/bin/../arm-none-eabi/include"]
  ignore line: [#include "..." search starts here:]
  ignore line: [#include <...> search starts here:]
  ignore line: [ /home/pi/stm32/arm-gnu-toolchain-15.2.rel1-aarch64-arm-none-eabi/bin/../lib/gcc/arm-none-eabi/15.2.1/include]
  ignore line: [ /home/pi/stm32/arm-gnu-toolchain-15.2.rel1-aarch64-arm-none-eabi/bin/../lib/gcc/arm-none-eabi/15.2.1/include-fixed]
  ignore line: [ /home/pi/stm32/arm-gnu-toolchain-15.2.rel1-aarch64-arm-none-eabi/bin/../lib/gcc/arm-none-eabi/15.2.1/../../../../arm-none-eabi/include]
  ignore line: [End of search list.]
  ignore line: [Compiler executable checksum: 0a9562059bfb6b8587709d36b07b1e69]
  ignore line: [COLLECT_GCC_OPTIONS='-v' '-o' 'CMakeFiles/cmTC_4a07a.dir/CMakeCCompilerABI.c.o' '-c' '-mcpu=arm7tdmi' '-mfloat-abi=soft' '-marm' '-mlibarch=armv4t' '-march=armv4t' '-dumpdir' 'CMakeFiles/cmTC_4a07a.dir/']
  ignore line: [ /home/pi/stm32/arm-gnu-toolchain-15.2.rel1-aarch64-arm-none-eabi/bin/../lib/gcc/arm-none-eabi/15.2.1/../../../../arm-none-eabi/bin/as -v -march=armv4t -mfloat-abi=soft -meabi=5 -o CMakeFiles/cmTC_4a07a.dir/CMakeCCompilerABI.c.o /tmp/ccIVHxVp.s]
  ignore line: [GNU assembler version 2.45.1 (arm-none-eabi) using BFD version (Arm GNU Toolchain 15.2.Rel1 (Build arm-15.86)) 2.45.1.20251203]
  ignore line: [COMPILER_PATH=/home/pi/stm32/arm-gnu-toolchain-15.2.rel1-aarch64-arm-none-eabi/bin/../libexec/gcc/arm-none-eabi/15.2.1/:/home/pi/stm32/arm-gnu-toolchain-15.2.rel1-aarch64-arm-none-eabi/bin/../libexec/gcc/:/home/pi/stm32/arm-gnu-toolchain-15.2.rel1-aarch64-arm-none-eabi/bin/../lib/gcc/arm-none-eabi/15.2.1/../../../../arm-none-eabi/bin/]
  ignore line: [LIBRARY_PATH=/home/pi/stm32/arm-gnu-toolchain-15.2.rel1-aarch64-arm-none-eabi/bin/../lib/gcc/arm-none-eabi/15.2.1/:/home/pi/stm32/arm-gnu-toolchain-15.2.rel1-aarch64-arm-none-eabi/bin/../lib/gcc/:/home/pi/stm32/arm-gnu-toolchain-15.2.rel1-aarch64-arm-none-eabi/bin/../lib/gcc/arm-none-eabi/15.2.1/../../../../arm-none-eabi/lib/:/home/pi/stm32/arm-gnu-toolchain-15.2.rel1-aarch64-arm-none-eabi/bin/../arm-none-eabi/lib/]
  ignore line: [COLLECT_GCC_OPTIONS='-v' '-o' 'CMakeFiles/cmTC_4a07a.dir/CMakeCCompilerABI.c.o' '-c' '-mcpu=arm7tdmi' '-mfloat-abi=soft' '-marm' '-mlibarch=armv4t' '-march=armv4t' '-dumpdir' 'CMakeFiles/cmTC_4a07a.dir/CMakeCCompilerABI.c.']
  ignore line: [Linking C static library libcmTC_4a07a.a]
  ignore line: [/usr/bin/cmake -P CMakeFiles/cmTC_4a07a.dir/cmake_clean_target.cmake]
  ignore line: [/usr/bin/cmake -E cmake_link_script CMakeFiles/cmTC_4a07a.dir/link.txt --verbose=1]
  ignore line: [/home/pi/stm32/arm-gnu-toolchain-15.2.rel1-aarch64-arm-none-eabi/bin/arm-none-eabi-ar qc libcmTC_4a07a.a CMakeFiles/cmTC_4a07a.dir/CMakeCCompilerABI.c.o]
  ignore line: [/home/pi/stm32/arm-gnu-toolchain-15.2.rel1-aarch64-arm-none-eabi/bin/arm-none-eabi-ranlib libcmTC_4a07a.a]
  ignore line: [gmake[1]: Leaving directory '/home/pi/stm32/stm32_cmake_template/build/CMakeFiles/CMakeScratch/TryCompile-Qa2W7K']
  ignore line: []
  ignore line: []
  implicit libs: []
  implicit objs: []
  implicit dirs: []
  implicit fwks: []


